[32m2026-04-06 12:17:48 +0000[0m - dagster - [34mDEBUG[0m - __ASSET_JOB - 5e21d232-2c78-418c-995d-4a7e4a50153a - 766494 - LOGS_CAPTURED - Started capturing logs in process (pid: 766494).
[32m2026-04-06 12:17:48 +0000[0m - dagster - [34mDEBUG[0m - __ASSET_JOB - 5e21d232-2c78-418c-995d-4a7e4a50153a - 766494 - dbt_staging - STEP_START - Started execution of step "dbt_staging".
[32m2026-04-06 12:17:48 +0000[0m - dagster - [34mINFO[0m - __ASSET_JOB - 5e21d232-2c78-418c-995d-4a7e4a50153a - dbt_staging - A dbt subsetted execution is not being performed. Using the default dbt selection arguments `['--select', 'staging.*']`.
[32m2026-04-06 12:17:52 +0000[0m - dagster - [34mINFO[0m - __ASSET_JOB - 5e21d232-2c78-418c-995d-4a7e4a50153a - dbt_staging - Copying `/home/dksan/code/data-engineer/dagster-mflix/mflix_snowflake/target/partial_parse.msgpack` to `/home/dksan/code/data-engineer/dagster-mflix/mflix_snowflake/target/dbt_staging-5e21d23-29e5d21/partial_parse.msgpack` to take advantage of partial parsing.
[32m2026-04-06 12:17:52 +0000[0m - dagster - [34mINFO[0m - __ASSET_JOB - 5e21d232-2c78-418c-995d-4a7e4a50153a - dbt_staging - Running dbt command: `/home/dksan/code/data-engineer/dagster-mflix/.venv/bin/dbt run --select staging.*`.
[32m2026-04-06 12:18:06 +0000[0m - dagster - [34mDEBUG[0m - __ASSET_JOB - 5e21d232-2c78-418c-995d-4a7e4a50153a - 766494 - dbt_staging - STEP_OUTPUT - Yielded output "stg_comments" of type "Nothing". (Type check passed).
[32m2026-04-06 12:18:06 +0000[0m - dagster - [34mDEBUG[0m - __ASSET_JOB - 5e21d232-2c78-418c-995d-4a7e4a50153a - 766494 - dbt_staging - ASSET_MATERIALIZATION - Materialized value stg_comments.
[32m2026-04-06 12:18:10 +0000[0m - dagster - [34mDEBUG[0m - __ASSET_JOB - 5e21d232-2c78-418c-995d-4a7e4a50153a - 766494 - dbt_staging - STEP_OUTPUT - Yielded output "stg_embedded_movies" of type "Nothing". (Type check passed).
[32m2026-04-06 12:18:10 +0000[0m - dagster - [34mDEBUG[0m - __ASSET_JOB - 5e21d232-2c78-418c-995d-4a7e4a50153a - 766494 - dbt_staging - ASSET_MATERIALIZATION - Materialized value stg_embedded_movies.
[32m2026-04-06 12:18:11 +0000[0m - dagster - [34mDEBUG[0m - __ASSET_JOB - 5e21d232-2c78-418c-995d-4a7e4a50153a - 766494 - dbt_staging - STEP_OUTPUT - Yielded output "stg_movie_cast" of type "Nothing". (Type check passed).
[32m2026-04-06 12:18:11 +0000[0m - dagster - [34mDEBUG[0m - __ASSET_JOB - 5e21d232-2c78-418c-995d-4a7e4a50153a - 766494 - dbt_staging - ASSET_MATERIALIZATION - Materialized value stg_movie_cast.
[32m2026-04-06 12:18:15 +0000[0m - dagster - [34mDEBUG[0m - __ASSET_JOB - 5e21d232-2c78-418c-995d-4a7e4a50153a - 766494 - dbt_staging - STEP_OUTPUT - Yielded output "stg_movie_countries" of type "Nothing". (Type check passed).
[32m2026-04-06 12:18:15 +0000[0m - dagster - [34mDEBUG[0m - __ASSET_JOB - 5e21d232-2c78-418c-995d-4a7e4a50153a - 766494 - dbt_staging - ASSET_MATERIALIZATION - Materialized value stg_movie_countries.
[32m2026-04-06 12:18:18 +0000[0m - dagster - [34mDEBUG[0m - __ASSET_JOB - 5e21d232-2c78-418c-995d-4a7e4a50153a - 766494 - dbt_staging - STEP_OUTPUT - Yielded output "stg_movie_directors" of type "Nothing". (Type check passed).
[32m2026-04-06 12:18:18 +0000[0m - dagster - [34mDEBUG[0m - __ASSET_JOB - 5e21d232-2c78-418c-995d-4a7e4a50153a - 766494 - dbt_staging - ASSET_MATERIALIZATION - Materialized value stg_movie_directors.
[32m2026-04-06 12:18:22 +0000[0m - dagster - [34mDEBUG[0m - __ASSET_JOB - 5e21d232-2c78-418c-995d-4a7e4a50153a - 766494 - dbt_staging - STEP_OUTPUT - Yielded output "stg_movie_genres" of type "Nothing". (Type check passed).
[32m2026-04-06 12:18:22 +0000[0m - dagster - [34mDEBUG[0m - __ASSET_JOB - 5e21d232-2c78-418c-995d-4a7e4a50153a - 766494 - dbt_staging - ASSET_MATERIALIZATION - Materialized value stg_movie_genres.
[32m2026-04-06 12:18:25 +0000[0m - dagster - [34mDEBUG[0m - __ASSET_JOB - 5e21d232-2c78-418c-995d-4a7e4a50153a - 766494 - dbt_staging - STEP_OUTPUT - Yielded output "stg_movie_languages" of type "Nothing". (Type check passed).
[32m2026-04-06 12:18:25 +0000[0m - dagster - [34mDEBUG[0m - __ASSET_JOB - 5e21d232-2c78-418c-995d-4a7e4a50153a - 766494 - dbt_staging - ASSET_MATERIALIZATION - Materialized value stg_movie_languages.
[32m2026-04-06 12:18:38 +0000[0m - dagster - [34mDEBUG[0m - __ASSET_JOB - 5e21d232-2c78-418c-995d-4a7e4a50153a - 766494 - dbt_staging - STEP_OUTPUT - Yielded output "stg_movie_writers" of type "Nothing". (Type check passed).
[32m2026-04-06 12:18:38 +0000[0m - dagster - [34mDEBUG[0m - __ASSET_JOB - 5e21d232-2c78-418c-995d-4a7e4a50153a - 766494 - dbt_staging - ASSET_MATERIALIZATION - Materialized value stg_movie_writers.
[32m2026-04-06 12:18:38 +0000[0m - dagster - [34mINFO[0m - __ASSET_JOB - 5e21d232-2c78-418c-995d-4a7e4a50153a - dbt_staging - Finished dbt command: `/home/dksan/code/data-engineer/dagster-mflix/.venv/bin/dbt run --select staging.*`.
[32m2026-04-06 12:18:38 +0000[0m - dagster - [34mDEBUG[0m - __ASSET_JOB - 5e21d232-2c78-418c-995d-4a7e4a50153a - 766494 - dbt_staging - STEP_SUCCESS - Finished execution of step "dbt_staging" in 52.81s.
