[32m2026-04-06 12:19:11 +0000[0m - dagster - [34mDEBUG[0m - __ASSET_JOB - 5e21d232-2c78-418c-995d-4a7e4a50153a - 770633 - LOGS_CAPTURED - Started capturing logs in process (pid: 770633).
[32m2026-04-06 12:19:11 +0000[0m - dagster - [34mDEBUG[0m - __ASSET_JOB - 5e21d232-2c78-418c-995d-4a7e4a50153a - 770633 - dbt_marts - STEP_START - Started execution of step "dbt_marts".
[32m2026-04-06 12:19:11 +0000[0m - dagster - [34mINFO[0m - __ASSET_JOB - 5e21d232-2c78-418c-995d-4a7e4a50153a - dbt_marts - A dbt subsetted execution is not being performed. Using the default dbt selection arguments `['--select', 'marts.*']`.
[32m2026-04-06 12:19:12 +0000[0m - dagster - [34mINFO[0m - __ASSET_JOB - 5e21d232-2c78-418c-995d-4a7e4a50153a - dbt_marts - Copying `/home/dksan/code/data-engineer/dagster-mflix/mflix_snowflake/target/partial_parse.msgpack` to `/home/dksan/code/data-engineer/dagster-mflix/mflix_snowflake/target/dbt_marts-5e21d23-577b5c5/partial_parse.msgpack` to take advantage of partial parsing.
[32m2026-04-06 12:19:12 +0000[0m - dagster - [34mINFO[0m - __ASSET_JOB - 5e21d232-2c78-418c-995d-4a7e4a50153a - dbt_marts - Running dbt command: `/home/dksan/code/data-engineer/dagster-mflix/.venv/bin/dbt run --select marts.*`.
[32m2026-04-06 12:19:25 +0000[0m - dagster - [34mDEBUG[0m - __ASSET_JOB - 5e21d232-2c78-418c-995d-4a7e4a50153a - 770633 - dbt_marts - STEP_OUTPUT - Yielded output "agg_top_movies_by_month" of type "Nothing". (Type check passed).
[32m2026-04-06 12:19:25 +0000[0m - dagster - [34mDEBUG[0m - __ASSET_JOB - 5e21d232-2c78-418c-995d-4a7e4a50153a - 770633 - dbt_marts - ASSET_MATERIALIZATION - Materialized value agg_top_movies_by_month.
[32m2026-04-06 12:19:29 +0000[0m - dagster - [34mDEBUG[0m - __ASSET_JOB - 5e21d232-2c78-418c-995d-4a7e4a50153a - 770633 - dbt_marts - STEP_OUTPUT - Yielded output "dim_cast" of type "Nothing". (Type check passed).
[32m2026-04-06 12:19:29 +0000[0m - dagster - [34mDEBUG[0m - __ASSET_JOB - 5e21d232-2c78-418c-995d-4a7e4a50153a - 770633 - dbt_marts - ASSET_MATERIALIZATION - Materialized value dim_cast.
[32m2026-04-06 12:19:33 +0000[0m - dagster - [34mDEBUG[0m - __ASSET_JOB - 5e21d232-2c78-418c-995d-4a7e4a50153a - 770633 - dbt_marts - STEP_OUTPUT - Yielded output "dim_countries" of type "Nothing". (Type check passed).
[32m2026-04-06 12:19:33 +0000[0m - dagster - [34mDEBUG[0m - __ASSET_JOB - 5e21d232-2c78-418c-995d-4a7e4a50153a - 770633 - dbt_marts - ASSET_MATERIALIZATION - Materialized value dim_countries.
[32m2026-04-06 12:19:37 +0000[0m - dagster - [34mDEBUG[0m - __ASSET_JOB - 5e21d232-2c78-418c-995d-4a7e4a50153a - 770633 - dbt_marts - STEP_OUTPUT - Yielded output "dim_directors" of type "Nothing". (Type check passed).
[32m2026-04-06 12:19:37 +0000[0m - dagster - [34mDEBUG[0m - __ASSET_JOB - 5e21d232-2c78-418c-995d-4a7e4a50153a - 770633 - dbt_marts - ASSET_MATERIALIZATION - Materialized value dim_directors.
[32m2026-04-06 12:19:41 +0000[0m - dagster - [34mDEBUG[0m - __ASSET_JOB - 5e21d232-2c78-418c-995d-4a7e4a50153a - 770633 - dbt_marts - STEP_OUTPUT - Yielded output "dim_genres" of type "Nothing". (Type check passed).
[32m2026-04-06 12:19:41 +0000[0m - dagster - [34mDEBUG[0m - __ASSET_JOB - 5e21d232-2c78-418c-995d-4a7e4a50153a - 770633 - dbt_marts - ASSET_MATERIALIZATION - Materialized value dim_genres.
[32m2026-04-06 12:19:42 +0000[0m - dagster - [34mDEBUG[0m - __ASSET_JOB - 5e21d232-2c78-418c-995d-4a7e4a50153a - 770633 - dbt_marts - STEP_OUTPUT - Yielded output "dim_languages" of type "Nothing". (Type check passed).
[32m2026-04-06 12:19:42 +0000[0m - dagster - [34mDEBUG[0m - __ASSET_JOB - 5e21d232-2c78-418c-995d-4a7e4a50153a - 770633 - dbt_marts - ASSET_MATERIALIZATION - Materialized value dim_languages.
[32m2026-04-06 12:19:48 +0000[0m - dagster - [34mDEBUG[0m - __ASSET_JOB - 5e21d232-2c78-418c-995d-4a7e4a50153a - 770633 - dbt_marts - STEP_OUTPUT - Yielded output "dim_movies" of type "Nothing". (Type check passed).
[32m2026-04-06 12:19:48 +0000[0m - dagster - [34mDEBUG[0m - __ASSET_JOB - 5e21d232-2c78-418c-995d-4a7e4a50153a - 770633 - dbt_marts - ASSET_MATERIALIZATION - Materialized value dim_movies.
[32m2026-04-06 12:19:53 +0000[0m - dagster - [34mDEBUG[0m - __ASSET_JOB - 5e21d232-2c78-418c-995d-4a7e4a50153a - 770633 - dbt_marts - STEP_OUTPUT - Yielded output "dim_writers" of type "Nothing". (Type check passed).
[32m2026-04-06 12:19:53 +0000[0m - dagster - [34mDEBUG[0m - __ASSET_JOB - 5e21d232-2c78-418c-995d-4a7e4a50153a - 770633 - dbt_marts - ASSET_MATERIALIZATION - Materialized value dim_writers.
[32m2026-04-06 12:19:59 +0000[0m - dagster - [34mDEBUG[0m - __ASSET_JOB - 5e21d232-2c78-418c-995d-4a7e4a50153a - 770633 - dbt_marts - STEP_OUTPUT - Yielded output "fct_movie_engagement" of type "Nothing". (Type check passed).
[32m2026-04-06 12:19:59 +0000[0m - dagster - [34mDEBUG[0m - __ASSET_JOB - 5e21d232-2c78-418c-995d-4a7e4a50153a - 770633 - dbt_marts - ASSET_MATERIALIZATION - Materialized value fct_movie_engagement.
[32m2026-04-06 12:19:59 +0000[0m - dagster - [34mINFO[0m - __ASSET_JOB - 5e21d232-2c78-418c-995d-4a7e4a50153a - dbt_marts - Finished dbt command: `/home/dksan/code/data-engineer/dagster-mflix/.venv/bin/dbt run --select marts.*`.
[32m2026-04-06 12:19:59 +0000[0m - dagster - [34mINFO[0m - __ASSET_JOB - 5e21d232-2c78-418c-995d-4a7e4a50153a - dbt_marts - op 'dbt_marts' did not yield or return expected outputs {'dim_movies_not_null_dim_movies_movie_id', 'fct_movie_engagement_relationships_fct_movie_engagement_primary_writer_id__writer_id__ref_dim_writers_', 'dim_directors_not_null_dim_directors_director_id', 'dim_cast_not_null_dim_cast_cast_id', 'dim_countries_not_null_dim_countries_country_id', 'fct_movie_engagement_relationships_fct_movie_engagement_primary_genre_id__genre_id__ref_dim_genres_', 'dim_languages_not_null_dim_languages_language_id', 'fct_movie_engagement_relationships_fct_movie_engagement_primary_country_id__country_id__ref_dim_countries_', 'dim_cast_not_null_dim_cast_cast_name', 'dim_genres_not_null_dim_genres_genre_name', 'dim_countries_unique_dim_countries_country_id', 'dim_languages_unique_dim_languages_language_id', 'dim_writers_unique_dim_writers_writer_id', 'dim_directors_not_null_dim_directors_director_name', 'dim_languages_not_null_dim_languages_language_name', 'dim_movies_unique_dim_movies_movie_id', 'dim_genres_not_null_dim_genres_genre_id', 'fct_movie_engagement_relationships_fct_movie_engagement_primary_director_id__director_id__ref_dim_directors_', 'dim_writers_not_null_dim_writers_writer_name', 'dim_directors_unique_dim_directors_director_id', 'dim_writers_not_null_dim_writers_writer_id', 'fct_movie_engagement_not_null_fct_movie_engagement_movie_id', 'fct_movie_engagement_relationships_fct_movie_engagement_primary_language_id__language_id__ref_dim_languages_', 'dim_genres_unique_dim_genres_genre_id', 'dim_cast_unique_dim_cast_cast_id', 'dim_countries_not_null_dim_countries_country_name', 'agg_top_movies_by_month_not_null_agg_top_movies_by_month_month_start'}.
[32m2026-04-06 12:19:59 +0000[0m - dagster - [34mDEBUG[0m - __ASSET_JOB - 5e21d232-2c78-418c-995d-4a7e4a50153a - 770633 - dbt_marts - STEP_SUCCESS - Finished execution of step "dbt_marts" in 53.34s.
