[32m2026-04-05 08:09:10 +0000[0m - dagster - [34mDEBUG[0m - __ASSET_JOB_0 - 07054e0f-c1da-4962-ad4c-54bf267ac9ca - 172685 - LOGS_CAPTURED - Started capturing logs in process (pid: 172685).
[32m2026-04-05 08:09:10 +0000[0m - dagster - [34mDEBUG[0m - __ASSET_JOB_0 - 07054e0f-c1da-4962-ad4c-54bf267ac9ca - 172685 - user_engagement - STEP_START - Started execution of step "user_engagement".
[32m2026-04-05 08:09:14 +0000[0m - dagster - [34mERROR[0m - [31m__ASSET_JOB_0 - 07054e0f-c1da-4962-ad4c-54bf267ac9ca - 172685 - user_engagement - STEP_FAILURE - Execution of step "user_engagement" failed.

dagster._core.errors.DagsterExecutionStepExecutionError: Error occurred while executing op "user_engagement"::

snowflake.connector.errors.ProgrammingError: 255002: Optional dependency: 'pandas' is not installed, please see the following link for install instructions: https://docs.snowflake.com/en/user-guide/python-connector-pandas.html#installation

Stack Trace:
  File "/home/dksan/code/data-engineer/dagster-mflix/.venv/lib/python3.11/site-packages/dagster/_core/execution/plan/utils.py", line 54, in op_execution_error_boundary
    yield
  File "/home/dksan/code/data-engineer/dagster-mflix/.venv/lib/python3.11/site-packages/dagster/_utils/__init__.py", line 468, in iterate_with_context
    next_output = next(iterator)
                  ^^^^^^^^^^^^^^
  File "/home/dksan/code/data-engineer/dagster-mflix/.venv/lib/python3.11/site-packages/dagster/_core/execution/plan/compute_generator.py", line 141, in _coerce_op_compute_fn_to_iterator
    result = invoke_compute_fn(
             ^^^^^^^^^^^^^^^^^^
  File "/home/dksan/code/data-engineer/dagster-mflix/.venv/lib/python3.11/site-packages/dagster/_core/execution/plan/compute_generator.py", line 129, in invoke_compute_fn
    return fn(context, **args_to_pass) if context_arg_provided else fn(**args_to_pass)
                                                                    ^^^^^^^^^^^^^^^^^^
  File "/home/dksan/code/data-engineer/dagster-mflix/dagster_mflix/assets/movies.py", line 30, in user_engagement
    engagement_df = cursor.fetch_pandas_all()
                    ^^^^^^^^^^^^^^^^^^^^^^^^^
  File "/home/dksan/code/data-engineer/dagster-mflix/.venv/lib/python3.11/site-packages/snowflake/connector/cursor.py", line 1437, in fetch_pandas_all
    self.check_can_use_pandas()
  File "/home/dksan/code/data-engineer/dagster-mflix/.venv/lib/python3.11/site-packages/snowflake/connector/cursor.py", line 1293, in check_can_use_pandas
    Error.errorhandler_wrapper(
  File "/home/dksan/code/data-engineer/dagster-mflix/.venv/lib/python3.11/site-packages/snowflake/connector/errors.py", line 298, in errorhandler_wrapper
    handed_over = Error.hand_to_other_handler(
                  ^^^^^^^^^^^^^^^^^^^^^^^^^^^^
  File "/home/dksan/code/data-engineer/dagster-mflix/.venv/lib/python3.11/site-packages/snowflake/connector/errors.py", line 354, in hand_to_other_handler
    cursor.errorhandler(connection, cursor, error_class, error_value)
  File "/home/dksan/code/data-engineer/dagster-mflix/.venv/lib/python3.11/site-packages/snowflake/connector/errors.py", line 229, in default_errorhandler
    raise error_class(
[0m
