[32m2026-04-06 06:40:58 +0000[0m - dagster - [34mDEBUG[0m - __ASSET_JOB - 3f42ed84-7d73-4e44-93f8-5e1f519d120c - 55140 - LOGS_CAPTURED - Started capturing logs in process (pid: 55140).
[32m2026-04-06 06:40:58 +0000[0m - dagster - [34mDEBUG[0m - __ASSET_JOB - 3f42ed84-7d73-4e44-93f8-5e1f519d120c - 55140 - dbt_transform - STEP_START - Started execution of step "dbt_transform".
[32m2026-04-06 06:40:58 +0000[0m - dagster - [34mINFO[0m - __ASSET_JOB - 3f42ed84-7d73-4e44-93f8-5e1f519d120c - dbt_transform - A dbt subsetted execution is not being performed. Using the default dbt selection arguments `['--select', 'fqn:*']`.
[32m2026-04-06 06:40:58 +0000[0m - dagster - [34mINFO[0m - __ASSET_JOB - 3f42ed84-7d73-4e44-93f8-5e1f519d120c - dbt_transform - Copying `/home/dksan/code/data-engineer/dagster-mflix/mflix_snowflake/target/partial_parse.msgpack` to `/home/dksan/code/data-engineer/dagster-mflix/mflix_snowflake/target/dbt_transform-3f42ed8-f908238/partial_parse.msgpack` to take advantage of partial parsing.
[32m2026-04-06 06:40:58 +0000[0m - dagster - [34mINFO[0m - __ASSET_JOB - 3f42ed84-7d73-4e44-93f8-5e1f519d120c - dbt_transform - Running dbt command: `/home/dksan/code/data-engineer/dagster-mflix/.venv/bin/dbt build --select fqn:*`.
[32m2026-04-06 06:41:11 +0000[0m - dagster - [34mDEBUG[0m - __ASSET_JOB - 3f42ed84-7d73-4e44-93f8-5e1f519d120c - 55140 - dbt_transform - STEP_OUTPUT - Yielded output "model_mflix_snowflake_stg_comments" of type "Nothing". (Type check passed).
[32m2026-04-06 06:41:11 +0000[0m - dagster - [34mDEBUG[0m - __ASSET_JOB - 3f42ed84-7d73-4e44-93f8-5e1f519d120c - 55140 - dbt_transform - ASSET_MATERIALIZATION - Materialized value stg_comments.
[32m2026-04-06 06:41:14 +0000[0m - dagster - [34mDEBUG[0m - __ASSET_JOB - 3f42ed84-7d73-4e44-93f8-5e1f519d120c - 55140 - dbt_transform - STEP_OUTPUT - Yielded output "model_mflix_snowflake_stg_embedded_movies" of type "Nothing". (Type check passed).
[32m2026-04-06 06:41:14 +0000[0m - dagster - [34mDEBUG[0m - __ASSET_JOB - 3f42ed84-7d73-4e44-93f8-5e1f519d120c - 55140 - dbt_transform - ASSET_MATERIALIZATION - Materialized value stg_embedded_movies.
[32m2026-04-06 06:41:19 +0000[0m - dagster - [34mDEBUG[0m - __ASSET_JOB - 3f42ed84-7d73-4e44-93f8-5e1f519d120c - 55140 - dbt_transform - STEP_OUTPUT - Yielded output "model_mflix_snowflake_agg_top_movies_by_month" of type "Nothing". (Type check passed).
[32m2026-04-06 06:41:19 +0000[0m - dagster - [34mDEBUG[0m - __ASSET_JOB - 3f42ed84-7d73-4e44-93f8-5e1f519d120c - 55140 - dbt_transform - ASSET_MATERIALIZATION - Materialized value agg_top_movies_by_month.
[32m2026-04-06 06:41:28 +0000[0m - dagster - [34mDEBUG[0m - __ASSET_JOB - 3f42ed84-7d73-4e44-93f8-5e1f519d120c - 55140 - dbt_transform - STEP_OUTPUT - Yielded output "model_mflix_snowflake_dim_movies" of type "Nothing". (Type check passed).
[32m2026-04-06 06:41:28 +0000[0m - dagster - [34mDEBUG[0m - __ASSET_JOB - 3f42ed84-7d73-4e44-93f8-5e1f519d120c - 55140 - dbt_transform - ASSET_MATERIALIZATION - Materialized value dim_movies.
[32m2026-04-06 06:41:29 +0000[0m - dagster - [34mDEBUG[0m - __ASSET_JOB - 3f42ed84-7d73-4e44-93f8-5e1f519d120c - 55140 - dbt_transform - STEP_OUTPUT - Yielded output "model_mflix_snowflake_fct_movie_engagement" of type "Nothing". (Type check passed).
[32m2026-04-06 06:41:29 +0000[0m - dagster - [34mDEBUG[0m - __ASSET_JOB - 3f42ed84-7d73-4e44-93f8-5e1f519d120c - 55140 - dbt_transform - ASSET_MATERIALIZATION - Materialized value fct_movie_engagement.
[32m2026-04-06 06:41:57 +0000[0m - dagster - [34mDEBUG[0m - __ASSET_JOB - 3f42ed84-7d73-4e44-93f8-5e1f519d120c - 55140 - dbt_transform - ASSET_CHECK_EVALUATION - DagsterEventType.ASSET_CHECK_EVALUATION for step dbt_transform
[32m2026-04-06 06:41:57 +0000[0m - dagster - [34mDEBUG[0m - __ASSET_JOB - 3f42ed84-7d73-4e44-93f8-5e1f519d120c - 55140 - dbt_transform - STEP_OUTPUT - Yielded output "agg_top_movies_by_month_not_null_agg_top_movies_by_month_month_start" of type "Any". (Type check passed).
[32m2026-04-06 06:41:58 +0000[0m - dagster - [34mDEBUG[0m - __ASSET_JOB - 3f42ed84-7d73-4e44-93f8-5e1f519d120c - 55140 - dbt_transform - ASSET_CHECK_EVALUATION - DagsterEventType.ASSET_CHECK_EVALUATION for step dbt_transform
[32m2026-04-06 06:41:58 +0000[0m - dagster - [34mDEBUG[0m - __ASSET_JOB - 3f42ed84-7d73-4e44-93f8-5e1f519d120c - 55140 - dbt_transform - STEP_OUTPUT - Yielded output "dim_movies_not_null_dim_movies_movie_id" of type "Any". (Type check passed).
[32m2026-04-06 06:42:01 +0000[0m - dagster - [34mDEBUG[0m - __ASSET_JOB - 3f42ed84-7d73-4e44-93f8-5e1f519d120c - 55140 - dbt_transform - ASSET_CHECK_EVALUATION - DagsterEventType.ASSET_CHECK_EVALUATION for step dbt_transform
[32m2026-04-06 06:42:01 +0000[0m - dagster - [34mDEBUG[0m - __ASSET_JOB - 3f42ed84-7d73-4e44-93f8-5e1f519d120c - 55140 - dbt_transform - STEP_OUTPUT - Yielded output "dim_movies_unique_dim_movies_movie_id" of type "Any". (Type check passed).
[32m2026-04-06 06:42:05 +0000[0m - dagster - [34mDEBUG[0m - __ASSET_JOB - 3f42ed84-7d73-4e44-93f8-5e1f519d120c - 55140 - dbt_transform - ASSET_CHECK_EVALUATION - DagsterEventType.ASSET_CHECK_EVALUATION for step dbt_transform
[32m2026-04-06 06:42:05 +0000[0m - dagster - [34mDEBUG[0m - __ASSET_JOB - 3f42ed84-7d73-4e44-93f8-5e1f519d120c - 55140 - dbt_transform - STEP_OUTPUT - Yielded output "fct_movie_engagement_not_null_fct_movie_engagement_movie_id" of type "Any". (Type check passed).
[32m2026-04-06 06:42:05 +0000[0m - dagster - [34mINFO[0m - __ASSET_JOB - 3f42ed84-7d73-4e44-93f8-5e1f519d120c - dbt_transform - Finished dbt command: `/home/dksan/code/data-engineer/dagster-mflix/.venv/bin/dbt build --select fqn:*`.
[32m2026-04-06 06:42:05 +0000[0m - dagster - [34mERROR[0m - [31m__ASSET_JOB - 3f42ed84-7d73-4e44-93f8-5e1f519d120c - 55140 - dbt_transform - STEP_FAILURE - Execution of step "dbt_transform" failed.

dagster_dbt.errors.DagsterDbtCliRuntimeError: The dbt CLI process with command

`/home/dksan/code/data-engineer/dagster-mflix/.venv/bin/dbt build --select fqn:*`

failed with exit code `1`. Check the stdout in the Dagster compute logs for the full information about the error, or view the dbt debug log: /home/dksan/code/data-engineer/dagster-mflix/mflix_snowflake/target/dbt_transform-3f42ed8-f908238/dbt.log.

Errors parsed from dbt logs:

  Database Error in model stg_movie_cast (models/staging/stg_movie_cast.sql)
  000904 (42000): SQL compilation error: error line 7 at position 8
  invalid identifier '"cast"'
  compiled code at target/dbt_transform-3f42ed8-f908238/run/mflix_snowflake/models/staging/stg_movie_cast.sql

  Database Error in model stg_movie_countries (models/staging/stg_movie_countries.sql)
  000904 (42000): SQL compilation error: error line 7 at position 8
  invalid identifier 'COUNTRIES'
  compiled code at target/dbt_transform-3f42ed8-f908238/run/mflix_snowflake/models/staging/stg_movie_countries.sql

  Database Error in model stg_movie_directors (models/staging/stg_movie_directors.sql)
  000904 (42000): SQL compilation error: error line 7 at position 8
  invalid identifier 'DIRECTORS'
  compiled code at target/dbt_transform-3f42ed8-f908238/run/mflix_snowflake/models/staging/stg_movie_directors.sql

  Database Error in model stg_movie_genres (models/staging/stg_movie_genres.sql)
  000904 (42000): SQL compilation error: error line 7 at position 8
  invalid identifier 'GENRES'
  compiled code at target/dbt_transform-3f42ed8-f908238/run/mflix_snowflake/models/staging/stg_movie_genres.sql

  Database Error in model stg_movie_languages (models/staging/stg_movie_languages.sql)
  000904 (42000): SQL compilation error: error line 7 at position 8
  invalid identifier 'LANGUAGES'
  compiled code at target/dbt_transform-3f42ed8-f908238/run/mflix_snowflake/models/staging/stg_movie_languages.sql

  Database Error in model stg_movie_writers (models/staging/stg_movie_writers.sql)
  000904 (42000): SQL compilation error: error line 7 at position 8
  invalid identifier 'WRITERS'
  compiled code at target/dbt_transform-3f42ed8-f908238/run/mflix_snowflake/models/staging/stg_movie_writers.sql

Stack Trace:
  File "/home/dksan/code/data-engineer/dagster-mflix/.venv/lib/python3.11/site-packages/dagster/_core/execution/plan/execute_plan.py", line 282, in dagster_event_sequence_for_step
    for step_event in check.generator(step_events):
  File "/home/dksan/code/data-engineer/dagster-mflix/.venv/lib/python3.11/site-packages/dagster/_core/execution/plan/execute_step.py", line 525, in core_dagster_event_sequence_for_step
    for user_event in _step_output_error_checked_user_event_sequence(
  File "/home/dksan/code/data-engineer/dagster-mflix/.venv/lib/python3.11/site-packages/dagster/_core/execution/plan/execute_step.py", line 203, in _step_output_error_checked_user_event_sequence
    for user_event in user_event_sequence:
  File "/home/dksan/code/data-engineer/dagster-mflix/.venv/lib/python3.11/site-packages/dagster/_core/execution/plan/execute_step.py", line 100, in _process_asset_results_to_events
    for user_event in user_event_sequence:
  File "/home/dksan/code/data-engineer/dagster-mflix/.venv/lib/python3.11/site-packages/dagster/_core/execution/plan/compute.py", line 208, in execute_core_compute
    for step_output in _yield_compute_results(step_context, inputs, compute_fn, compute_context):
  File "/home/dksan/code/data-engineer/dagster-mflix/.venv/lib/python3.11/site-packages/dagster/_core/execution/plan/compute.py", line 177, in _yield_compute_results
    for event in iterate_with_context(
  File "/home/dksan/code/data-engineer/dagster-mflix/.venv/lib/python3.11/site-packages/dagster/_utils/__init__.py", line 468, in iterate_with_context
    next_output = next(iterator)
                  ^^^^^^^^^^^^^^
  File "/home/dksan/code/data-engineer/dagster-mflix/dagster_mflix/assets/dbt_transform.py", line 9, in dbt_transform
    yield from dbt.cli(["build"],context=context).stream()
  File "/home/dksan/code/data-engineer/dagster-mflix/.venv/lib/python3.11/site-packages/dagster_dbt/core/resources_v2.py", line 874, in __next__
    return next(self._inner_iterator)
           ^^^^^^^^^^^^^^^^^^^^^^^^^^
  File "/home/dksan/code/data-engineer/dagster-mflix/.venv/lib/python3.11/site-packages/dagster_dbt/core/resources_v2.py", line 663, in _stream_asset_events
    for event in self.stream_raw_events():
  File "/home/dksan/code/data-engineer/dagster-mflix/.venv/lib/python3.11/site-packages/dagster_dbt/core/resources_v2.py", line 757, in stream_raw_events
    self._raise_on_error()
  File "/home/dksan/code/data-engineer/dagster-mflix/.venv/lib/python3.11/site-packages/dagster_dbt/core/resources_v2.py", line 847, in _raise_on_error
    raise DagsterDbtCliRuntimeError(
[0m
