[32m2026-04-06 07:42:56 +0000[0m - dagster - [34mDEBUG[0m - __ASSET_JOB - 3c1da7f6-afae-4a32-b2a3-f1f838e34d41 - 191592 - LOGS_CAPTURED - Started capturing logs in process (pid: 191592).
[32m2026-04-06 07:42:56 +0000[0m - dagster - [34mDEBUG[0m - __ASSET_JOB - 3c1da7f6-afae-4a32-b2a3-f1f838e34d41 - 191592 - dbt_transform - STEP_START - Started execution of step "dbt_transform".
[32m2026-04-06 07:42:56 +0000[0m - dagster - [34mINFO[0m - __ASSET_JOB - 3c1da7f6-afae-4a32-b2a3-f1f838e34d41 - dbt_transform - A dbt subsetted execution is being performed. Overriding default dbt selection arguments `['--select', 'fqn:*']` with arguments: `['mflix_snowflake.marts.fct_movie_engagement']`.
[32m2026-04-06 07:42:56 +0000[0m - dagster - [34mINFO[0m - __ASSET_JOB - 3c1da7f6-afae-4a32-b2a3-f1f838e34d41 - dbt_transform - Copying `/home/dksan/code/data-engineer/dagster-mflix/mflix_snowflake/target/partial_parse.msgpack` to `/home/dksan/code/data-engineer/dagster-mflix/mflix_snowflake/target/dbt_transform-3c1da7f-7ef18e8/partial_parse.msgpack` to take advantage of partial parsing.
[32m2026-04-06 07:42:56 +0000[0m - dagster - [34mINFO[0m - __ASSET_JOB - 3c1da7f6-afae-4a32-b2a3-f1f838e34d41 - dbt_transform - Running dbt command: `/home/dksan/code/data-engineer/dagster-mflix/.venv/bin/dbt build --select mflix_snowflake.marts.fct_movie_engagement`.
[32m2026-04-06 07:43:14 +0000[0m - dagster - [34mDEBUG[0m - __ASSET_JOB - 3c1da7f6-afae-4a32-b2a3-f1f838e34d41 - 191592 - dbt_transform - STEP_OUTPUT - Yielded output "model_mflix_snowflake_fct_movie_engagement" of type "Nothing". (Type check passed).
[32m2026-04-06 07:43:14 +0000[0m - dagster - [34mDEBUG[0m - __ASSET_JOB - 3c1da7f6-afae-4a32-b2a3-f1f838e34d41 - 191592 - dbt_transform - ASSET_MATERIALIZATION - Materialized value fct_movie_engagement.
[32m2026-04-06 07:43:15 +0000[0m - dagster - [34mDEBUG[0m - __ASSET_JOB - 3c1da7f6-afae-4a32-b2a3-f1f838e34d41 - 191592 - dbt_transform - ASSET_CHECK_EVALUATION - DagsterEventType.ASSET_CHECK_EVALUATION for step dbt_transform
[32m2026-04-06 07:43:15 +0000[0m - dagster - [34mDEBUG[0m - __ASSET_JOB - 3c1da7f6-afae-4a32-b2a3-f1f838e34d41 - 191592 - dbt_transform - STEP_OUTPUT - Yielded output "fct_movie_engagement_not_null_fct_movie_engagement_movie_id" of type "Any". (Type check passed).
[32m2026-04-06 07:43:18 +0000[0m - dagster - [34mDEBUG[0m - __ASSET_JOB - 3c1da7f6-afae-4a32-b2a3-f1f838e34d41 - 191592 - dbt_transform - ASSET_CHECK_EVALUATION - DagsterEventType.ASSET_CHECK_EVALUATION for step dbt_transform
[32m2026-04-06 07:43:18 +0000[0m - dagster - [34mDEBUG[0m - __ASSET_JOB - 3c1da7f6-afae-4a32-b2a3-f1f838e34d41 - 191592 - dbt_transform - STEP_OUTPUT - Yielded output "fct_movie_engagement_relationships_fct_movie_engagement_primary_country_id__country_id__ref_dim_countries_" of type "Any". (Type check passed).
[32m2026-04-06 07:43:22 +0000[0m - dagster - [34mDEBUG[0m - __ASSET_JOB - 3c1da7f6-afae-4a32-b2a3-f1f838e34d41 - 191592 - dbt_transform - ASSET_CHECK_EVALUATION - DagsterEventType.ASSET_CHECK_EVALUATION for step dbt_transform
[32m2026-04-06 07:43:22 +0000[0m - dagster - [34mDEBUG[0m - __ASSET_JOB - 3c1da7f6-afae-4a32-b2a3-f1f838e34d41 - 191592 - dbt_transform - STEP_OUTPUT - Yielded output "fct_movie_engagement_relationships_fct_movie_engagement_primary_director_id__director_id__ref_dim_directors_" of type "Any". (Type check passed).
[32m2026-04-06 07:43:26 +0000[0m - dagster - [34mDEBUG[0m - __ASSET_JOB - 3c1da7f6-afae-4a32-b2a3-f1f838e34d41 - 191592 - dbt_transform - ASSET_CHECK_EVALUATION - DagsterEventType.ASSET_CHECK_EVALUATION for step dbt_transform
[32m2026-04-06 07:43:26 +0000[0m - dagster - [34mDEBUG[0m - __ASSET_JOB - 3c1da7f6-afae-4a32-b2a3-f1f838e34d41 - 191592 - dbt_transform - STEP_OUTPUT - Yielded output "fct_movie_engagement_relationships_fct_movie_engagement_primary_genre_id__genre_id__ref_dim_genres_" of type "Any". (Type check passed).
[32m2026-04-06 07:43:29 +0000[0m - dagster - [34mDEBUG[0m - __ASSET_JOB - 3c1da7f6-afae-4a32-b2a3-f1f838e34d41 - 191592 - dbt_transform - ASSET_CHECK_EVALUATION - DagsterEventType.ASSET_CHECK_EVALUATION for step dbt_transform
[32m2026-04-06 07:43:29 +0000[0m - dagster - [34mDEBUG[0m - __ASSET_JOB - 3c1da7f6-afae-4a32-b2a3-f1f838e34d41 - 191592 - dbt_transform - STEP_OUTPUT - Yielded output "fct_movie_engagement_relationships_fct_movie_engagement_primary_language_id__language_id__ref_dim_languages_" of type "Any". (Type check passed).
[32m2026-04-06 07:43:33 +0000[0m - dagster - [34mDEBUG[0m - __ASSET_JOB - 3c1da7f6-afae-4a32-b2a3-f1f838e34d41 - 191592 - dbt_transform - ASSET_CHECK_EVALUATION - DagsterEventType.ASSET_CHECK_EVALUATION for step dbt_transform
[32m2026-04-06 07:43:33 +0000[0m - dagster - [34mDEBUG[0m - __ASSET_JOB - 3c1da7f6-afae-4a32-b2a3-f1f838e34d41 - 191592 - dbt_transform - STEP_OUTPUT - Yielded output "fct_movie_engagement_relationships_fct_movie_engagement_primary_writer_id__writer_id__ref_dim_writers_" of type "Any". (Type check passed).
[32m2026-04-06 07:43:33 +0000[0m - dagster - [34mINFO[0m - __ASSET_JOB - 3c1da7f6-afae-4a32-b2a3-f1f838e34d41 - dbt_transform - Finished dbt command: `/home/dksan/code/data-engineer/dagster-mflix/.venv/bin/dbt build --select mflix_snowflake.marts.fct_movie_engagement`.
[32m2026-04-06 07:43:33 +0000[0m - dagster - [34mDEBUG[0m - __ASSET_JOB - 3c1da7f6-afae-4a32-b2a3-f1f838e34d41 - 191592 - dbt_transform - STEP_SUCCESS - Finished execution of step "dbt_transform" in 39.96s.
