[32m2026-04-07 14:25:49 +0000[0m - dagster - [34mDEBUG[0m - quality_job - 151a96e8-a218-4dab-ac07-f07bb091dc17 - 577497 - LOGS_CAPTURED - Started capturing logs in process (pid: 577497).
[32m2026-04-07 14:25:49 +0000[0m - dagster - [34mDEBUG[0m - quality_job - 151a96e8-a218-4dab-ac07-f07bb091dc17 - 577497 - anomaly_quality_gate - STEP_START - Started execution of step "anomaly_quality_gate".
[32m2026-04-07 14:25:59 +0000[0m - dagster - [34mERROR[0m - [31mquality_job - 151a96e8-a218-4dab-ac07-f07bb091dc17 - 577497 - anomaly_quality_gate - STEP_FAILURE - Execution of step "anomaly_quality_gate" failed.

dagster._core.errors.DagsterExecutionStepExecutionError: Error occurred while executing op "anomaly_quality_gate"::

snowflake.connector.errors.ProgrammingError: 002003 (42S02): SQL compilation error:
Object 'DAGSTER_DB.MFLIX.FCT_MOVIE_CONSUMPTION_DAILY' does not exist or not authorized.

Stack Trace:
  File "/home/dksan/code/data-engineer/dagster-mflix/.venv/lib/python3.11/site-packages/dagster/_core/execution/plan/utils.py", line 57, in op_execution_error_boundary
    yield
  File "/home/dksan/code/data-engineer/dagster-mflix/.venv/lib/python3.11/site-packages/dagster/_utils/__init__.py", line 394, in iterate_with_context
    next_output = next(iterator)
                  ^^^^^^^^^^^^^^
  File "/home/dksan/code/data-engineer/dagster-mflix/.venv/lib/python3.11/site-packages/dagster/_core/execution/plan/compute_generator.py", line 135, in _coerce_op_compute_fn_to_iterator
    result = invoke_compute_fn(
             ^^^^^^^^^^^^^^^^^^
  File "/home/dksan/code/data-engineer/dagster-mflix/.venv/lib/python3.11/site-packages/dagster/_core/execution/plan/compute_generator.py", line 115, in invoke_compute_fn
    return fn(context, **args_to_pass) if context_arg_provided else fn(**args_to_pass)
           ^^^^^^^^^^^^^^^^^^^^^^^^^^^
  File "/home/dksan/code/data-engineer/dagster-mflix/dagster_mflix/assets/quality.py", line 263, in _layer_quality_gate
    _execute_layer_gate(context, layer)
  File "/home/dksan/code/data-engineer/dagster-mflix/dagster_mflix/assets/quality.py", line 251, in _execute_layer_gate
    extra_metadata = _run_anomaly_guard()
                     ^^^^^^^^^^^^^^^^^^^^
  File "/home/dksan/code/data-engineer/dagster-mflix/dagster_mflix/assets/quality.py", line 176, in _run_anomaly_guard
    cursor.execute(query)
  File "/home/dksan/code/data-engineer/dagster-mflix/.venv/lib/python3.11/site-packages/snowflake/connector/cursor.py", line 1134, in execute
    Error.errorhandler_wrapper(self.connection, self, error_class, errvalue)
  File "/home/dksan/code/data-engineer/dagster-mflix/.venv/lib/python3.11/site-packages/snowflake/connector/errors.py", line 286, in errorhandler_wrapper
    handed_over = Error.hand_to_other_handler(
                  ^^^^^^^^^^^^^^^^^^^^^^^^^^^^
  File "/home/dksan/code/data-engineer/dagster-mflix/.venv/lib/python3.11/site-packages/snowflake/connector/errors.py", line 341, in hand_to_other_handler
    cursor.errorhandler(connection, cursor, error_class, error_value)
  File "/home/dksan/code/data-engineer/dagster-mflix/.venv/lib/python3.11/site-packages/snowflake/connector/errors.py", line 217, in default_errorhandler
    raise error_class(
[0m
