Running with dbt=1.8.8
Registered adapter: snowflake=1.8.4
Found 18 models, 27 data tests, 8 sources, 570 macros

Concurrency: 1 threads (target='dev')

1 of 5 START sql table model dbt_schema.dim_genres ............................. [RUN]
1 of 5 OK created sql table model dbt_schema.dim_genres ........................ [[32mSUCCESS 1[0m in 5.74s]
2 of 5 START test not_null_dim_genres_genre_id ................................. [RUN]
2 of 5 PASS not_null_dim_genres_genre_id ....................................... [[32mPASS[0m in 4.98s]
3 of 5 START test not_null_dim_genres_genre_name ............................... [RUN]
3 of 5 PASS not_null_dim_genres_genre_name ..................................... [[32mPASS[0m in 3.24s]
4 of 5 START test unique_dim_genres_genre_id ................................... [RUN]
4 of 5 PASS unique_dim_genres_genre_id ......................................... [[32mPASS[0m in 0.77s]
5 of 5 START test relationships_fct_movie_engagement_primary_genre_id__genre_id__ref_dim_genres_  [RUN]
5 of 5 ERROR relationships_fct_movie_engagement_primary_genre_id__genre_id__ref_dim_genres_  [[31mERROR[0m in 3.12s]

Finished running 1 table model, 4 data tests in 0 hours 0 minutes and 24.82 seconds (24.82s).

[31mCompleted with 1 error and 0 warnings:[0m

  Database Error in test relationships_fct_movie_engagement_primary_genre_id__genre_id__ref_dim_genres_ (models/marts/schema.yml)
  000904 (42000): SQL compilation error: error line 11 at position 11
  invalid identifier 'PRIMARY_GENRE_ID'
  compiled code at target/dbt_transform-0a5db51-9e7bacb/run/mflix_snowflake/models/marts/schema.yml/relationships_fct_movie_engage_bcb432d4e7abc91e8188fb0413a219a7.sql

Done. PASS=4 WARN=0 ERROR=1 SKIP=0 TOTAL=5
