[32m2026-04-07 14:27:31 +0000[0m - dagster - [34mDEBUG[0m - __ASSET_JOB - f0d762cb-3014-4815-8211-9eaf7a96e4c1 - 581754 - LOGS_CAPTURED - Started capturing logs in process (pid: 581754).
[32m2026-04-07 14:27:31 +0000[0m - dagster - [34mDEBUG[0m - __ASSET_JOB - f0d762cb-3014-4815-8211-9eaf7a96e4c1 - 581754 - dbt_marts - STEP_START - Started execution of step "dbt_marts".
[32m2026-04-07 14:27:31 +0000[0m - dagster - [34mINFO[0m - __ASSET_JOB - f0d762cb-3014-4815-8211-9eaf7a96e4c1 - dbt_marts - A dbt subsetted execution is being performed. Overriding default dbt selection arguments `['--select', 'marts.*']` with arguments: `['mflix_snowflake.marts.fct_movie_consumption_daily']`.
[32m2026-04-07 14:27:34 +0000[0m - dagster - [34mINFO[0m - __ASSET_JOB - f0d762cb-3014-4815-8211-9eaf7a96e4c1 - dbt_marts - Copying `/home/dksan/code/data-engineer/dagster-mflix/mflix_snowflake/target/partial_parse.msgpack` to `/home/dksan/code/data-engineer/dagster-mflix/mflix_snowflake/target/dbt_marts-f0d762c-eca5fe4/partial_parse.msgpack` to take advantage of partial parsing.
[32m2026-04-07 14:27:34 +0000[0m - dagster - [34mINFO[0m - __ASSET_JOB - f0d762cb-3014-4815-8211-9eaf7a96e4c1 - dbt_marts - Running dbt command: `/home/dksan/code/data-engineer/dagster-mflix/.venv/bin/dbt build --select mflix_snowflake.marts.fct_movie_consumption_daily`.
[32m2026-04-07 14:27:47 +0000[0m - dagster - [34mDEBUG[0m - __ASSET_JOB - f0d762cb-3014-4815-8211-9eaf7a96e4c1 - 581754 - dbt_marts - STEP_OUTPUT - Yielded output "fct_movie_consumption_daily" of type "Nothing". (Type check passed).
[32m2026-04-07 14:27:47 +0000[0m - dagster - [34mDEBUG[0m - __ASSET_JOB - f0d762cb-3014-4815-8211-9eaf7a96e4c1 - 581754 - dbt_marts - ASSET_MATERIALIZATION - Materialized value fct_movie_consumption_daily.
[32m2026-04-07 14:27:51 +0000[0m - dagster - [34mDEBUG[0m - __ASSET_JOB - f0d762cb-3014-4815-8211-9eaf7a96e4c1 - 581754 - dbt_marts - STEP_OUTPUT - Yielded output "fct_movie_consumption_daily_dbt_utils_expression_is_true_fct_movie_consumption_daily_total_views___0" of type "Any". (Type check passed).
[32m2026-04-07 14:27:51 +0000[0m - dagster - [34mDEBUG[0m - __ASSET_JOB - f0d762cb-3014-4815-8211-9eaf7a96e4c1 - 581754 - dbt_marts - ASSET_CHECK_EVALUATION - Asset check 'dbt_utils_expression_is_true_fct_movie_consumption_daily_total_views___0' on 'fct_movie_consumption_daily' passed.
[32m2026-04-07 14:27:51 +0000[0m - dagster - [34mDEBUG[0m - __ASSET_JOB - f0d762cb-3014-4815-8211-9eaf7a96e4c1 - 581754 - dbt_marts - STEP_OUTPUT - Yielded output "fct_movie_consumption_daily_dbt_utils_expression_is_true_fct_movie_consumption_daily_total_watch_time___0" of type "Any". (Type check passed).
[32m2026-04-07 14:27:51 +0000[0m - dagster - [34mDEBUG[0m - __ASSET_JOB - f0d762cb-3014-4815-8211-9eaf7a96e4c1 - 581754 - dbt_marts - ASSET_CHECK_EVALUATION - Asset check 'dbt_utils_expression_is_true_fct_movie_consumption_daily_total_watch_time___0' on 'fct_movie_consumption_daily' passed.
[32m2026-04-07 14:27:51 +0000[0m - dagster - [34mDEBUG[0m - __ASSET_JOB - f0d762cb-3014-4815-8211-9eaf7a96e4c1 - 581754 - dbt_marts - STEP_OUTPUT - Yielded output "fct_movie_consumption_daily_dbt_utils_expression_is_true_fct_movie_consumption_daily_avg_watch_time___0" of type "Any". (Type check passed).
[32m2026-04-07 14:27:51 +0000[0m - dagster - [34mDEBUG[0m - __ASSET_JOB - f0d762cb-3014-4815-8211-9eaf7a96e4c1 - 581754 - dbt_marts - ASSET_CHECK_EVALUATION - Asset check 'dbt_utils_expression_is_true_fct_movie_consumption_daily_avg_watch_time___0' on 'fct_movie_consumption_daily' passed.
[32m2026-04-07 14:27:52 +0000[0m - dagster - [34mDEBUG[0m - __ASSET_JOB - f0d762cb-3014-4815-8211-9eaf7a96e4c1 - 581754 - dbt_marts - STEP_OUTPUT - Yielded output "fct_movie_consumption_daily_dbt_utils_expression_is_true_fct_movie_consumption_daily_completion_rate___0" of type "Any". (Type check passed).
[32m2026-04-07 14:27:52 +0000[0m - dagster - [34mDEBUG[0m - __ASSET_JOB - f0d762cb-3014-4815-8211-9eaf7a96e4c1 - 581754 - dbt_marts - ASSET_CHECK_EVALUATION - Asset check 'dbt_utils_expression_is_true_fct_movie_consumption_daily_completion_rate___0' on 'fct_movie_consumption_daily' passed.
[32m2026-04-07 14:27:54 +0000[0m - dagster - [34mDEBUG[0m - __ASSET_JOB - f0d762cb-3014-4815-8211-9eaf7a96e4c1 - 581754 - dbt_marts - STEP_OUTPUT - Yielded output "fct_movie_consumption_daily_dbt_utils_expression_is_true_fct_movie_consumption_daily_unique_viewers___0" of type "Any". (Type check passed).
[32m2026-04-07 14:27:54 +0000[0m - dagster - [34mDEBUG[0m - __ASSET_JOB - f0d762cb-3014-4815-8211-9eaf7a96e4c1 - 581754 - dbt_marts - ASSET_CHECK_EVALUATION - Asset check 'dbt_utils_expression_is_true_fct_movie_consumption_daily_unique_viewers___0' on 'fct_movie_consumption_daily' passed.
[32m2026-04-07 14:27:54 +0000[0m - dagster - [34mDEBUG[0m - __ASSET_JOB - f0d762cb-3014-4815-8211-9eaf7a96e4c1 - 581754 - dbt_marts - STEP_OUTPUT - Yielded output "fct_movie_consumption_daily_not_null_fct_movie_consumption_daily_date_key" of type "Any". (Type check passed).
[32m2026-04-07 14:27:54 +0000[0m - dagster - [34mDEBUG[0m - __ASSET_JOB - f0d762cb-3014-4815-8211-9eaf7a96e4c1 - 581754 - dbt_marts - ASSET_CHECK_EVALUATION - Asset check 'not_null_fct_movie_consumption_daily_date_key' on 'fct_movie_consumption_daily' passed.
[32m2026-04-07 14:27:54 +0000[0m - dagster - [34mDEBUG[0m - __ASSET_JOB - f0d762cb-3014-4815-8211-9eaf7a96e4c1 - 581754 - dbt_marts - STEP_OUTPUT - Yielded output "fct_movie_consumption_daily_dbt_utils_unique_combination_of_columns_fct_movie_consumption_daily_movie_id__date_key" of type "Any". (Type check passed).
[32m2026-04-07 14:27:54 +0000[0m - dagster - [34mDEBUG[0m - __ASSET_JOB - f0d762cb-3014-4815-8211-9eaf7a96e4c1 - 581754 - dbt_marts - ASSET_CHECK_EVALUATION - Asset check 'dbt_utils_unique_combination_of_columns_fct_movie_consumption_daily_movie_id__date_key' on 'fct_movie_consumption_daily' passed.
[32m2026-04-07 14:27:55 +0000[0m - dagster - [34mDEBUG[0m - __ASSET_JOB - f0d762cb-3014-4815-8211-9eaf7a96e4c1 - 581754 - dbt_marts - STEP_OUTPUT - Yielded output "fct_movie_consumption_daily_not_null_fct_movie_consumption_daily_movie_id" of type "Any". (Type check passed).
[32m2026-04-07 14:27:55 +0000[0m - dagster - [34mDEBUG[0m - __ASSET_JOB - f0d762cb-3014-4815-8211-9eaf7a96e4c1 - 581754 - dbt_marts - ASSET_CHECK_EVALUATION - Asset check 'not_null_fct_movie_consumption_daily_movie_id' on 'fct_movie_consumption_daily' passed.
[32m2026-04-07 14:27:55 +0000[0m - dagster - [34mINFO[0m - __ASSET_JOB - f0d762cb-3014-4815-8211-9eaf7a96e4c1 - dbt_marts - Finished dbt command: `/home/dksan/code/data-engineer/dagster-mflix/.venv/bin/dbt build --select mflix_snowflake.marts.fct_movie_consumption_daily`.
[32m2026-04-07 14:27:55 +0000[0m - dagster - [34mDEBUG[0m - __ASSET_JOB - f0d762cb-3014-4815-8211-9eaf7a96e4c1 - 581754 - dbt_marts - STEP_SUCCESS - Finished execution of step "dbt_marts" in 26.15s.
