[32m2026-04-07 13:42:10 +0000[0m - dagster - [34mDEBUG[0m - __ASSET_JOB - 5729872a-4af6-4c07-95a1-8aebbec4cec4 - 470625 - LOGS_CAPTURED - Started capturing logs in process (pid: 470625).
[32m2026-04-07 13:42:10 +0000[0m - dagster - [34mDEBUG[0m - __ASSET_JOB - 5729872a-4af6-4c07-95a1-8aebbec4cec4 - 470625 - mongodb - STEP_START - Started execution of step "mongodb".
/home/dksan/code/data-engineer/dagster-mflix/.venv/lib/python3.11/site-packages/dagster_dlt/translator.py:40: SupersessionWarning: get_asset_key is superseded and its usage is discouraged. Instead of overriding DagsterDltTranslator.get_asset_key(), override DagsterDltTranslator.get_asset_spec().
  key=self._resolve_back_compat_method(
/home/dksan/code/data-engineer/dagster-mflix/dagster_mflix/assets/mongodb.py:11: SupersessionWarning: Function `DagsterDltTranslator.get_asset_key` is superseded and its usage is discouraged. Use `DagsterDltTranslator.get_asset_spec(...).key` instead.
  base_key = super().get_asset_key(data)
2026-04-07 13:42:14,062|[WARNING]|470625|137459979372352|dlt|pipeline.py|run:743|The pipeline `run` method will now load the pending load packages. The data you passed to the run function will not be extracted. In order to do that you must run the pipeline again
[32m2026-04-07 13:42:30 +0000[0m - dagster - [34mERROR[0m - [31m__ASSET_JOB - 5729872a-4af6-4c07-95a1-8aebbec4cec4 - 470625 - mongodb - STEP_FAILURE - Execution of step "mongodb" failed.

dagster._core.errors.DagsterExecutionStepExecutionError: Error occurred while executing op "mongodb"::

AttributeError: 'NoneType' object has no attribute 'row_counts'

Stack Trace:
  File "/home/dksan/code/data-engineer/dagster-mflix/.venv/lib/python3.11/site-packages/dagster/_core/execution/plan/utils.py", line 57, in op_execution_error_boundary
    yield
  File "/home/dksan/code/data-engineer/dagster-mflix/.venv/lib/python3.11/site-packages/dagster/_utils/__init__.py", line 394, in iterate_with_context
    next_output = next(iterator)
                  ^^^^^^^^^^^^^^
  File "/home/dksan/code/data-engineer/dagster-mflix/dagster_mflix/assets/mongodb.py", line 37, in dlt_asset_factory
    yield from dlt.run(context=context)
  File "/home/dksan/code/data-engineer/dagster-mflix/.venv/lib/python3.11/site-packages/dagster_dlt/dlt_event_iterator.py", line 77, in __next__
    return next(self._inner_iterator)
           ^^^^^^^^^^^^^^^^^^^^^^^^^^
  File "/home/dksan/code/data-engineer/dagster-mflix/.venv/lib/python3.11/site-packages/dagster_dlt/resource.py", line 294, in _run
    metadata = self.extract_resource_metadata(
               ^^^^^^^^^^^^^^^^^^^^^^^^^^^^^^^
  File "/home/dksan/code/data-engineer/dagster-mflix/.venv/lib/python3.11/site-packages/dagster_dlt/resource.py", line 134, in extract_resource_metadata
    rows_loaded = dlt_pipeline.last_trace.last_normalize_info.row_counts.get(
                  ^^^^^^^^^^^^^^^^^^^^^^^^^^^^^^^^^^^^^^^^^^^^^^^^^^^^^^
[0m
