[32m2026-04-07 14:31:51 +0000[0m - dagster - [34mDEBUG[0m - quality_job - 7502d939-d3dd-44a6-977d-358dc7264a4b - 593072 - LOGS_CAPTURED - Started capturing logs in process (pid: 593072).
[32m2026-04-07 14:31:51 +0000[0m - dagster - [34mDEBUG[0m - quality_job - 7502d939-d3dd-44a6-977d-358dc7264a4b - 593072 - anomaly_quality_gate - STEP_START - Started execution of step "anomaly_quality_gate".
[32m2026-04-07 14:32:02 +0000[0m - dagster - [34mERROR[0m - [31mquality_job - 7502d939-d3dd-44a6-977d-358dc7264a4b - 593072 - anomaly_quality_gate - STEP_FAILURE - Execution of step "anomaly_quality_gate" failed.

dagster._core.definitions.events.Failure: Anomaly guard failed because consumption data is stale.

Stack Trace:
  File "/home/dksan/code/data-engineer/dagster-mflix/.venv/lib/python3.11/site-packages/dagster/_core/execution/plan/execute_plan.py", line 247, in dagster_event_sequence_for_step
    yield from check.generator(step_events)
  File "/home/dksan/code/data-engineer/dagster-mflix/.venv/lib/python3.11/site-packages/dagster/_core/execution/plan/execute_step.py", line 504, in core_dagster_event_sequence_for_step
    for user_event in _step_output_error_checked_user_event_sequence(
  File "/home/dksan/code/data-engineer/dagster-mflix/.venv/lib/python3.11/site-packages/dagster/_core/execution/plan/execute_step.py", line 183, in _step_output_error_checked_user_event_sequence
    for user_event in user_event_sequence:
  File "/home/dksan/code/data-engineer/dagster-mflix/.venv/lib/python3.11/site-packages/dagster/_core/execution/plan/execute_step.py", line 88, in _process_asset_results_to_events
    for user_event in user_event_sequence:
  File "/home/dksan/code/data-engineer/dagster-mflix/.venv/lib/python3.11/site-packages/dagster/_core/execution/plan/compute.py", line 188, in execute_core_compute
    for step_output in _yield_compute_results(step_context, inputs, compute_fn, compute_context):
  File "/home/dksan/code/data-engineer/dagster-mflix/.venv/lib/python3.11/site-packages/dagster/_core/execution/plan/compute.py", line 157, in _yield_compute_results
    for event in iterate_with_context(
  File "/home/dksan/code/data-engineer/dagster-mflix/.venv/lib/python3.11/site-packages/dagster/_utils/__init__.py", line 394, in iterate_with_context
    next_output = next(iterator)
                  ^^^^^^^^^^^^^^
  File "/home/dksan/code/data-engineer/dagster-mflix/.venv/lib/python3.11/site-packages/dagster/_core/execution/plan/compute_generator.py", line 135, in _coerce_op_compute_fn_to_iterator
    result = invoke_compute_fn(
             ^^^^^^^^^^^^^^^^^^
  File "/home/dksan/code/data-engineer/dagster-mflix/.venv/lib/python3.11/site-packages/dagster/_core/execution/plan/compute_generator.py", line 115, in invoke_compute_fn
    return fn(context, **args_to_pass) if context_arg_provided else fn(**args_to_pass)
           ^^^^^^^^^^^^^^^^^^^^^^^^^^^
  File "/home/dksan/code/data-engineer/dagster-mflix/dagster_mflix/assets/quality.py", line 263, in _layer_quality_gate
    _execute_layer_gate(context, layer)
  File "/home/dksan/code/data-engineer/dagster-mflix/dagster_mflix/assets/quality.py", line 251, in _execute_layer_gate
    extra_metadata = _run_anomaly_guard()
                     ^^^^^^^^^^^^^^^^^^^^
  File "/home/dksan/code/data-engineer/dagster-mflix/dagster_mflix/assets/quality.py", line 206, in _run_anomaly_guard
    raise Failure(
[0m
