[0m13:57:12.182728 [debug] [MainThread]: Sending event: {'category': 'dbt', 'action': 'invocation', 'label': 'start', 'context': [<snowplow_tracker.self_describing_json.SelfDescribingJson object at 0x76dbdd20b1d0>, <snowplow_tracker.self_describing_json.SelfDescribingJson object at 0x76dbdd20a510>, <snowplow_tracker.self_describing_json.SelfDescribingJson object at 0x76dbdd209f50>]}


============================== 13:57:12.188349 | 498278d7-a341-4bca-9282-2109594777ff ==============================
[0m13:57:12.188349 [info ] [MainThread]: Running with dbt=1.8.8
[0m13:57:12.189354 [debug] [MainThread]: running dbt with arguments {'printer_width': '80', 'indirect_selection': 'eager', 'write_json': 'True', 'log_cache_events': 'False', 'partial_parse': 'True', 'cache_selected_only': 'False', 'profiles_dir': '/home/dksan/.dbt', 'fail_fast': 'False', 'warn_error': 'None', 'log_path': 'logs', 'version_check': 'True', 'debug': 'False', 'use_colors': 'True', 'use_experimental_parser': 'False', 'no_print': 'None', 'quiet': 'False', 'empty': 'None', 'log_format': 'default', 'static_parser': 'True', 'warn_error_options': 'WarnErrorOptions(include=[], exclude=[])', 'invocation_command': 'dbt debug', 'target_path': 'None', 'introspect': 'True', 'send_anonymous_usage_stats': 'True'}
[0m13:57:12.203567 [info ] [MainThread]: dbt version: 1.8.8
[0m13:57:12.204909 [info ] [MainThread]: python version: 3.11.8
[0m13:57:12.206152 [info ] [MainThread]: python path: /home/dksan/code/data-engineer/dagster-mflix/.venv/bin/python3
[0m13:57:12.206898 [info ] [MainThread]: os info: Linux-6.6.87.2-microsoft-standard-WSL2-x86_64-with-glibc2.39
[0m13:57:13.299785 [info ] [MainThread]: Using profiles dir at /home/dksan/.dbt
[0m13:57:13.300701 [info ] [MainThread]: Using profiles.yml file at /home/dksan/.dbt/profiles.yml
[0m13:57:13.301392 [info ] [MainThread]: Using dbt_project.yml file at /home/dksan/code/data-engineer/dagster-mflix/dbt_project.yml
[0m13:57:13.302137 [info ] [MainThread]: adapter type: snowflake
[0m13:57:13.302650 [info ] [MainThread]: adapter version: 1.8.4
[0m13:57:13.303180 [info ] [MainThread]: Configuration:
[0m13:57:13.303646 [info ] [MainThread]:   profiles.yml file [[32mOK found and valid[0m]
[0m13:57:13.304263 [info ] [MainThread]:   dbt_project.yml file [[31mERROR not found[0m]
[0m13:57:13.304788 [info ] [MainThread]: Required dependencies:
[0m13:57:13.305332 [debug] [MainThread]: Executing "git --help"
[0m13:57:13.309355 [debug] [MainThread]: STDOUT: "b"usage: git [-v | --version] [-h | --help] [-C <path>] [-c <name>=<value>]\n           [--exec-path[=<path>]] [--html-path] [--man-path] [--info-path]\n           [-p | --paginate | -P | --no-pager] [--no-replace-objects] [--bare]\n           [--git-dir=<path>] [--work-tree=<path>] [--namespace=<name>]\n           [--config-env=<name>=<envvar>] <command> [<args>]\n\nThese are common Git commands used in various situations:\n\nstart a working area (see also: git help tutorial)\n   clone     Clone a repository into a new directory\n   init      Create an empty Git repository or reinitialize an existing one\n\nwork on the current change (see also: git help everyday)\n   add       Add file contents to the index\n   mv        Move or rename a file, a directory, or a symlink\n   restore   Restore working tree files\n   rm        Remove files from the working tree and from the index\n\nexamine the history and state (see also: git help revisions)\n   bisect    Use binary search to find the commit that introduced a bug\n   diff      Show changes between commits, commit and working tree, etc\n   grep      Print lines matching a pattern\n   log       Show commit logs\n   show      Show various types of objects\n   status    Show the working tree status\n\ngrow, mark and tweak your common history\n   branch    List, create, or delete branches\n   commit    Record changes to the repository\n   merge     Join two or more development histories together\n   rebase    Reapply commits on top of another base tip\n   reset     Reset current HEAD to the specified state\n   switch    Switch branches\n   tag       Create, list, delete or verify a tag object signed with GPG\n\ncollaborate (see also: git help workflows)\n   fetch     Download objects and refs from another repository\n   pull      Fetch from and integrate with another repository or a local branch\n   push      Update remote refs along with associated objects\n\n'git help -a' and 'git help -g' list available subcommands and some\nconcept guides. See 'git help <command>' or 'git help <concept>'\nto read about a specific subcommand or concept.\nSee 'git help git' for an overview of the system.\n""
[0m13:57:13.310554 [debug] [MainThread]: STDERR: "b''"
[0m13:57:13.311279 [info ] [MainThread]:  - git [[32mOK found[0m]

[0m13:57:13.312662 [info ] [MainThread]: Connection:
[0m13:57:13.313600 [info ] [MainThread]:   account: MXYLOZE-ID58540
[0m13:57:13.314250 [info ] [MainThread]:   user: duongkimsang
[0m13:57:13.314793 [info ] [MainThread]:   database: dagster_db
[0m13:57:13.315350 [info ] [MainThread]:   warehouse: dagster_wh
[0m13:57:13.315848 [info ] [MainThread]:   role: dagster_role
[0m13:57:13.316447 [info ] [MainThread]:   schema: dbt_schema
[0m13:57:13.316944 [info ] [MainThread]:   authenticator: None
[0m13:57:13.317456 [info ] [MainThread]:   oauth_client_id: None
[0m13:57:13.317940 [info ] [MainThread]:   query_tag: None
[0m13:57:13.318457 [info ] [MainThread]:   client_session_keep_alive: False
[0m13:57:13.318947 [info ] [MainThread]:   host: None
[0m13:57:13.319480 [info ] [MainThread]:   port: None
[0m13:57:13.320018 [info ] [MainThread]:   proxy_host: None
[0m13:57:13.320526 [info ] [MainThread]:   proxy_port: None
[0m13:57:13.321005 [info ] [MainThread]:   protocol: None
[0m13:57:13.321482 [info ] [MainThread]:   connect_retries: 1
[0m13:57:13.321957 [info ] [MainThread]:   connect_timeout: None
[0m13:57:13.322444 [info ] [MainThread]:   retry_on_database_errors: False
[0m13:57:13.322885 [info ] [MainThread]:   retry_all: False
[0m13:57:13.323363 [info ] [MainThread]:   insecure_mode: False
[0m13:57:13.323803 [info ] [MainThread]:   reuse_connections: None
[0m13:57:13.324567 [info ] [MainThread]: Registered adapter: snowflake=1.8.4
[0m13:57:13.327844 [debug] [MainThread]: Acquiring new snowflake connection 'debug'
[0m13:57:13.336227 [debug] [MainThread]: Using snowflake connection "debug"
[0m13:57:13.336903 [debug] [MainThread]: On debug: select 1 as id
[0m13:57:13.337370 [debug] [MainThread]: Opening a new connection, currently in state init
[0m13:57:17.107204 [debug] [MainThread]: SQL status: SUCCESS 1 in 3.770 seconds
[0m13:57:17.109667 [debug] [MainThread]: On debug: Close
[0m13:57:17.631465 [info ] [MainThread]:   Connection test: [[32mOK connection ok[0m]

[0m13:57:17.632862 [info ] [MainThread]: [31m1 check failed:[0m
[0m13:57:17.633650 [info ] [MainThread]: Project loading failed for the following reason:
 project path </home/dksan/code/data-engineer/dagster-mflix/dbt_project.yml> not found

[0m13:57:17.634857 [debug] [MainThread]: Resource report: {"command_name": "debug", "command_wall_clock_time": 5.5681357, "process_user_time": 4.849988, "process_kernel_time": 0.672604, "process_mem_max_rss": "225184", "process_in_blocks": "1160", "process_out_blocks": "328", "command_success": false}
[0m13:57:17.635883 [debug] [MainThread]: Command `dbt debug` failed at 13:57:17.635695 after 5.57 seconds
[0m13:57:17.636630 [debug] [MainThread]: Connection 'debug' was properly closed.
[0m13:57:17.637370 [debug] [MainThread]: Sending event: {'category': 'dbt', 'action': 'invocation', 'label': 'end', 'context': [<snowplow_tracker.self_describing_json.SelfDescribingJson object at 0x76dbdd3648d0>, <snowplow_tracker.self_describing_json.SelfDescribingJson object at 0x76dbdd05e690>, <snowplow_tracker.self_describing_json.SelfDescribingJson object at 0x76dbb0a901d0>]}
[0m13:57:17.638150 [debug] [MainThread]: Flushing usage events
[0m13:59:32.582789 [debug] [MainThread]: Sending event: {'category': 'dbt', 'action': 'invocation', 'label': 'start', 'context': [<snowplow_tracker.self_describing_json.SelfDescribingJson object at 0x7147d9a0edd0>, <snowplow_tracker.self_describing_json.SelfDescribingJson object at 0x7147d9b68810>, <snowplow_tracker.self_describing_json.SelfDescribingJson object at 0x7147d9a13a90>]}


============================== 13:59:32.588460 | 1ee2cc35-1b91-46c0-8340-2c192fb1b301 ==============================
[0m13:59:32.588460 [info ] [MainThread]: Running with dbt=1.8.8
[0m13:59:32.589525 [debug] [MainThread]: running dbt with arguments {'printer_width': '80', 'indirect_selection': 'eager', 'log_cache_events': 'False', 'write_json': 'True', 'partial_parse': 'True', 'cache_selected_only': 'False', 'profiles_dir': '/home/dksan/.dbt', 'version_check': 'True', 'fail_fast': 'False', 'log_path': '/home/dksan/code/data-engineer/dagster-mflix/logs', 'debug': 'False', 'warn_error': 'None', 'use_colors': 'True', 'use_experimental_parser': 'False', 'no_print': 'None', 'quiet': 'False', 'empty': 'None', 'warn_error_options': 'WarnErrorOptions(include=[], exclude=[])', 'invocation_command': 'dbt debug', 'static_parser': 'True', 'introspect': 'True', 'target_path': 'None', 'log_format': 'default', 'send_anonymous_usage_stats': 'True'}
[0m13:59:32.600896 [info ] [MainThread]: dbt version: 1.8.8
[0m13:59:32.603117 [info ] [MainThread]: python version: 3.11.8
[0m13:59:32.604229 [info ] [MainThread]: python path: /home/dksan/code/data-engineer/dagster-mflix/.venv/bin/python3
[0m13:59:32.604962 [info ] [MainThread]: os info: Linux-6.6.87.2-microsoft-standard-WSL2-x86_64-with-glibc2.39
[0m13:59:33.923226 [info ] [MainThread]: Using profiles dir at /home/dksan/.dbt
[0m13:59:33.924443 [info ] [MainThread]: Using profiles.yml file at /home/dksan/.dbt/profiles.yml
[0m13:59:33.925066 [info ] [MainThread]: Using dbt_project.yml file at /home/dksan/code/data-engineer/dagster-mflix/dbt_project.yml
[0m13:59:33.925895 [info ] [MainThread]: adapter type: snowflake
[0m13:59:33.926771 [info ] [MainThread]: adapter version: 1.8.4
[0m13:59:34.229560 [info ] [MainThread]: Configuration:
[0m13:59:34.230462 [info ] [MainThread]:   profiles.yml file [[32mOK found and valid[0m]
[0m13:59:34.231273 [info ] [MainThread]:   dbt_project.yml file [[32mOK found and valid[0m]
[0m13:59:34.232008 [info ] [MainThread]: Required dependencies:
[0m13:59:34.232760 [debug] [MainThread]: Executing "git --help"
[0m13:59:34.236424 [debug] [MainThread]: STDOUT: "b"usage: git [-v | --version] [-h | --help] [-C <path>] [-c <name>=<value>]\n           [--exec-path[=<path>]] [--html-path] [--man-path] [--info-path]\n           [-p | --paginate | -P | --no-pager] [--no-replace-objects] [--bare]\n           [--git-dir=<path>] [--work-tree=<path>] [--namespace=<name>]\n           [--config-env=<name>=<envvar>] <command> [<args>]\n\nThese are common Git commands used in various situations:\n\nstart a working area (see also: git help tutorial)\n   clone     Clone a repository into a new directory\n   init      Create an empty Git repository or reinitialize an existing one\n\nwork on the current change (see also: git help everyday)\n   add       Add file contents to the index\n   mv        Move or rename a file, a directory, or a symlink\n   restore   Restore working tree files\n   rm        Remove files from the working tree and from the index\n\nexamine the history and state (see also: git help revisions)\n   bisect    Use binary search to find the commit that introduced a bug\n   diff      Show changes between commits, commit and working tree, etc\n   grep      Print lines matching a pattern\n   log       Show commit logs\n   show      Show various types of objects\n   status    Show the working tree status\n\ngrow, mark and tweak your common history\n   branch    List, create, or delete branches\n   commit    Record changes to the repository\n   merge     Join two or more development histories together\n   rebase    Reapply commits on top of another base tip\n   reset     Reset current HEAD to the specified state\n   switch    Switch branches\n   tag       Create, list, delete or verify a tag object signed with GPG\n\ncollaborate (see also: git help workflows)\n   fetch     Download objects and refs from another repository\n   pull      Fetch from and integrate with another repository or a local branch\n   push      Update remote refs along with associated objects\n\n'git help -a' and 'git help -g' list available subcommands and some\nconcept guides. See 'git help <command>' or 'git help <concept>'\nto read about a specific subcommand or concept.\nSee 'git help git' for an overview of the system.\n""
[0m13:59:34.237210 [debug] [MainThread]: STDERR: "b''"
[0m13:59:34.237969 [info ] [MainThread]:  - git [[32mOK found[0m]

[0m13:59:34.238692 [info ] [MainThread]: Connection:
[0m13:59:34.239262 [info ] [MainThread]:   account: MXYLOZE-ID58540
[0m13:59:34.239822 [info ] [MainThread]:   user: duongkimsang
[0m13:59:34.240328 [info ] [MainThread]:   database: dagster_db
[0m13:59:34.240823 [info ] [MainThread]:   warehouse: dagster_wh
[0m13:59:34.241420 [info ] [MainThread]:   role: dagster_role
[0m13:59:34.242345 [info ] [MainThread]:   schema: dbt_schema
[0m13:59:34.242920 [info ] [MainThread]:   authenticator: None
[0m13:59:34.243421 [info ] [MainThread]:   oauth_client_id: None
[0m13:59:34.243942 [info ] [MainThread]:   query_tag: None
[0m13:59:34.244476 [info ] [MainThread]:   client_session_keep_alive: False
[0m13:59:34.244973 [info ] [MainThread]:   host: None
[0m13:59:34.245471 [info ] [MainThread]:   port: None
[0m13:59:34.245972 [info ] [MainThread]:   proxy_host: None
[0m13:59:34.246613 [info ] [MainThread]:   proxy_port: None
[0m13:59:34.247113 [info ] [MainThread]:   protocol: None
[0m13:59:34.247609 [info ] [MainThread]:   connect_retries: 1
[0m13:59:34.251451 [info ] [MainThread]:   connect_timeout: None
[0m13:59:34.254596 [info ] [MainThread]:   retry_on_database_errors: False
[0m13:59:34.255245 [info ] [MainThread]:   retry_all: False
[0m13:59:34.255789 [info ] [MainThread]:   insecure_mode: False
[0m13:59:34.256285 [info ] [MainThread]:   reuse_connections: None
[0m13:59:34.256993 [info ] [MainThread]: Registered adapter: snowflake=1.8.4
[0m13:59:34.260165 [debug] [MainThread]: Acquiring new snowflake connection 'debug'
[0m13:59:34.261398 [debug] [MainThread]: Using snowflake connection "debug"
[0m13:59:34.262019 [debug] [MainThread]: On debug: select 1 as id
[0m13:59:34.262483 [debug] [MainThread]: Opening a new connection, currently in state init
[0m13:59:38.214966 [debug] [MainThread]: SQL status: SUCCESS 1 in 3.952 seconds
[0m13:59:38.217310 [debug] [MainThread]: On debug: Close
[0m13:59:38.431244 [info ] [MainThread]:   Connection test: [[32mOK connection ok[0m]

[0m13:59:38.432677 [info ] [MainThread]: [32mAll checks passed![0m
[0m13:59:38.434358 [debug] [MainThread]: Resource report: {"command_name": "debug", "command_success": true, "command_wall_clock_time": 5.95412, "process_user_time": 5.298307, "process_kernel_time": 0.790606, "process_mem_max_rss": "225744", "process_out_blocks": "48", "process_in_blocks": "0"}
[0m13:59:38.435631 [debug] [MainThread]: Command `dbt debug` succeeded at 13:59:38.435382 after 5.96 seconds
[0m13:59:38.436599 [debug] [MainThread]: Connection 'debug' was properly closed.
[0m13:59:38.437447 [debug] [MainThread]: Sending event: {'category': 'dbt', 'action': 'invocation', 'label': 'end', 'context': [<snowplow_tracker.self_describing_json.SelfDescribingJson object at 0x7147d9a0e010>, <snowplow_tracker.self_describing_json.SelfDescribingJson object at 0x7147d9883410>, <snowplow_tracker.self_describing_json.SelfDescribingJson object at 0x7147a915b890>]}
[0m13:59:38.438438 [debug] [MainThread]: Flushing usage events
[0m17:40:49.838054 [debug] [MainThread]: Sending event: {'category': 'dbt', 'action': 'invocation', 'label': 'start', 'context': [<snowplow_tracker.self_describing_json.SelfDescribingJson object at 0x7ec1a04ae5d0>, <snowplow_tracker.self_describing_json.SelfDescribingJson object at 0x7ec1a04abdd0>, <snowplow_tracker.self_describing_json.SelfDescribingJson object at 0x7ec1a0440250>]}


============================== 17:40:49.857603 | 95fd3964-050b-42b5-8713-04fb81bc4235 ==============================
[0m17:40:49.857603 [info ] [MainThread]: Running with dbt=1.8.8
[0m17:40:49.858193 [debug] [MainThread]: running dbt with arguments {'printer_width': '80', 'indirect_selection': 'eager', 'log_cache_events': 'False', 'write_json': 'True', 'partial_parse': 'True', 'cache_selected_only': 'False', 'profiles_dir': '/home/dksan/.dbt', 'fail_fast': 'False', 'version_check': 'True', 'log_path': 'logs', 'debug': 'False', 'warn_error': 'None', 'use_colors': 'True', 'use_experimental_parser': 'False', 'empty': 'False', 'quiet': 'False', 'no_print': 'None', 'warn_error_options': 'WarnErrorOptions(include=[], exclude=[])', 'introspect': 'True', 'log_format': 'default', 'invocation_command': 'dbt build --select int_movie_genres_bridge int_movie_countries_bridge int_movie_cast_bridge int_movie_directors_bridge int_movie_languages_bridge int_movie_writers_bridge', 'target_path': 'None', 'static_parser': 'True', 'send_anonymous_usage_stats': 'True'}
[0m17:40:49.858559 [error] [MainThread]: Encountered an error:
Runtime Error
  No dbt_project.yml found at expected path /home/dksan/code/data-engineer/dagster-mflix/dbt_project.yml
  Verify that each entry within packages.yml (and their transitive dependencies) contains a file named dbt_project.yml
  
[0m17:40:49.859380 [debug] [MainThread]: Resource report: {"command_name": "build", "command_wall_clock_time": 0.06540308, "process_user_time": 0.886693, "process_kernel_time": 0.095858, "process_mem_max_rss": "99412", "process_in_blocks": "8", "process_out_blocks": "16", "command_success": false}
[0m17:40:49.859921 [debug] [MainThread]: Command `dbt build` failed at 17:40:49.859818 after 0.07 seconds
[0m17:40:49.860240 [debug] [MainThread]: Sending event: {'category': 'dbt', 'action': 'invocation', 'label': 'end', 'context': [<snowplow_tracker.self_describing_json.SelfDescribingJson object at 0x7ec1a043fdd0>, <snowplow_tracker.self_describing_json.SelfDescribingJson object at 0x7ec1a043fd50>, <snowplow_tracker.self_describing_json.SelfDescribingJson object at 0x7ec1a043fcd0>]}
[0m17:40:49.860551 [debug] [MainThread]: Flushing usage events
[0m11:11:17.852741 [debug] [MainThread]: Sending event: {'category': 'dbt', 'action': 'invocation', 'label': 'start', 'context': [<snowplow_tracker.self_describing_json.SelfDescribingJson object at 0x7d478d2953d0>, <snowplow_tracker.self_describing_json.SelfDescribingJson object at 0x7d478d0e33d0>, <snowplow_tracker.self_describing_json.SelfDescribingJson object at 0x7d478d489e50>]}


============================== 11:11:17.855454 | 7aa42bf5-ff15-4320-89d7-e10088b7c740 ==============================
[0m11:11:17.855454 [info ] [MainThread]: Running with dbt=1.8.8
[0m11:11:17.855997 [debug] [MainThread]: running dbt with arguments {'printer_width': '80', 'indirect_selection': 'eager', 'write_json': 'True', 'log_cache_events': 'False', 'partial_parse': 'True', 'cache_selected_only': 'False', 'warn_error': 'None', 'version_check': 'True', 'debug': 'False', 'log_path': 'logs', 'profiles_dir': '/home/dksan/.dbt', 'fail_fast': 'True', 'use_colors': 'True', 'use_experimental_parser': 'False', 'no_print': 'None', 'quiet': 'False', 'empty': 'False', 'log_format': 'default', 'static_parser': 'True', 'invocation_command': 'dbt build -s mflix_snowflake/models/marts/dim_genres.sql mflix_snowflake/models/marts/dim_languages.sql mflix_snowflake/models/marts/dim_directors.sql mflix_snowflake/models/marts/dim_writers.sql mflix_snowflake/models/marts/dim_cast.sql mflix_snowflake/models/marts/agg_top_movies_by_month.sql mflix_snowflake/models/marts/fct_movie_engagement.sql --fail-fast', 'warn_error_options': 'WarnErrorOptions(include=[], exclude=[])', 'target_path': 'None', 'introspect': 'True', 'send_anonymous_usage_stats': 'True'}
[0m11:11:17.856429 [error] [MainThread]: Encountered an error:
Runtime Error
  No dbt_project.yml found at expected path /home/dksan/code/data-engineer/dagster-mflix/dbt_project.yml
  Verify that each entry within packages.yml (and their transitive dependencies) contains a file named dbt_project.yml
  
[0m11:11:17.857214 [debug] [MainThread]: Resource report: {"command_name": "build", "command_wall_clock_time": 0.046079133, "process_user_time": 0.890812, "process_kernel_time": 0.076464, "process_mem_max_rss": "99764", "process_out_blocks": "16", "command_success": false, "process_in_blocks": "0"}
[0m11:11:17.857634 [debug] [MainThread]: Command `dbt build` failed at 11:11:17.857542 after 0.05 seconds
[0m11:11:17.857988 [debug] [MainThread]: Sending event: {'category': 'dbt', 'action': 'invocation', 'label': 'end', 'context': [<snowplow_tracker.self_describing_json.SelfDescribingJson object at 0x7d478d10ff50>, <snowplow_tracker.self_describing_json.SelfDescribingJson object at 0x7d478d10f790>, <snowplow_tracker.self_describing_json.SelfDescribingJson object at 0x7d4790c65150>]}
[0m11:11:17.858302 [debug] [MainThread]: Flushing usage events
