[32m2026-04-07 14:01:54 +0000[0m - dagster - [34mDEBUG[0m - __ASSET_JOB - e0ff3173-80a4-4b77-9c24-0d3310d6544c - 518384 - LOGS_CAPTURED - Started capturing logs in process (pid: 518384).
[32m2026-04-07 14:01:54 +0000[0m - dagster - [34mDEBUG[0m - __ASSET_JOB - e0ff3173-80a4-4b77-9c24-0d3310d6544c - 518384 - dbt_intermediate - STEP_START - Started execution of step "dbt_intermediate".
[32m2026-04-07 14:01:54 +0000[0m - dagster - [34mINFO[0m - __ASSET_JOB - e0ff3173-80a4-4b77-9c24-0d3310d6544c - dbt_intermediate - A dbt subsetted execution is not being performed. Using the default dbt selection arguments `['--select', 'intermediate.*']`.
[32m2026-04-07 14:01:59 +0000[0m - dagster - [34mINFO[0m - __ASSET_JOB - e0ff3173-80a4-4b77-9c24-0d3310d6544c - dbt_intermediate - Copying `/home/dksan/code/data-engineer/dagster-mflix/mflix_snowflake/target/partial_parse.msgpack` to `/home/dksan/code/data-engineer/dagster-mflix/mflix_snowflake/target/dbt_intermediate-e0ff317-1ec8e95/partial_parse.msgpack` to take advantage of partial parsing.
[32m2026-04-07 14:01:59 +0000[0m - dagster - [34mINFO[0m - __ASSET_JOB - e0ff3173-80a4-4b77-9c24-0d3310d6544c - dbt_intermediate - Running dbt command: `/home/dksan/code/data-engineer/dagster-mflix/.venv/bin/dbt build --select intermediate.*`.
[32m2026-04-07 14:02:12 +0000[0m - dagster - [34mDEBUG[0m - __ASSET_JOB - e0ff3173-80a4-4b77-9c24-0d3310d6544c - 518384 - dbt_intermediate - STEP_OUTPUT - Yielded output "int_movie_directors_bridge" of type "Nothing". (Type check passed).
[32m2026-04-07 14:02:12 +0000[0m - dagster - [34mDEBUG[0m - __ASSET_JOB - e0ff3173-80a4-4b77-9c24-0d3310d6544c - 518384 - dbt_intermediate - ASSET_MATERIALIZATION - Materialized value int_movie_directors_bridge.
[32m2026-04-07 14:02:13 +0000[0m - dagster - [34mDEBUG[0m - __ASSET_JOB - e0ff3173-80a4-4b77-9c24-0d3310d6544c - 518384 - dbt_intermediate - STEP_OUTPUT - Yielded output "int_movie_cast_bridge" of type "Nothing". (Type check passed).
[32m2026-04-07 14:02:13 +0000[0m - dagster - [34mDEBUG[0m - __ASSET_JOB - e0ff3173-80a4-4b77-9c24-0d3310d6544c - 518384 - dbt_intermediate - ASSET_MATERIALIZATION - Materialized value int_movie_cast_bridge.
[32m2026-04-07 14:02:12 +0000[0m - dagster - [34mDEBUG[0m - __ASSET_JOB - e0ff3173-80a4-4b77-9c24-0d3310d6544c - 518384 - dbt_intermediate - STEP_OUTPUT - Yielded output "int_movie_countries_bridge" of type "Nothing". (Type check passed).
[32m2026-04-07 14:02:12 +0000[0m - dagster - [34mDEBUG[0m - __ASSET_JOB - e0ff3173-80a4-4b77-9c24-0d3310d6544c - 518384 - dbt_intermediate - ASSET_MATERIALIZATION - Materialized value int_movie_countries_bridge.
[32m2026-04-07 14:02:14 +0000[0m - dagster - [34mDEBUG[0m - __ASSET_JOB - e0ff3173-80a4-4b77-9c24-0d3310d6544c - 518384 - dbt_intermediate - STEP_OUTPUT - Yielded output "int_movie_flattened" of type "Nothing". (Type check passed).
[32m2026-04-07 14:02:14 +0000[0m - dagster - [34mDEBUG[0m - __ASSET_JOB - e0ff3173-80a4-4b77-9c24-0d3310d6544c - 518384 - dbt_intermediate - ASSET_MATERIALIZATION - Materialized value int_movie_flattened.
[32m2026-04-07 14:02:15 +0000[0m - dagster - [34mDEBUG[0m - __ASSET_JOB - e0ff3173-80a4-4b77-9c24-0d3310d6544c - 518384 - dbt_intermediate - STEP_OUTPUT - Yielded output "int_movie_languages_bridge" of type "Nothing". (Type check passed).
[32m2026-04-07 14:02:15 +0000[0m - dagster - [34mDEBUG[0m - __ASSET_JOB - e0ff3173-80a4-4b77-9c24-0d3310d6544c - 518384 - dbt_intermediate - ASSET_MATERIALIZATION - Materialized value int_movie_languages_bridge.
[32m2026-04-07 14:02:16 +0000[0m - dagster - [34mDEBUG[0m - __ASSET_JOB - e0ff3173-80a4-4b77-9c24-0d3310d6544c - 518384 - dbt_intermediate - STEP_OUTPUT - Yielded output "int_movie_genres_bridge" of type "Nothing". (Type check passed).
[32m2026-04-07 14:02:16 +0000[0m - dagster - [34mDEBUG[0m - __ASSET_JOB - e0ff3173-80a4-4b77-9c24-0d3310d6544c - 518384 - dbt_intermediate - ASSET_MATERIALIZATION - Materialized value int_movie_genres_bridge.
[32m2026-04-07 14:02:17 +0000[0m - dagster - [34mDEBUG[0m - __ASSET_JOB - e0ff3173-80a4-4b77-9c24-0d3310d6544c - 518384 - dbt_intermediate - STEP_OUTPUT - Yielded output "int_movie_writers_bridge" of type "Nothing". (Type check passed).
[32m2026-04-07 14:02:17 +0000[0m - dagster - [34mDEBUG[0m - __ASSET_JOB - e0ff3173-80a4-4b77-9c24-0d3310d6544c - 518384 - dbt_intermediate - ASSET_MATERIALIZATION - Materialized value int_movie_writers_bridge.
[32m2026-04-07 14:02:17 +0000[0m - dagster - [34mDEBUG[0m - __ASSET_JOB - e0ff3173-80a4-4b77-9c24-0d3310d6544c - 518384 - dbt_intermediate - STEP_OUTPUT - Yielded output "int_movie_directors_bridge_dbt_utils_expression_is_true_int_movie_directors_bridge_director_ordinal___0" of type "Any". (Type check passed).
[32m2026-04-07 14:02:17 +0000[0m - dagster - [34mDEBUG[0m - __ASSET_JOB - e0ff3173-80a4-4b77-9c24-0d3310d6544c - 518384 - dbt_intermediate - ASSET_CHECK_EVALUATION - Asset check 'dbt_utils_expression_is_true_int_movie_directors_bridge_director_ordinal___0' on 'int_movie_directors_bridge' passed.
[32m2026-04-07 14:02:19 +0000[0m - dagster - [34mDEBUG[0m - __ASSET_JOB - e0ff3173-80a4-4b77-9c24-0d3310d6544c - 518384 - dbt_intermediate - STEP_OUTPUT - Yielded output "int_movie_directors_bridge_dbt_utils_unique_combination_of_columns_int_movie_directors_bridge_movie_id__director_name" of type "Any". (Type check passed).
[32m2026-04-07 14:02:19 +0000[0m - dagster - [34mDEBUG[0m - __ASSET_JOB - e0ff3173-80a4-4b77-9c24-0d3310d6544c - 518384 - dbt_intermediate - ASSET_CHECK_EVALUATION - Asset check 'dbt_utils_unique_combination_of_columns_int_movie_directors_bridge_movie_id__director_name' on 'int_movie_directors_bridge' passed.
[32m2026-04-07 14:02:19 +0000[0m - dagster - [34mDEBUG[0m - __ASSET_JOB - e0ff3173-80a4-4b77-9c24-0d3310d6544c - 518384 - dbt_intermediate - STEP_OUTPUT - Yielded output "int_movie_directors_bridge_not_null_int_movie_directors_bridge_director_name" of type "Any". (Type check passed).
[32m2026-04-07 14:02:19 +0000[0m - dagster - [34mDEBUG[0m - __ASSET_JOB - e0ff3173-80a4-4b77-9c24-0d3310d6544c - 518384 - dbt_intermediate - ASSET_CHECK_EVALUATION - Asset check 'not_null_int_movie_directors_bridge_director_name' on 'int_movie_directors_bridge' passed.
[32m2026-04-07 14:02:20 +0000[0m - dagster - [34mDEBUG[0m - __ASSET_JOB - e0ff3173-80a4-4b77-9c24-0d3310d6544c - 518384 - dbt_intermediate - STEP_OUTPUT - Yielded output "int_movie_directors_bridge_not_null_int_movie_directors_bridge_dlt_movie_id" of type "Any". (Type check passed).
[32m2026-04-07 14:02:20 +0000[0m - dagster - [34mDEBUG[0m - __ASSET_JOB - e0ff3173-80a4-4b77-9c24-0d3310d6544c - 518384 - dbt_intermediate - ASSET_CHECK_EVALUATION - Asset check 'not_null_int_movie_directors_bridge_dlt_movie_id' on 'int_movie_directors_bridge' passed.
[32m2026-04-07 14:02:21 +0000[0m - dagster - [34mDEBUG[0m - __ASSET_JOB - e0ff3173-80a4-4b77-9c24-0d3310d6544c - 518384 - dbt_intermediate - STEP_OUTPUT - Yielded output "int_movie_directors_bridge_not_null_int_movie_directors_bridge_movie_id" of type "Any". (Type check passed).
[32m2026-04-07 14:02:21 +0000[0m - dagster - [34mDEBUG[0m - __ASSET_JOB - e0ff3173-80a4-4b77-9c24-0d3310d6544c - 518384 - dbt_intermediate - ASSET_CHECK_EVALUATION - Asset check 'not_null_int_movie_directors_bridge_movie_id' on 'int_movie_directors_bridge' passed.
[32m2026-04-07 14:02:22 +0000[0m - dagster - [34mDEBUG[0m - __ASSET_JOB - e0ff3173-80a4-4b77-9c24-0d3310d6544c - 518384 - dbt_intermediate - STEP_OUTPUT - Yielded output "int_movie_cast_bridge_dbt_utils_expression_is_true_int_movie_cast_bridge_cast_ordinal___0" of type "Any". (Type check passed).
[32m2026-04-07 14:02:22 +0000[0m - dagster - [34mDEBUG[0m - __ASSET_JOB - e0ff3173-80a4-4b77-9c24-0d3310d6544c - 518384 - dbt_intermediate - ASSET_CHECK_EVALUATION - Asset check 'dbt_utils_expression_is_true_int_movie_cast_bridge_cast_ordinal___0' on 'int_movie_cast_bridge' passed.
[32m2026-04-07 14:02:22 +0000[0m - dagster - [34mDEBUG[0m - __ASSET_JOB - e0ff3173-80a4-4b77-9c24-0d3310d6544c - 518384 - dbt_intermediate - STEP_OUTPUT - Yielded output "int_movie_cast_bridge_dbt_utils_unique_combination_of_columns_int_movie_cast_bridge_movie_id__cast_name" of type "Any". (Type check passed).
[32m2026-04-07 14:02:23 +0000[0m - dagster - [34mDEBUG[0m - __ASSET_JOB - e0ff3173-80a4-4b77-9c24-0d3310d6544c - 518384 - dbt_intermediate - ASSET_CHECK_EVALUATION - Asset check 'dbt_utils_unique_combination_of_columns_int_movie_cast_bridge_movie_id__cast_name' on 'int_movie_cast_bridge' passed.
[32m2026-04-07 14:02:23 +0000[0m - dagster - [34mDEBUG[0m - __ASSET_JOB - e0ff3173-80a4-4b77-9c24-0d3310d6544c - 518384 - dbt_intermediate - STEP_OUTPUT - Yielded output "int_movie_cast_bridge_not_null_int_movie_cast_bridge_cast_name" of type "Any". (Type check passed).
[32m2026-04-07 14:02:23 +0000[0m - dagster - [34mDEBUG[0m - __ASSET_JOB - e0ff3173-80a4-4b77-9c24-0d3310d6544c - 518384 - dbt_intermediate - ASSET_CHECK_EVALUATION - Asset check 'not_null_int_movie_cast_bridge_cast_name' on 'int_movie_cast_bridge' passed.
[32m2026-04-07 14:02:24 +0000[0m - dagster - [34mDEBUG[0m - __ASSET_JOB - e0ff3173-80a4-4b77-9c24-0d3310d6544c - 518384 - dbt_intermediate - STEP_OUTPUT - Yielded output "int_movie_cast_bridge_not_null_int_movie_cast_bridge_dlt_movie_id" of type "Any". (Type check passed).
[32m2026-04-07 14:02:24 +0000[0m - dagster - [34mDEBUG[0m - __ASSET_JOB - e0ff3173-80a4-4b77-9c24-0d3310d6544c - 518384 - dbt_intermediate - ASSET_CHECK_EVALUATION - Asset check 'not_null_int_movie_cast_bridge_dlt_movie_id' on 'int_movie_cast_bridge' passed.
[32m2026-04-07 14:02:25 +0000[0m - dagster - [34mDEBUG[0m - __ASSET_JOB - e0ff3173-80a4-4b77-9c24-0d3310d6544c - 518384 - dbt_intermediate - STEP_OUTPUT - Yielded output "int_movie_cast_bridge_not_null_int_movie_cast_bridge_movie_id" of type "Any". (Type check passed).
[32m2026-04-07 14:02:25 +0000[0m - dagster - [34mDEBUG[0m - __ASSET_JOB - e0ff3173-80a4-4b77-9c24-0d3310d6544c - 518384 - dbt_intermediate - ASSET_CHECK_EVALUATION - Asset check 'not_null_int_movie_cast_bridge_movie_id' on 'int_movie_cast_bridge' passed.
[32m2026-04-07 14:02:26 +0000[0m - dagster - [34mDEBUG[0m - __ASSET_JOB - e0ff3173-80a4-4b77-9c24-0d3310d6544c - 518384 - dbt_intermediate - STEP_OUTPUT - Yielded output "int_movie_countries_bridge_dbt_utils_expression_is_true_int_movie_countries_bridge_country_ordinal___0" of type "Any". (Type check passed).
[32m2026-04-07 14:02:26 +0000[0m - dagster - [34mDEBUG[0m - __ASSET_JOB - e0ff3173-80a4-4b77-9c24-0d3310d6544c - 518384 - dbt_intermediate - ASSET_CHECK_EVALUATION - Asset check 'dbt_utils_expression_is_true_int_movie_countries_bridge_country_ordinal___0' on 'int_movie_countries_bridge' passed.
[32m2026-04-07 14:02:27 +0000[0m - dagster - [34mDEBUG[0m - __ASSET_JOB - e0ff3173-80a4-4b77-9c24-0d3310d6544c - 518384 - dbt_intermediate - STEP_OUTPUT - Yielded output "int_movie_countries_bridge_dbt_utils_unique_combination_of_columns_int_movie_countries_bridge_movie_id__country_name" of type "Any". (Type check passed).
[32m2026-04-07 14:02:27 +0000[0m - dagster - [34mDEBUG[0m - __ASSET_JOB - e0ff3173-80a4-4b77-9c24-0d3310d6544c - 518384 - dbt_intermediate - ASSET_CHECK_EVALUATION - Asset check 'dbt_utils_unique_combination_of_columns_int_movie_countries_bridge_movie_id__country_name' on 'int_movie_countries_bridge' passed.
[32m2026-04-07 14:02:28 +0000[0m - dagster - [34mDEBUG[0m - __ASSET_JOB - e0ff3173-80a4-4b77-9c24-0d3310d6544c - 518384 - dbt_intermediate - STEP_OUTPUT - Yielded output "int_movie_countries_bridge_not_null_int_movie_countries_bridge_country_name" of type "Any". (Type check passed).
[32m2026-04-07 14:02:28 +0000[0m - dagster - [34mDEBUG[0m - __ASSET_JOB - e0ff3173-80a4-4b77-9c24-0d3310d6544c - 518384 - dbt_intermediate - ASSET_CHECK_EVALUATION - Asset check 'not_null_int_movie_countries_bridge_country_name' on 'int_movie_countries_bridge' passed.
[32m2026-04-07 14:02:29 +0000[0m - dagster - [34mDEBUG[0m - __ASSET_JOB - e0ff3173-80a4-4b77-9c24-0d3310d6544c - 518384 - dbt_intermediate - STEP_OUTPUT - Yielded output "int_movie_countries_bridge_not_null_int_movie_countries_bridge_dlt_movie_id" of type "Any". (Type check passed).
[32m2026-04-07 14:02:29 +0000[0m - dagster - [34mDEBUG[0m - __ASSET_JOB - e0ff3173-80a4-4b77-9c24-0d3310d6544c - 518384 - dbt_intermediate - ASSET_CHECK_EVALUATION - Asset check 'not_null_int_movie_countries_bridge_dlt_movie_id' on 'int_movie_countries_bridge' passed.
[32m2026-04-07 14:02:31 +0000[0m - dagster - [34mDEBUG[0m - __ASSET_JOB - e0ff3173-80a4-4b77-9c24-0d3310d6544c - 518384 - dbt_intermediate - STEP_OUTPUT - Yielded output "int_movie_countries_bridge_not_null_int_movie_countries_bridge_movie_id" of type "Any". (Type check passed).
[32m2026-04-07 14:02:31 +0000[0m - dagster - [34mDEBUG[0m - __ASSET_JOB - e0ff3173-80a4-4b77-9c24-0d3310d6544c - 518384 - dbt_intermediate - ASSET_CHECK_EVALUATION - Asset check 'not_null_int_movie_countries_bridge_movie_id' on 'int_movie_countries_bridge' passed.
[32m2026-04-07 14:02:32 +0000[0m - dagster - [34mDEBUG[0m - __ASSET_JOB - e0ff3173-80a4-4b77-9c24-0d3310d6544c - 518384 - dbt_intermediate - STEP_OUTPUT - Yielded output "int_movie_flattened_dbt_utils_expression_is_true_int_movie_flattened_imdb_rating__between_0_and_10" of type "Any". (Type check passed).
[32m2026-04-07 14:02:32 +0000[0m - dagster - [34mDEBUG[0m - __ASSET_JOB - e0ff3173-80a4-4b77-9c24-0d3310d6544c - 518384 - dbt_intermediate - ASSET_CHECK_EVALUATION - Asset check 'dbt_utils_expression_is_true_int_movie_flattened_imdb_rating__between_0_and_10' on 'int_movie_flattened' passed.
[32m2026-04-07 14:02:32 +0000[0m - dagster - [34mDEBUG[0m - __ASSET_JOB - e0ff3173-80a4-4b77-9c24-0d3310d6544c - 518384 - dbt_intermediate - STEP_OUTPUT - Yielded output "int_movie_flattened_dbt_utils_expression_is_true_int_movie_flattened_imdb_votes___0" of type "Any". (Type check passed).
[32m2026-04-07 14:02:32 +0000[0m - dagster - [34mDEBUG[0m - __ASSET_JOB - e0ff3173-80a4-4b77-9c24-0d3310d6544c - 518384 - dbt_intermediate - ASSET_CHECK_EVALUATION - Asset check 'dbt_utils_expression_is_true_int_movie_flattened_imdb_votes___0' on 'int_movie_flattened' passed.
[32m2026-04-07 14:02:33 +0000[0m - dagster - [34mDEBUG[0m - __ASSET_JOB - e0ff3173-80a4-4b77-9c24-0d3310d6544c - 518384 - dbt_intermediate - STEP_OUTPUT - Yielded output "int_movie_flattened_dbt_utils_expression_is_true_int_movie_flattened_movie_id_is_not_null_and_dlt_movie_id_is_not_null" of type "Any". (Type check passed).
[32m2026-04-07 14:02:33 +0000[0m - dagster - [34mDEBUG[0m - __ASSET_JOB - e0ff3173-80a4-4b77-9c24-0d3310d6544c - 518384 - dbt_intermediate - ASSET_CHECK_EVALUATION - Asset check 'dbt_utils_expression_is_true_int_movie_flattened_movie_id_is_not_null_and_dlt_movie_id_is_not_null' on 'int_movie_flattened' passed.
[32m2026-04-07 14:02:34 +0000[0m - dagster - [34mDEBUG[0m - __ASSET_JOB - e0ff3173-80a4-4b77-9c24-0d3310d6544c - 518384 - dbt_intermediate - STEP_OUTPUT - Yielded output "int_movie_flattened_dbt_utils_expression_is_true_int_movie_flattened_runtime___0" of type "Any". (Type check passed).
[32m2026-04-07 14:02:34 +0000[0m - dagster - [34mDEBUG[0m - __ASSET_JOB - e0ff3173-80a4-4b77-9c24-0d3310d6544c - 518384 - dbt_intermediate - ASSET_CHECK_EVALUATION - Asset check 'dbt_utils_expression_is_true_int_movie_flattened_runtime___0' on 'int_movie_flattened' passed.
[32m2026-04-07 14:02:35 +0000[0m - dagster - [34mDEBUG[0m - __ASSET_JOB - e0ff3173-80a4-4b77-9c24-0d3310d6544c - 518384 - dbt_intermediate - STEP_OUTPUT - Yielded output "int_movie_flattened_dbt_utils_expression_is_true_int_movie_flattened_year___1888" of type "Any". (Type check passed).
[32m2026-04-07 14:02:35 +0000[0m - dagster - [34mDEBUG[0m - __ASSET_JOB - e0ff3173-80a4-4b77-9c24-0d3310d6544c - 518384 - dbt_intermediate - ASSET_CHECK_EVALUATION - Asset check 'dbt_utils_expression_is_true_int_movie_flattened_year___1888' on 'int_movie_flattened' passed.
[32m2026-04-07 14:02:36 +0000[0m - dagster - [34mDEBUG[0m - __ASSET_JOB - e0ff3173-80a4-4b77-9c24-0d3310d6544c - 518384 - dbt_intermediate - STEP_OUTPUT - Yielded output "int_movie_flattened_not_null_int_movie_flattened_dlt_movie_id" of type "Any". (Type check passed).
[32m2026-04-07 14:02:36 +0000[0m - dagster - [34mDEBUG[0m - __ASSET_JOB - e0ff3173-80a4-4b77-9c24-0d3310d6544c - 518384 - dbt_intermediate - ASSET_CHECK_EVALUATION - Asset check 'not_null_int_movie_flattened_dlt_movie_id' on 'int_movie_flattened' passed.
[32m2026-04-07 14:02:36 +0000[0m - dagster - [34mDEBUG[0m - __ASSET_JOB - e0ff3173-80a4-4b77-9c24-0d3310d6544c - 518384 - dbt_intermediate - STEP_OUTPUT - Yielded output "int_movie_flattened_not_null_int_movie_flattened_movie_id" of type "Any". (Type check passed).
[32m2026-04-07 14:02:36 +0000[0m - dagster - [34mDEBUG[0m - __ASSET_JOB - e0ff3173-80a4-4b77-9c24-0d3310d6544c - 518384 - dbt_intermediate - ASSET_CHECK_EVALUATION - Asset check 'not_null_int_movie_flattened_movie_id' on 'int_movie_flattened' passed.
[32m2026-04-07 14:02:37 +0000[0m - dagster - [34mDEBUG[0m - __ASSET_JOB - e0ff3173-80a4-4b77-9c24-0d3310d6544c - 518384 - dbt_intermediate - STEP_OUTPUT - Yielded output "int_movie_flattened_not_null_int_movie_flattened_title" of type "Any". (Type check passed).
[32m2026-04-07 14:02:37 +0000[0m - dagster - [34mDEBUG[0m - __ASSET_JOB - e0ff3173-80a4-4b77-9c24-0d3310d6544c - 518384 - dbt_intermediate - ASSET_CHECK_EVALUATION - Asset check 'not_null_int_movie_flattened_title' on 'int_movie_flattened' passed.
[32m2026-04-07 14:02:38 +0000[0m - dagster - [34mDEBUG[0m - __ASSET_JOB - e0ff3173-80a4-4b77-9c24-0d3310d6544c - 518384 - dbt_intermediate - STEP_OUTPUT - Yielded output "int_movie_flattened_unique_int_movie_flattened_dlt_movie_id" of type "Any". (Type check passed).
[32m2026-04-07 14:02:38 +0000[0m - dagster - [34mDEBUG[0m - __ASSET_JOB - e0ff3173-80a4-4b77-9c24-0d3310d6544c - 518384 - dbt_intermediate - ASSET_CHECK_EVALUATION - Asset check 'unique_int_movie_flattened_dlt_movie_id' on 'int_movie_flattened' passed.
[32m2026-04-07 14:02:39 +0000[0m - dagster - [34mDEBUG[0m - __ASSET_JOB - e0ff3173-80a4-4b77-9c24-0d3310d6544c - 518384 - dbt_intermediate - STEP_OUTPUT - Yielded output "int_movie_flattened_unique_int_movie_flattened_movie_id" of type "Any". (Type check passed).
[32m2026-04-07 14:02:39 +0000[0m - dagster - [34mDEBUG[0m - __ASSET_JOB - e0ff3173-80a4-4b77-9c24-0d3310d6544c - 518384 - dbt_intermediate - ASSET_CHECK_EVALUATION - Asset check 'unique_int_movie_flattened_movie_id' on 'int_movie_flattened' passed.
[32m2026-04-07 14:02:40 +0000[0m - dagster - [34mDEBUG[0m - __ASSET_JOB - e0ff3173-80a4-4b77-9c24-0d3310d6544c - 518384 - dbt_intermediate - STEP_OUTPUT - Yielded output "int_movie_languages_bridge_dbt_utils_expression_is_true_int_movie_languages_bridge_language_ordinal___0" of type "Any". (Type check passed).
[32m2026-04-07 14:02:40 +0000[0m - dagster - [34mDEBUG[0m - __ASSET_JOB - e0ff3173-80a4-4b77-9c24-0d3310d6544c - 518384 - dbt_intermediate - ASSET_CHECK_EVALUATION - Asset check 'dbt_utils_expression_is_true_int_movie_languages_bridge_language_ordinal___0' on 'int_movie_languages_bridge' passed.
[32m2026-04-07 14:02:41 +0000[0m - dagster - [34mDEBUG[0m - __ASSET_JOB - e0ff3173-80a4-4b77-9c24-0d3310d6544c - 518384 - dbt_intermediate - STEP_OUTPUT - Yielded output "int_movie_languages_bridge_dbt_utils_unique_combination_of_columns_int_movie_languages_bridge_movie_id__language_name" of type "Any". (Type check passed).
[32m2026-04-07 14:02:41 +0000[0m - dagster - [34mDEBUG[0m - __ASSET_JOB - e0ff3173-80a4-4b77-9c24-0d3310d6544c - 518384 - dbt_intermediate - ASSET_CHECK_EVALUATION - Asset check 'dbt_utils_unique_combination_of_columns_int_movie_languages_bridge_movie_id__language_name' on 'int_movie_languages_bridge' passed.
[32m2026-04-07 14:02:42 +0000[0m - dagster - [34mDEBUG[0m - __ASSET_JOB - e0ff3173-80a4-4b77-9c24-0d3310d6544c - 518384 - dbt_intermediate - STEP_OUTPUT - Yielded output "int_movie_languages_bridge_not_null_int_movie_languages_bridge_dlt_movie_id" of type "Any". (Type check passed).
[32m2026-04-07 14:02:42 +0000[0m - dagster - [34mDEBUG[0m - __ASSET_JOB - e0ff3173-80a4-4b77-9c24-0d3310d6544c - 518384 - dbt_intermediate - ASSET_CHECK_EVALUATION - Asset check 'not_null_int_movie_languages_bridge_dlt_movie_id' on 'int_movie_languages_bridge' passed.
[32m2026-04-07 14:02:42 +0000[0m - dagster - [34mDEBUG[0m - __ASSET_JOB - e0ff3173-80a4-4b77-9c24-0d3310d6544c - 518384 - dbt_intermediate - STEP_OUTPUT - Yielded output "int_movie_languages_bridge_not_null_int_movie_languages_bridge_language_name" of type "Any". (Type check passed).
[32m2026-04-07 14:02:42 +0000[0m - dagster - [34mDEBUG[0m - __ASSET_JOB - e0ff3173-80a4-4b77-9c24-0d3310d6544c - 518384 - dbt_intermediate - ASSET_CHECK_EVALUATION - Asset check 'not_null_int_movie_languages_bridge_language_name' on 'int_movie_languages_bridge' passed.
[32m2026-04-07 14:02:43 +0000[0m - dagster - [34mDEBUG[0m - __ASSET_JOB - e0ff3173-80a4-4b77-9c24-0d3310d6544c - 518384 - dbt_intermediate - STEP_OUTPUT - Yielded output "int_movie_languages_bridge_not_null_int_movie_languages_bridge_movie_id" of type "Any". (Type check passed).
[32m2026-04-07 14:02:43 +0000[0m - dagster - [34mDEBUG[0m - __ASSET_JOB - e0ff3173-80a4-4b77-9c24-0d3310d6544c - 518384 - dbt_intermediate - ASSET_CHECK_EVALUATION - Asset check 'not_null_int_movie_languages_bridge_movie_id' on 'int_movie_languages_bridge' passed.
[32m2026-04-07 14:02:44 +0000[0m - dagster - [34mDEBUG[0m - __ASSET_JOB - e0ff3173-80a4-4b77-9c24-0d3310d6544c - 518384 - dbt_intermediate - STEP_OUTPUT - Yielded output "int_movie_genres_bridge_dbt_utils_expression_is_true_int_movie_genres_bridge_genre_ordinal___0" of type "Any". (Type check passed).
[32m2026-04-07 14:02:44 +0000[0m - dagster - [34mDEBUG[0m - __ASSET_JOB - e0ff3173-80a4-4b77-9c24-0d3310d6544c - 518384 - dbt_intermediate - ASSET_CHECK_EVALUATION - Asset check 'dbt_utils_expression_is_true_int_movie_genres_bridge_genre_ordinal___0' on 'int_movie_genres_bridge' passed.
[32m2026-04-07 14:02:43 +0000[0m - dagster - [34mDEBUG[0m - __ASSET_JOB - e0ff3173-80a4-4b77-9c24-0d3310d6544c - 518384 - dbt_intermediate - STEP_OUTPUT - Yielded output "int_movie_genres_bridge_dbt_utils_unique_combination_of_columns_int_movie_genres_bridge_movie_id__genre_name" of type "Any". (Type check passed).
[32m2026-04-07 14:02:43 +0000[0m - dagster - [34mDEBUG[0m - __ASSET_JOB - e0ff3173-80a4-4b77-9c24-0d3310d6544c - 518384 - dbt_intermediate - ASSET_CHECK_EVALUATION - Asset check 'dbt_utils_unique_combination_of_columns_int_movie_genres_bridge_movie_id__genre_name' on 'int_movie_genres_bridge' passed.
[32m2026-04-07 14:02:44 +0000[0m - dagster - [34mDEBUG[0m - __ASSET_JOB - e0ff3173-80a4-4b77-9c24-0d3310d6544c - 518384 - dbt_intermediate - STEP_OUTPUT - Yielded output "int_movie_genres_bridge_not_null_int_movie_genres_bridge_dlt_movie_id" of type "Any". (Type check passed).
[32m2026-04-07 14:02:44 +0000[0m - dagster - [34mDEBUG[0m - __ASSET_JOB - e0ff3173-80a4-4b77-9c24-0d3310d6544c - 518384 - dbt_intermediate - ASSET_CHECK_EVALUATION - Asset check 'not_null_int_movie_genres_bridge_dlt_movie_id' on 'int_movie_genres_bridge' passed.
[32m2026-04-07 14:02:44 +0000[0m - dagster - [34mDEBUG[0m - __ASSET_JOB - e0ff3173-80a4-4b77-9c24-0d3310d6544c - 518384 - dbt_intermediate - STEP_OUTPUT - Yielded output "int_movie_genres_bridge_not_null_int_movie_genres_bridge_genre_name" of type "Any". (Type check passed).
[32m2026-04-07 14:02:44 +0000[0m - dagster - [34mDEBUG[0m - __ASSET_JOB - e0ff3173-80a4-4b77-9c24-0d3310d6544c - 518384 - dbt_intermediate - ASSET_CHECK_EVALUATION - Asset check 'not_null_int_movie_genres_bridge_genre_name' on 'int_movie_genres_bridge' passed.
[32m2026-04-07 14:02:46 +0000[0m - dagster - [34mDEBUG[0m - __ASSET_JOB - e0ff3173-80a4-4b77-9c24-0d3310d6544c - 518384 - dbt_intermediate - STEP_OUTPUT - Yielded output "int_movie_genres_bridge_not_null_int_movie_genres_bridge_movie_id" of type "Any". (Type check passed).
[32m2026-04-07 14:02:46 +0000[0m - dagster - [34mDEBUG[0m - __ASSET_JOB - e0ff3173-80a4-4b77-9c24-0d3310d6544c - 518384 - dbt_intermediate - ASSET_CHECK_EVALUATION - Asset check 'not_null_int_movie_genres_bridge_movie_id' on 'int_movie_genres_bridge' passed.
[32m2026-04-07 14:02:46 +0000[0m - dagster - [34mDEBUG[0m - __ASSET_JOB - e0ff3173-80a4-4b77-9c24-0d3310d6544c - 518384 - dbt_intermediate - STEP_OUTPUT - Yielded output "int_movie_writers_bridge_dbt_utils_expression_is_true_int_movie_writers_bridge_writer_ordinal___0" of type "Any". (Type check passed).
[32m2026-04-07 14:02:46 +0000[0m - dagster - [34mDEBUG[0m - __ASSET_JOB - e0ff3173-80a4-4b77-9c24-0d3310d6544c - 518384 - dbt_intermediate - ASSET_CHECK_EVALUATION - Asset check 'dbt_utils_expression_is_true_int_movie_writers_bridge_writer_ordinal___0' on 'int_movie_writers_bridge' passed.
[32m2026-04-07 14:02:47 +0000[0m - dagster - [34mDEBUG[0m - __ASSET_JOB - e0ff3173-80a4-4b77-9c24-0d3310d6544c - 518384 - dbt_intermediate - STEP_OUTPUT - Yielded output "int_movie_writers_bridge_dbt_utils_unique_combination_of_columns_int_movie_writers_bridge_movie_id__writer_name" of type "Any". (Type check passed).
[32m2026-04-07 14:02:47 +0000[0m - dagster - [34mDEBUG[0m - __ASSET_JOB - e0ff3173-80a4-4b77-9c24-0d3310d6544c - 518384 - dbt_intermediate - ASSET_CHECK_EVALUATION - Asset check 'dbt_utils_unique_combination_of_columns_int_movie_writers_bridge_movie_id__writer_name' on 'int_movie_writers_bridge' passed.
[32m2026-04-07 14:02:47 +0000[0m - dagster - [34mDEBUG[0m - __ASSET_JOB - e0ff3173-80a4-4b77-9c24-0d3310d6544c - 518384 - dbt_intermediate - STEP_OUTPUT - Yielded output "int_movie_writers_bridge_not_null_int_movie_writers_bridge_dlt_movie_id" of type "Any". (Type check passed).
[32m2026-04-07 14:02:47 +0000[0m - dagster - [34mDEBUG[0m - __ASSET_JOB - e0ff3173-80a4-4b77-9c24-0d3310d6544c - 518384 - dbt_intermediate - ASSET_CHECK_EVALUATION - Asset check 'not_null_int_movie_writers_bridge_dlt_movie_id' on 'int_movie_writers_bridge' passed.
[32m2026-04-07 14:02:49 +0000[0m - dagster - [34mDEBUG[0m - __ASSET_JOB - e0ff3173-80a4-4b77-9c24-0d3310d6544c - 518384 - dbt_intermediate - STEP_OUTPUT - Yielded output "int_movie_writers_bridge_not_null_int_movie_writers_bridge_movie_id" of type "Any". (Type check passed).
[32m2026-04-07 14:02:49 +0000[0m - dagster - [34mDEBUG[0m - __ASSET_JOB - e0ff3173-80a4-4b77-9c24-0d3310d6544c - 518384 - dbt_intermediate - ASSET_CHECK_EVALUATION - Asset check 'not_null_int_movie_writers_bridge_movie_id' on 'int_movie_writers_bridge' passed.
[32m2026-04-07 14:02:50 +0000[0m - dagster - [34mDEBUG[0m - __ASSET_JOB - e0ff3173-80a4-4b77-9c24-0d3310d6544c - 518384 - dbt_intermediate - STEP_OUTPUT - Yielded output "int_movie_writers_bridge_not_null_int_movie_writers_bridge_writer_name" of type "Any". (Type check passed).
[32m2026-04-07 14:02:50 +0000[0m - dagster - [34mDEBUG[0m - __ASSET_JOB - e0ff3173-80a4-4b77-9c24-0d3310d6544c - 518384 - dbt_intermediate - ASSET_CHECK_EVALUATION - Asset check 'not_null_int_movie_writers_bridge_writer_name' on 'int_movie_writers_bridge' passed.
[32m2026-04-07 14:02:50 +0000[0m - dagster - [34mINFO[0m - __ASSET_JOB - e0ff3173-80a4-4b77-9c24-0d3310d6544c - dbt_intermediate - Finished dbt command: `/home/dksan/code/data-engineer/dagster-mflix/.venv/bin/dbt build --select intermediate.*`.
[32m2026-04-07 14:02:50 +0000[0m - dagster - [34mDEBUG[0m - __ASSET_JOB - e0ff3173-80a4-4b77-9c24-0d3310d6544c - 518384 - dbt_intermediate - STEP_SUCCESS - Finished execution of step "dbt_intermediate" in 59.03s.
