Running with dbt=1.8.8
Registered adapter: snowflake=1.8.4
Found 29 models, 104 data tests, 9 sources, 572 macros

Concurrency: 4 threads (target='dev')

1 of 47 START sql table model dbt_schema.int_movie_cast_bridge ................. [RUN]
2 of 47 START sql table model dbt_schema.int_movie_countries_bridge ............ [RUN]
3 of 47 START sql table model dbt_schema.int_movie_directors_bridge ............ [RUN]
4 of 47 START sql table model dbt_schema.int_movie_flattened ................... [RUN]
3 of 47 OK created sql table model dbt_schema.int_movie_directors_bridge ....... [[32mSUCCESS 1[0m in 4.60s]
5 of 47 START sql table model dbt_schema.int_movie_genres_bridge ............... [RUN]
1 of 47 OK created sql table model dbt_schema.int_movie_cast_bridge ............ [[32mSUCCESS 1[0m in 5.24s]
6 of 47 START sql table model dbt_schema.int_movie_languages_bridge ............ [RUN]
2 of 47 OK created sql table model dbt_schema.int_movie_countries_bridge ....... [[32mSUCCESS 1[0m in 4.46s]
7 of 47 START sql table model dbt_schema.int_movie_writers_bridge .............. [RUN]
4 of 47 OK created sql table model dbt_schema.int_movie_flattened .............. [[32mSUCCESS 1[0m in 6.21s]
8 of 47 START test dbt_utils_expression_is_true_int_movie_directors_bridge_director_ordinal___0  [RUN]
6 of 47 OK created sql table model dbt_schema.int_movie_languages_bridge ....... [[32mSUCCESS 1[0m in 2.27s]
9 of 47 START test dbt_utils_unique_combination_of_columns_int_movie_directors_bridge_movie_id__director_name  [RUN]
5 of 47 OK created sql table model dbt_schema.int_movie_genres_bridge .......... [[32mSUCCESS 1[0m in 3.63s]
10 of 47 START test not_null_int_movie_directors_bridge_director_name .......... [RUN]
7 of 47 OK created sql table model dbt_schema.int_movie_writers_bridge ......... [[32mSUCCESS 1[0m in 4.55s]
11 of 47 START test not_null_int_movie_directors_bridge_dlt_movie_id ........... [RUN]
8 of 47 PASS dbt_utils_expression_is_true_int_movie_directors_bridge_director_ordinal___0  [[32mPASS[0m in 3.31s]
12 of 47 START test not_null_int_movie_directors_bridge_movie_id ............... [RUN]
9 of 47 PASS dbt_utils_unique_combination_of_columns_int_movie_directors_bridge_movie_id__director_name  [[32mPASS[0m in 3.92s]
13 of 47 START test dbt_utils_expression_is_true_int_movie_cast_bridge_cast_ordinal___0  [RUN]
10 of 47 PASS not_null_int_movie_directors_bridge_director_name ................ [[32mPASS[0m in 3.22s]
14 of 47 START test dbt_utils_unique_combination_of_columns_int_movie_cast_bridge_movie_id__cast_name  [RUN]
11 of 47 PASS not_null_int_movie_directors_bridge_dlt_movie_id ................. [[32mPASS[0m in 2.99s]
15 of 47 START test not_null_int_movie_cast_bridge_cast_name ................... [RUN]
12 of 47 PASS not_null_int_movie_directors_bridge_movie_id ..................... [[32mPASS[0m in 3.75s]
16 of 47 START test not_null_int_movie_cast_bridge_dlt_movie_id ................ [RUN]
13 of 47 PASS dbt_utils_expression_is_true_int_movie_cast_bridge_cast_ordinal___0  [[32mPASS[0m in 3.25s]
17 of 47 START test not_null_int_movie_cast_bridge_movie_id .................... [RUN]
14 of 47 PASS dbt_utils_unique_combination_of_columns_int_movie_cast_bridge_movie_id__cast_name  [[32mPASS[0m in 3.27s]
18 of 47 START test dbt_utils_expression_is_true_int_movie_countries_bridge_country_ordinal___0  [RUN]
15 of 47 PASS not_null_int_movie_cast_bridge_cast_name ......................... [[32mPASS[0m in 3.17s]
19 of 47 START test dbt_utils_unique_combination_of_columns_int_movie_countries_bridge_movie_id__country_name  [RUN]
16 of 47 PASS not_null_int_movie_cast_bridge_dlt_movie_id ...................... [[32mPASS[0m in 3.31s]
20 of 47 START test not_null_int_movie_countries_bridge_country_name ........... [RUN]
17 of 47 PASS not_null_int_movie_cast_bridge_movie_id .......................... [[32mPASS[0m in 2.79s]
21 of 47 START test not_null_int_movie_countries_bridge_dlt_movie_id ........... [RUN]
18 of 47 PASS dbt_utils_expression_is_true_int_movie_countries_bridge_country_ordinal___0  [[32mPASS[0m in 3.94s]
22 of 47 START test not_null_int_movie_countries_bridge_movie_id ............... [RUN]
19 of 47 PASS dbt_utils_unique_combination_of_columns_int_movie_countries_bridge_movie_id__country_name  [[32mPASS[0m in 4.10s]
23 of 47 START test dbt_utils_expression_is_true_int_movie_flattened_imdb_rating__between_0_and_10  [RUN]
20 of 47 PASS not_null_int_movie_countries_bridge_country_name ................. [[32mPASS[0m in 3.31s]
24 of 47 START test dbt_utils_expression_is_true_int_movie_flattened_imdb_votes___0  [RUN]
21 of 47 PASS not_null_int_movie_countries_bridge_dlt_movie_id ................. [[32mPASS[0m in 3.75s]
25 of 47 START test dbt_utils_expression_is_true_int_movie_flattened_movie_id_is_not_null_and_dlt_movie_id_is_not_null  [RUN]
22 of 47 PASS not_null_int_movie_countries_bridge_movie_id ..................... [[32mPASS[0m in 4.23s]
26 of 47 START test dbt_utils_expression_is_true_int_movie_flattened_runtime___0  [RUN]
23 of 47 PASS dbt_utils_expression_is_true_int_movie_flattened_imdb_rating__between_0_and_10  [[32mPASS[0m in 4.63s]
27 of 47 START test dbt_utils_expression_is_true_int_movie_flattened_year___1888  [RUN]
24 of 47 PASS dbt_utils_expression_is_true_int_movie_flattened_imdb_votes___0 .. [[32mPASS[0m in 4.01s]
28 of 47 START test not_null_int_movie_flattened_dlt_movie_id .................. [RUN]
25 of 47 PASS dbt_utils_expression_is_true_int_movie_flattened_movie_id_is_not_null_and_dlt_movie_id_is_not_null  [[32mPASS[0m in 3.76s]
29 of 47 START test not_null_int_movie_flattened_movie_id ...................... [RUN]
26 of 47 PASS dbt_utils_expression_is_true_int_movie_flattened_runtime___0 ..... [[32mPASS[0m in 2.89s]
30 of 47 START test not_null_int_movie_flattened_title ......................... [RUN]
27 of 47 PASS dbt_utils_expression_is_true_int_movie_flattened_year___1888 ..... [[32mPASS[0m in 3.39s]
31 of 47 START test unique_int_movie_flattened_dlt_movie_id .................... [RUN]
28 of 47 PASS not_null_int_movie_flattened_dlt_movie_id ........................ [[32mPASS[0m in 3.91s]
32 of 47 START test unique_int_movie_flattened_movie_id ........................ [RUN]
29 of 47 PASS not_null_int_movie_flattened_movie_id ............................ [[32mPASS[0m in 3.51s]
33 of 47 START test dbt_utils_expression_is_true_int_movie_languages_bridge_language_ordinal___0  [RUN]
30 of 47 PASS not_null_int_movie_flattened_title ............................... [[32mPASS[0m in 3.68s]
34 of 47 START test dbt_utils_unique_combination_of_columns_int_movie_languages_bridge_movie_id__language_name  [RUN]
31 of 47 PASS unique_int_movie_flattened_dlt_movie_id .......................... [[32mPASS[0m in 3.32s]
35 of 47 START test not_null_int_movie_languages_bridge_dlt_movie_id ........... [RUN]
32 of 47 PASS unique_int_movie_flattened_movie_id .............................. [[32mPASS[0m in 3.20s]
36 of 47 START test not_null_int_movie_languages_bridge_language_name .......... [RUN]
33 of 47 PASS dbt_utils_expression_is_true_int_movie_languages_bridge_language_ordinal___0  [[32mPASS[0m in 3.53s]
37 of 47 START test not_null_int_movie_languages_bridge_movie_id ............... [RUN]
34 of 47 PASS dbt_utils_unique_combination_of_columns_int_movie_languages_bridge_movie_id__language_name  [[32mPASS[0m in 3.47s]
38 of 47 START test dbt_utils_expression_is_true_int_movie_genres_bridge_genre_ordinal___0  [RUN]
35 of 47 PASS not_null_int_movie_languages_bridge_dlt_movie_id ................. [[32mPASS[0m in 3.56s]
39 of 47 START test dbt_utils_unique_combination_of_columns_int_movie_genres_bridge_movie_id__genre_name  [RUN]
36 of 47 PASS not_null_int_movie_languages_bridge_language_name ................ [[32mPASS[0m in 3.18s]
40 of 47 START test not_null_int_movie_genres_bridge_dlt_movie_id .............. [RUN]
37 of 47 PASS not_null_int_movie_languages_bridge_movie_id ..................... [[32mPASS[0m in 2.99s]
41 of 47 START test not_null_int_movie_genres_bridge_genre_name ................ [RUN]
38 of 47 PASS dbt_utils_expression_is_true_int_movie_genres_bridge_genre_ordinal___0  [[32mPASS[0m in 3.14s]
42 of 47 START test not_null_int_movie_genres_bridge_movie_id .................. [RUN]
39 of 47 PASS dbt_utils_unique_combination_of_columns_int_movie_genres_bridge_movie_id__genre_name  [[32mPASS[0m in 1.40s]
43 of 47 START test dbt_utils_expression_is_true_int_movie_writers_bridge_writer_ordinal___0  [RUN]
40 of 47 PASS not_null_int_movie_genres_bridge_dlt_movie_id .................... [[32mPASS[0m in 1.78s]
44 of 47 START test dbt_utils_unique_combination_of_columns_int_movie_writers_bridge_movie_id__writer_name  [RUN]
41 of 47 PASS not_null_int_movie_genres_bridge_genre_name ...................... [[32mPASS[0m in 1.53s]
45 of 47 START test not_null_int_movie_writers_bridge_dlt_movie_id ............. [RUN]
42 of 47 PASS not_null_int_movie_genres_bridge_movie_id ........................ [[32mPASS[0m in 2.37s]
46 of 47 START test not_null_int_movie_writers_bridge_movie_id ................. [RUN]
43 of 47 PASS dbt_utils_expression_is_true_int_movie_writers_bridge_writer_ordinal___0  [[32mPASS[0m in 3.02s]
47 of 47 START test not_null_int_movie_writers_bridge_writer_name .............. [RUN]
44 of 47 PASS dbt_utils_unique_combination_of_columns_int_movie_writers_bridge_movie_id__writer_name  [[32mPASS[0m in 3.10s]
45 of 47 PASS not_null_int_movie_writers_bridge_dlt_movie_id ................... [[32mPASS[0m in 3.00s]
46 of 47 PASS not_null_int_movie_writers_bridge_movie_id ....................... [[32mPASS[0m in 3.14s]
47 of 47 PASS not_null_int_movie_writers_bridge_writer_name .................... [[32mPASS[0m in 3.36s]

Finished running 7 table models, 40 data tests in 0 hours 0 minutes and 48.83 seconds (48.83s).

[32mCompleted successfully[0m

Done. PASS=47 WARN=0 ERROR=0 SKIP=0 TOTAL=47
