[32m2026-04-07 14:01:26 +0000[0m - dagster - [34mDEBUG[0m - __ASSET_JOB - e0ff3173-80a4-4b77-9c24-0d3310d6544c - 516922 - LOGS_CAPTURED - Started capturing logs in process (pid: 516922).
[32m2026-04-07 14:01:26 +0000[0m - dagster - [34mDEBUG[0m - __ASSET_JOB - e0ff3173-80a4-4b77-9c24-0d3310d6544c - 516922 - dbt_staging - STEP_START - Started execution of step "dbt_staging".
[32m2026-04-07 14:01:26 +0000[0m - dagster - [34mINFO[0m - __ASSET_JOB - e0ff3173-80a4-4b77-9c24-0d3310d6544c - dbt_staging - A dbt subsetted execution is not being performed. Using the default dbt selection arguments `['--select', 'staging.*']`.
[32m2026-04-07 14:01:30 +0000[0m - dagster - [34mINFO[0m - __ASSET_JOB - e0ff3173-80a4-4b77-9c24-0d3310d6544c - dbt_staging - Copying `/home/dksan/code/data-engineer/dagster-mflix/mflix_snowflake/target/partial_parse.msgpack` to `/home/dksan/code/data-engineer/dagster-mflix/mflix_snowflake/target/dbt_staging-e0ff317-3cc9feb/partial_parse.msgpack` to take advantage of partial parsing.
[32m2026-04-07 14:01:30 +0000[0m - dagster - [34mINFO[0m - __ASSET_JOB - e0ff3173-80a4-4b77-9c24-0d3310d6544c - dbt_staging - Running dbt command: `/home/dksan/code/data-engineer/dagster-mflix/.venv/bin/dbt build --select staging.*`.
[32m2026-04-07 14:01:42 +0000[0m - dagster - [34mDEBUG[0m - __ASSET_JOB - e0ff3173-80a4-4b77-9c24-0d3310d6544c - 516922 - dbt_staging - STEP_OUTPUT - Yielded output "stg_movie_cast" of type "Nothing". (Type check passed).
[32m2026-04-07 14:01:42 +0000[0m - dagster - [34mDEBUG[0m - __ASSET_JOB - e0ff3173-80a4-4b77-9c24-0d3310d6544c - 516922 - dbt_staging - ASSET_MATERIALIZATION - Materialized value stg_movie_cast.
[32m2026-04-07 14:01:42 +0000[0m - dagster - [34mDEBUG[0m - __ASSET_JOB - e0ff3173-80a4-4b77-9c24-0d3310d6544c - 516922 - dbt_staging - STEP_OUTPUT - Yielded output "stg_embedded_movies" of type "Nothing". (Type check passed).
[32m2026-04-07 14:01:42 +0000[0m - dagster - [34mDEBUG[0m - __ASSET_JOB - e0ff3173-80a4-4b77-9c24-0d3310d6544c - 516922 - dbt_staging - ASSET_MATERIALIZATION - Materialized value stg_embedded_movies.
[32m2026-04-07 14:01:41 +0000[0m - dagster - [34mDEBUG[0m - __ASSET_JOB - e0ff3173-80a4-4b77-9c24-0d3310d6544c - 516922 - dbt_staging - STEP_OUTPUT - Yielded output "stg_movie_countries" of type "Nothing". (Type check passed).
[32m2026-04-07 14:01:41 +0000[0m - dagster - [34mDEBUG[0m - __ASSET_JOB - e0ff3173-80a4-4b77-9c24-0d3310d6544c - 516922 - dbt_staging - ASSET_MATERIALIZATION - Materialized value stg_movie_countries.
[32m2026-04-07 14:01:41 +0000[0m - dagster - [34mDEBUG[0m - __ASSET_JOB - e0ff3173-80a4-4b77-9c24-0d3310d6544c - 516922 - dbt_staging - STEP_OUTPUT - Yielded output "stg_comments" of type "Nothing". (Type check passed).
[32m2026-04-07 14:01:41 +0000[0m - dagster - [34mDEBUG[0m - __ASSET_JOB - e0ff3173-80a4-4b77-9c24-0d3310d6544c - 516922 - dbt_staging - ASSET_MATERIALIZATION - Materialized value stg_comments.
[32m2026-04-07 14:01:44 +0000[0m - dagster - [34mDEBUG[0m - __ASSET_JOB - e0ff3173-80a4-4b77-9c24-0d3310d6544c - 516922 - dbt_staging - STEP_OUTPUT - Yielded output "stg_movie_directors" of type "Nothing". (Type check passed).
[32m2026-04-07 14:01:44 +0000[0m - dagster - [34mDEBUG[0m - __ASSET_JOB - e0ff3173-80a4-4b77-9c24-0d3310d6544c - 516922 - dbt_staging - ASSET_MATERIALIZATION - Materialized value stg_movie_directors.
[32m2026-04-07 14:01:44 +0000[0m - dagster - [34mDEBUG[0m - __ASSET_JOB - e0ff3173-80a4-4b77-9c24-0d3310d6544c - 516922 - dbt_staging - STEP_OUTPUT - Yielded output "stg_movie_languages" of type "Nothing". (Type check passed).
[32m2026-04-07 14:01:44 +0000[0m - dagster - [34mDEBUG[0m - __ASSET_JOB - e0ff3173-80a4-4b77-9c24-0d3310d6544c - 516922 - dbt_staging - ASSET_MATERIALIZATION - Materialized value stg_movie_languages.
[32m2026-04-07 14:01:44 +0000[0m - dagster - [34mDEBUG[0m - __ASSET_JOB - e0ff3173-80a4-4b77-9c24-0d3310d6544c - 516922 - dbt_staging - STEP_OUTPUT - Yielded output "stg_movie_writers" of type "Nothing". (Type check passed).
[32m2026-04-07 14:01:44 +0000[0m - dagster - [34mDEBUG[0m - __ASSET_JOB - e0ff3173-80a4-4b77-9c24-0d3310d6544c - 516922 - dbt_staging - ASSET_MATERIALIZATION - Materialized value stg_movie_writers.
[32m2026-04-07 14:01:45 +0000[0m - dagster - [34mDEBUG[0m - __ASSET_JOB - e0ff3173-80a4-4b77-9c24-0d3310d6544c - 516922 - dbt_staging - STEP_OUTPUT - Yielded output "stg_movie_genres" of type "Nothing". (Type check passed).
[32m2026-04-07 14:01:45 +0000[0m - dagster - [34mDEBUG[0m - __ASSET_JOB - e0ff3173-80a4-4b77-9c24-0d3310d6544c - 516922 - dbt_staging - ASSET_MATERIALIZATION - Materialized value stg_movie_genres.
[32m2026-04-07 14:01:46 +0000[0m - dagster - [34mINFO[0m - __ASSET_JOB - e0ff3173-80a4-4b77-9c24-0d3310d6544c - dbt_staging - Finished dbt command: `/home/dksan/code/data-engineer/dagster-mflix/.venv/bin/dbt build --select staging.*`.
[32m2026-04-07 14:01:46 +0000[0m - dagster - [34mDEBUG[0m - __ASSET_JOB - e0ff3173-80a4-4b77-9c24-0d3310d6544c - 516922 - dbt_staging - STEP_SUCCESS - Finished execution of step "dbt_staging" in 20.82s.
