Running with dbt=1.8.8
Registered adapter: snowflake=1.8.4
Found 29 models, 104 data tests, 9 sources, 572 macros

Concurrency: 4 threads (target='dev')

1 of 8 START sql view model dbt_schema.stg_comments ............................ [RUN]
2 of 8 START sql view model dbt_schema.stg_embedded_movies ..................... [RUN]
3 of 8 START sql view model dbt_schema.stg_movie_cast .......................... [RUN]
4 of 8 START sql view model dbt_schema.stg_movie_countries ..................... [RUN]
3 of 8 OK created sql view model dbt_schema.stg_movie_cast ..................... [[32mSUCCESS 1[0m in 3.11s]
5 of 8 START sql view model dbt_schema.stg_movie_directors ..................... [RUN]
2 of 8 OK created sql view model dbt_schema.stg_embedded_movies ................ [[32mSUCCESS 1[0m in 3.19s]
6 of 8 START sql view model dbt_schema.stg_movie_genres ........................ [RUN]
4 of 8 OK created sql view model dbt_schema.stg_movie_countries ................ [[32mSUCCESS 1[0m in 3.30s]
7 of 8 START sql view model dbt_schema.stg_movie_languages ..................... [RUN]
1 of 8 OK created sql view model dbt_schema.stg_comments ....................... [[32mSUCCESS 1[0m in 2.01s]
8 of 8 START sql view model dbt_schema.stg_movie_writers ....................... [RUN]
5 of 8 OK created sql view model dbt_schema.stg_movie_directors ................ [[32mSUCCESS 1[0m in 1.57s]
7 of 8 OK created sql view model dbt_schema.stg_movie_languages ................ [[32mSUCCESS 1[0m in 1.77s]
8 of 8 OK created sql view model dbt_schema.stg_movie_writers .................. [[32mSUCCESS 1[0m in 3.07s]
6 of 8 OK created sql view model dbt_schema.stg_movie_genres ................... [[32mSUCCESS 1[0m in 2.78s]

Finished running 8 view models in 0 hours 0 minutes and 12.48 seconds (12.48s).

[32mCompleted successfully[0m

Done. PASS=8 WARN=0 ERROR=0 SKIP=0 TOTAL=8
