Running with dbt=1.8.8
Registered adapter: snowflake=1.8.4
Found 29 models, 104 data tests, 9 sources, 572 macros

Concurrency: 4 threads (target='dev')

1 of 78 START sql table model dbt_schema.agg_top_movies_by_month ............... [RUN]
2 of 78 START sql table model dbt_schema.dim_cast .............................. [RUN]
3 of 78 START sql table model dbt_schema.dim_country ........................... [RUN]
4 of 78 START sql table model dbt_schema.dim_date .............................. [RUN]
4 of 78 OK created sql table model dbt_schema.dim_date ......................... [[32mSUCCESS 1[0m in 2.82s]
5 of 78 START sql table model dbt_schema.dim_directors ......................... [RUN]
2 of 78 OK created sql table model dbt_schema.dim_cast ......................... [[32mSUCCESS 1[0m in 2.83s]
3 of 78 OK created sql table model dbt_schema.dim_country ...................... [[32mSUCCESS 1[0m in 2.84s]
6 of 78 START sql table model dbt_schema.dim_genres ............................ [RUN]
7 of 78 START sql table model dbt_schema.dim_languages ......................... [RUN]
1 of 78 OK created sql table model dbt_schema.agg_top_movies_by_month .......... [[32mSUCCESS 1[0m in 2.86s]
8 of 78 START sql table model dbt_schema.dim_movies ............................ [RUN]
8 of 78 OK created sql table model dbt_schema.dim_movies ....................... [[32mSUCCESS 1[0m in 4.67s]
9 of 78 START sql table model dbt_schema.dim_writers ........................... [RUN]
5 of 78 OK created sql table model dbt_schema.dim_directors .................... [[32mSUCCESS 1[0m in 4.73s]
10 of 78 START sql table model dbt_schema.fct_movie_consumption_daily .......... [RUN]
6 of 78 OK created sql table model dbt_schema.dim_genres ....................... [[32mSUCCESS 1[0m in 4.79s]
11 of 78 START test not_null_dim_date_date_key ................................. [RUN]
7 of 78 OK created sql table model dbt_schema.dim_languages .................... [[32mSUCCESS 1[0m in 6.41s]
12 of 78 START test not_null_dim_date_month_number ............................. [RUN]
11 of 78 PASS not_null_dim_date_date_key ....................................... [[32mPASS[0m in 3.32s]
13 of 78 START test not_null_dim_date_month_start .............................. [RUN]
10 of 78 OK created sql table model dbt_schema.fct_movie_consumption_daily ..... [[32mSUCCESS 1[0m in 4.59s]
14 of 78 START test not_null_dim_date_year_number .............................. [RUN]
9 of 78 OK created sql table model dbt_schema.dim_writers ...................... [[32mSUCCESS 1[0m in 4.69s]
15 of 78 START test unique_dim_date_date_key ................................... [RUN]
12 of 78 PASS not_null_dim_date_month_number ................................... [[32mPASS[0m in 3.81s]
16 of 78 START test not_null_dim_cast_cast_id .................................. [RUN]
13 of 78 PASS not_null_dim_date_month_start .................................... [[32mPASS[0m in 3.64s]
17 of 78 START test not_null_dim_cast_cast_name ................................ [RUN]
14 of 78 PASS not_null_dim_date_year_number .................................... [[32mPASS[0m in 3.09s]
18 of 78 START test not_null_dim_country_country_code .......................... [RUN]
15 of 78 PASS unique_dim_date_date_key ......................................... [[32mPASS[0m in 3.02s]
19 of 78 START test not_null_dim_country_country_key ........................... [RUN]
16 of 78 PASS not_null_dim_cast_cast_id ........................................ [[32mPASS[0m in 3.58s]
20 of 78 START test not_null_dim_country_country_name .......................... [RUN]
17 of 78 PASS not_null_dim_cast_cast_name ...................................... [[32mPASS[0m in 3.48s]
21 of 78 START test unique_dim_cast_cast_id .................................... [RUN]
19 of 78 PASS not_null_dim_country_country_key ................................. [[32mPASS[0m in 3.94s]
22 of 78 START test unique_dim_country_country_key ............................. [RUN]
18 of 78 PASS not_null_dim_country_country_code ................................ [[32mPASS[0m in 4.64s]
23 of 78 START test not_null_agg_top_movies_by_month_month_start ............... [RUN]
20 of 78 PASS not_null_dim_country_country_name ................................ [[32mPASS[0m in 3.37s]
24 of 78 START test not_null_dim_movies_movie_id ............................... [RUN]
21 of 78 PASS unique_dim_cast_cast_id .......................................... [[32mPASS[0m in 3.41s]
25 of 78 START test unique_dim_movies_movie_id ................................. [RUN]
22 of 78 PASS unique_dim_country_country_key ................................... [[32mPASS[0m in 3.16s]
26 of 78 START test not_null_dim_directors_director_id ......................... [RUN]
24 of 78 PASS not_null_dim_movies_movie_id ..................................... [[32mPASS[0m in 3.20s]
23 of 78 PASS not_null_agg_top_movies_by_month_month_start ..................... [[32mPASS[0m in 3.34s]
27 of 78 START test not_null_dim_directors_director_name ....................... [RUN]
28 of 78 START test unique_dim_directors_director_id ........................... [RUN]
25 of 78 PASS unique_dim_movies_movie_id ....................................... [[32mPASS[0m in 3.33s]
29 of 78 START test not_null_dim_genres_genre_id ............................... [RUN]
26 of 78 PASS not_null_dim_directors_director_id ............................... [[32mPASS[0m in 2.99s]
30 of 78 START test not_null_dim_genres_genre_name ............................. [RUN]
28 of 78 PASS unique_dim_directors_director_id ................................. [[32mPASS[0m in 4.17s]
27 of 78 PASS not_null_dim_directors_director_name ............................. [[32mPASS[0m in 4.17s]
31 of 78 START test unique_dim_genres_genre_id ................................. [RUN]
32 of 78 START test not_null_dim_languages_language_id ......................... [RUN]
29 of 78 PASS not_null_dim_genres_genre_id ..................................... [[32mPASS[0m in 3.06s]
33 of 78 START test not_null_dim_languages_language_name ....................... [RUN]
30 of 78 PASS not_null_dim_genres_genre_name ................................... [[32mPASS[0m in 3.56s]
34 of 78 START test unique_dim_languages_language_id ........................... [RUN]
32 of 78 PASS not_null_dim_languages_language_id ............................... [[32mPASS[0m in 3.42s]
35 of 78 START test dbt_utils_expression_is_true_fct_movie_consumption_daily_avg_watch_time___0  [RUN]
31 of 78 PASS unique_dim_genres_genre_id ....................................... [[32mPASS[0m in 3.53s]
36 of 78 START test dbt_utils_expression_is_true_fct_movie_consumption_daily_completion_rate___0  [RUN]
33 of 78 PASS not_null_dim_languages_language_name ............................. [[32mPASS[0m in 3.28s]
37 of 78 START test dbt_utils_expression_is_true_fct_movie_consumption_daily_total_views___0  [RUN]
34 of 78 PASS unique_dim_languages_language_id ................................. [[32mPASS[0m in 3.22s]
38 of 78 START test dbt_utils_expression_is_true_fct_movie_consumption_daily_total_watch_time___0  [RUN]
36 of 78 PASS dbt_utils_expression_is_true_fct_movie_consumption_daily_completion_rate___0  [[32mPASS[0m in 1.73s]
39 of 78 START test dbt_utils_expression_is_true_fct_movie_consumption_daily_unique_viewers___0  [RUN]
37 of 78 PASS dbt_utils_expression_is_true_fct_movie_consumption_daily_total_views___0  [[32mPASS[0m in 1.63s]
40 of 78 START test dbt_utils_unique_combination_of_columns_fct_movie_consumption_daily_movie_id__date_key  [RUN]
35 of 78 PASS dbt_utils_expression_is_true_fct_movie_consumption_daily_avg_watch_time___0  [[32mPASS[0m in 2.29s]
41 of 78 START test not_null_fct_movie_consumption_daily_date_key .............. [RUN]
38 of 78 PASS dbt_utils_expression_is_true_fct_movie_consumption_daily_total_watch_time___0  [[32mPASS[0m in 1.72s]
42 of 78 START test not_null_fct_movie_consumption_daily_movie_id .............. [RUN]
40 of 78 PASS dbt_utils_unique_combination_of_columns_fct_movie_consumption_daily_movie_id__date_key  [[32mPASS[0m in 3.32s]
43 of 78 START test not_null_dim_writers_writer_id ............................. [RUN]
39 of 78 PASS dbt_utils_expression_is_true_fct_movie_consumption_daily_unique_viewers___0  [[32mPASS[0m in 3.65s]
44 of 78 START test not_null_dim_writers_writer_name ........................... [RUN]
41 of 78 PASS not_null_fct_movie_consumption_daily_date_key .................... [[32mPASS[0m in 3.72s]
45 of 78 START test unique_dim_writers_writer_id ............................... [RUN]
42 of 78 PASS not_null_fct_movie_consumption_daily_movie_id .................... [[32mPASS[0m in 3.40s]
46 of 78 START sql table model dbt_schema.agg_movie_country_daily .............. [RUN]
43 of 78 PASS not_null_dim_writers_writer_id ................................... [[32mPASS[0m in 3.19s]
47 of 78 START sql table model dbt_schema.fct_movie_quality .................... [RUN]
44 of 78 PASS not_null_dim_writers_writer_name ................................. [[32mPASS[0m in 3.04s]
48 of 78 START sql table model dbt_schema.agg_top_movies_by_engagement ......... [RUN]
45 of 78 PASS unique_dim_writers_writer_id ..................................... [[32mPASS[0m in 3.62s]
49 of 78 START sql table model dbt_schema.fct_movie_engagement ................. [RUN]
46 of 78 OK created sql table model dbt_schema.agg_movie_country_daily ......... [[32mSUCCESS 1[0m in 5.60s]
50 of 78 START test dbt_utils_expression_is_true_agg_movie_country_daily_total_views___0  [RUN]
47 of 78 OK created sql table model dbt_schema.fct_movie_quality ............... [[32mSUCCESS 1[0m in 3.74s]
51 of 78 START test dbt_utils_expression_is_true_agg_movie_country_daily_total_watch_time___0  [RUN]
48 of 78 OK created sql table model dbt_schema.agg_top_movies_by_engagement .... [[32mSUCCESS 1[0m in 4.14s]
52 of 78 START test dbt_utils_expression_is_true_agg_movie_country_daily_unique_viewers___0  [RUN]
50 of 78 PASS dbt_utils_expression_is_true_agg_movie_country_daily_total_views___0  [[32mPASS[0m in 3.32s]
53 of 78 START test dbt_utils_unique_combination_of_columns_agg_movie_country_daily_movie_id__date_key__country_key  [RUN]
49 of 78 OK created sql table model dbt_schema.fct_movie_engagement ............ [[32mSUCCESS 1[0m in 5.72s]
54 of 78 START test not_null_agg_movie_country_daily_country_code .............. [RUN]
51 of 78 PASS dbt_utils_expression_is_true_agg_movie_country_daily_total_watch_time___0  [[32mPASS[0m in 3.32s]
55 of 78 START test not_null_agg_movie_country_daily_country_key ............... [RUN]
52 of 78 PASS dbt_utils_expression_is_true_agg_movie_country_daily_unique_viewers___0  [[32mPASS[0m in 3.62s]
56 of 78 START test not_null_agg_movie_country_daily_country_name .............. [RUN]
54 of 78 PASS not_null_agg_movie_country_daily_country_code .................... [[32mPASS[0m in 3.50s]
53 of 78 PASS dbt_utils_unique_combination_of_columns_agg_movie_country_daily_movie_id__date_key__country_key  [[32mPASS[0m in 3.52s]
55 of 78 PASS not_null_agg_movie_country_daily_country_key ..................... [[32mPASS[0m in 3.31s]
57 of 78 START test not_null_agg_movie_country_daily_date_key .................. [RUN]
58 of 78 START test not_null_agg_movie_country_daily_movie_id .................. [RUN]
59 of 78 START test relationships_agg_movie_country_daily_country_key__country_key__ref_dim_country_  [RUN]
56 of 78 PASS not_null_agg_movie_country_daily_country_name .................... [[32mPASS[0m in 3.32s]
60 of 78 START test relationships_agg_movie_country_daily_date_key__date_key__ref_dim_date_  [RUN]
57 of 78 PASS not_null_agg_movie_country_daily_date_key ........................ [[32mPASS[0m in 3.43s]
61 of 78 START test relationships_agg_movie_country_daily_movie_id__movie_id__ref_dim_movies_  [RUN]
59 of 78 PASS relationships_agg_movie_country_daily_country_key__country_key__ref_dim_country_  [[32mPASS[0m in 3.55s]
62 of 78 START test dbt_utils_expression_is_true_fct_movie_quality_imdb_rating__between_0_and_10  [RUN]
58 of 78 PASS not_null_agg_movie_country_daily_movie_id ........................ [[32mPASS[0m in 3.63s]
63 of 78 START test dbt_utils_expression_is_true_fct_movie_quality_imdb_votes___0  [RUN]
60 of 78 PASS relationships_agg_movie_country_daily_date_key__date_key__ref_dim_date_  [[32mPASS[0m in 3.63s]
64 of 78 START test not_null_fct_movie_quality_movie_id ........................ [RUN]
61 of 78 PASS relationships_agg_movie_country_daily_movie_id__movie_id__ref_dim_movies_  [[32mPASS[0m in 3.30s]
65 of 78 START test relationships_fct_movie_quality_movie_id__movie_id__ref_dim_movies_  [RUN]
63 of 78 PASS dbt_utils_expression_is_true_fct_movie_quality_imdb_votes___0 .... [[32mPASS[0m in 3.26s]
66 of 78 START test relationships_fct_movie_quality_primary_genre_id__genre_id__ref_dim_genres_  [RUN]
62 of 78 PASS dbt_utils_expression_is_true_fct_movie_quality_imdb_rating__between_0_and_10  [[32mPASS[0m in 3.81s]
67 of 78 START test dbt_utils_expression_is_true_agg_top_movies_by_engagement_rank__between_1_and_10  [RUN]
64 of 78 PASS not_null_fct_movie_quality_movie_id .............................. [[32mPASS[0m in 3.41s]
68 of 78 START test dbt_utils_unique_combination_of_columns_agg_top_movies_by_engagement_month_start__rank  [RUN]
66 of 78 PASS relationships_fct_movie_quality_primary_genre_id__genre_id__ref_dim_genres_  [[32mPASS[0m in 3.32s]
69 of 78 START test not_null_agg_top_movies_by_engagement_month_start .......... [RUN]
65 of 78 PASS relationships_fct_movie_quality_movie_id__movie_id__ref_dim_movies_  [[32mPASS[0m in 4.48s]
70 of 78 START test not_null_agg_top_movies_by_engagement_movie_id ............. [RUN]
67 of 78 PASS dbt_utils_expression_is_true_agg_top_movies_by_engagement_rank__between_1_and_10  [[32mPASS[0m in 3.86s]
71 of 78 START test not_null_agg_top_movies_by_engagement_rank ................. [RUN]
68 of 78 PASS dbt_utils_unique_combination_of_columns_agg_top_movies_by_engagement_month_start__rank  [[32mPASS[0m in 3.53s]
72 of 78 START test relationships_agg_top_movies_by_engagement_movie_id__movie_id__ref_dim_movies_  [RUN]
69 of 78 PASS not_null_agg_top_movies_by_engagement_month_start ................ [[32mPASS[0m in 3.30s]
73 of 78 START test not_null_fct_movie_engagement_movie_id ..................... [RUN]
70 of 78 PASS not_null_agg_top_movies_by_engagement_movie_id ................... [[32mPASS[0m in 2.00s]
74 of 78 START test relationships_fct_movie_engagement_primary_country_id__country_key__ref_dim_country_  [RUN]
71 of 78 PASS not_null_agg_top_movies_by_engagement_rank ....................... [[32mPASS[0m in 2.01s]
75 of 78 START test relationships_fct_movie_engagement_primary_director_id__director_id__ref_dim_directors_  [RUN]
72 of 78 PASS relationships_agg_top_movies_by_engagement_movie_id__movie_id__ref_dim_movies_  [[32mPASS[0m in 2.50s]
76 of 78 START test relationships_fct_movie_engagement_primary_genre_id__genre_id__ref_dim_genres_  [RUN]
73 of 78 PASS not_null_fct_movie_engagement_movie_id ........................... [[32mPASS[0m in 1.63s]
77 of 78 START test relationships_fct_movie_engagement_primary_language_id__language_id__ref_dim_languages_  [RUN]
74 of 78 PASS relationships_fct_movie_engagement_primary_country_id__country_key__ref_dim_country_  [[32mPASS[0m in 3.64s]
78 of 78 START test relationships_fct_movie_engagement_primary_writer_id__writer_id__ref_dim_writers_  [RUN]
76 of 78 PASS relationships_fct_movie_engagement_primary_genre_id__genre_id__ref_dim_genres_  [[32mPASS[0m in 3.37s]
75 of 78 PASS relationships_fct_movie_engagement_primary_director_id__director_id__ref_dim_directors_  [[32mPASS[0m in 4.04s]
77 of 78 PASS relationships_fct_movie_engagement_primary_language_id__language_id__ref_dim_languages_  [[32mPASS[0m in 3.28s]
78 of 78 PASS relationships_fct_movie_engagement_primary_writer_id__writer_id__ref_dim_writers_  [[32mPASS[0m in 2.99s]

Finished running 14 table models, 64 data tests in 0 hours 1 minutes and 18.00 seconds (78.00s).

[32mCompleted successfully[0m

Done. PASS=78 WARN=0 ERROR=0 SKIP=0 TOTAL=78
