[32m2026-04-07 14:02:59 +0000[0m - dagster - [34mDEBUG[0m - __ASSET_JOB - e0ff3173-80a4-4b77-9c24-0d3310d6544c - 521951 - LOGS_CAPTURED - Started capturing logs in process (pid: 521951).
[32m2026-04-07 14:02:59 +0000[0m - dagster - [34mDEBUG[0m - __ASSET_JOB - e0ff3173-80a4-4b77-9c24-0d3310d6544c - 521951 - dbt_marts - STEP_START - Started execution of step "dbt_marts".
[32m2026-04-07 14:02:59 +0000[0m - dagster - [34mINFO[0m - __ASSET_JOB - e0ff3173-80a4-4b77-9c24-0d3310d6544c - dbt_marts - A dbt subsetted execution is not being performed. Using the default dbt selection arguments `['--select', 'marts.*']`.
[32m2026-04-07 14:03:03 +0000[0m - dagster - [34mINFO[0m - __ASSET_JOB - e0ff3173-80a4-4b77-9c24-0d3310d6544c - dbt_marts - Copying `/home/dksan/code/data-engineer/dagster-mflix/mflix_snowflake/target/partial_parse.msgpack` to `/home/dksan/code/data-engineer/dagster-mflix/mflix_snowflake/target/dbt_marts-e0ff317-f9ed36c/partial_parse.msgpack` to take advantage of partial parsing.
[32m2026-04-07 14:03:03 +0000[0m - dagster - [34mINFO[0m - __ASSET_JOB - e0ff3173-80a4-4b77-9c24-0d3310d6544c - dbt_marts - Running dbt command: `/home/dksan/code/data-engineer/dagster-mflix/.venv/bin/dbt build --select marts.*`.
[32m2026-04-07 14:03:16 +0000[0m - dagster - [34mDEBUG[0m - __ASSET_JOB - e0ff3173-80a4-4b77-9c24-0d3310d6544c - 521951 - dbt_marts - STEP_OUTPUT - Yielded output "dim_date" of type "Nothing". (Type check passed).
[32m2026-04-07 14:03:16 +0000[0m - dagster - [34mDEBUG[0m - __ASSET_JOB - e0ff3173-80a4-4b77-9c24-0d3310d6544c - 521951 - dbt_marts - ASSET_MATERIALIZATION - Materialized value dim_date.
[32m2026-04-07 14:03:16 +0000[0m - dagster - [34mDEBUG[0m - __ASSET_JOB - e0ff3173-80a4-4b77-9c24-0d3310d6544c - 521951 - dbt_marts - STEP_OUTPUT - Yielded output "dim_cast" of type "Nothing". (Type check passed).
[32m2026-04-07 14:03:16 +0000[0m - dagster - [34mDEBUG[0m - __ASSET_JOB - e0ff3173-80a4-4b77-9c24-0d3310d6544c - 521951 - dbt_marts - ASSET_MATERIALIZATION - Materialized value dim_cast.
[32m2026-04-07 14:03:16 +0000[0m - dagster - [34mDEBUG[0m - __ASSET_JOB - e0ff3173-80a4-4b77-9c24-0d3310d6544c - 521951 - dbt_marts - STEP_OUTPUT - Yielded output "dim_country" of type "Nothing". (Type check passed).
[32m2026-04-07 14:03:16 +0000[0m - dagster - [34mDEBUG[0m - __ASSET_JOB - e0ff3173-80a4-4b77-9c24-0d3310d6544c - 521951 - dbt_marts - ASSET_MATERIALIZATION - Materialized value dim_country.
[32m2026-04-07 14:03:16 +0000[0m - dagster - [34mDEBUG[0m - __ASSET_JOB - e0ff3173-80a4-4b77-9c24-0d3310d6544c - 521951 - dbt_marts - STEP_OUTPUT - Yielded output "agg_top_movies_by_month" of type "Nothing". (Type check passed).
[32m2026-04-07 14:03:16 +0000[0m - dagster - [34mDEBUG[0m - __ASSET_JOB - e0ff3173-80a4-4b77-9c24-0d3310d6544c - 521951 - dbt_marts - ASSET_MATERIALIZATION - Materialized value agg_top_movies_by_month.
[32m2026-04-07 14:03:21 +0000[0m - dagster - [34mDEBUG[0m - __ASSET_JOB - e0ff3173-80a4-4b77-9c24-0d3310d6544c - 521951 - dbt_marts - STEP_OUTPUT - Yielded output "dim_movies" of type "Nothing". (Type check passed).
[32m2026-04-07 14:03:21 +0000[0m - dagster - [34mDEBUG[0m - __ASSET_JOB - e0ff3173-80a4-4b77-9c24-0d3310d6544c - 521951 - dbt_marts - ASSET_MATERIALIZATION - Materialized value dim_movies.
[32m2026-04-07 14:03:21 +0000[0m - dagster - [34mDEBUG[0m - __ASSET_JOB - e0ff3173-80a4-4b77-9c24-0d3310d6544c - 521951 - dbt_marts - STEP_OUTPUT - Yielded output "dim_directors" of type "Nothing". (Type check passed).
[32m2026-04-07 14:03:21 +0000[0m - dagster - [34mDEBUG[0m - __ASSET_JOB - e0ff3173-80a4-4b77-9c24-0d3310d6544c - 521951 - dbt_marts - ASSET_MATERIALIZATION - Materialized value dim_directors.
[32m2026-04-07 14:03:21 +0000[0m - dagster - [34mDEBUG[0m - __ASSET_JOB - e0ff3173-80a4-4b77-9c24-0d3310d6544c - 521951 - dbt_marts - STEP_OUTPUT - Yielded output "dim_genres" of type "Nothing". (Type check passed).
[32m2026-04-07 14:03:21 +0000[0m - dagster - [34mDEBUG[0m - __ASSET_JOB - e0ff3173-80a4-4b77-9c24-0d3310d6544c - 521951 - dbt_marts - ASSET_MATERIALIZATION - Materialized value dim_genres.
[32m2026-04-07 14:03:23 +0000[0m - dagster - [34mDEBUG[0m - __ASSET_JOB - e0ff3173-80a4-4b77-9c24-0d3310d6544c - 521951 - dbt_marts - STEP_OUTPUT - Yielded output "dim_languages" of type "Nothing". (Type check passed).
[32m2026-04-07 14:03:23 +0000[0m - dagster - [34mDEBUG[0m - __ASSET_JOB - e0ff3173-80a4-4b77-9c24-0d3310d6544c - 521951 - dbt_marts - ASSET_MATERIALIZATION - Materialized value dim_languages.
[32m2026-04-07 14:03:24 +0000[0m - dagster - [34mDEBUG[0m - __ASSET_JOB - e0ff3173-80a4-4b77-9c24-0d3310d6544c - 521951 - dbt_marts - STEP_OUTPUT - Yielded output "dim_date_not_null_dim_date_date_key" of type "Any". (Type check passed).
[32m2026-04-07 14:03:24 +0000[0m - dagster - [34mDEBUG[0m - __ASSET_JOB - e0ff3173-80a4-4b77-9c24-0d3310d6544c - 521951 - dbt_marts - ASSET_CHECK_EVALUATION - Asset check 'not_null_dim_date_date_key' on 'dim_date' passed.
[32m2026-04-07 14:03:26 +0000[0m - dagster - [34mDEBUG[0m - __ASSET_JOB - e0ff3173-80a4-4b77-9c24-0d3310d6544c - 521951 - dbt_marts - STEP_OUTPUT - Yielded output "fct_movie_consumption_daily" of type "Nothing". (Type check passed).
[32m2026-04-07 14:03:26 +0000[0m - dagster - [34mDEBUG[0m - __ASSET_JOB - e0ff3173-80a4-4b77-9c24-0d3310d6544c - 521951 - dbt_marts - ASSET_MATERIALIZATION - Materialized value fct_movie_consumption_daily.
[32m2026-04-07 14:03:26 +0000[0m - dagster - [34mDEBUG[0m - __ASSET_JOB - e0ff3173-80a4-4b77-9c24-0d3310d6544c - 521951 - dbt_marts - STEP_OUTPUT - Yielded output "dim_writers" of type "Nothing". (Type check passed).
[32m2026-04-07 14:03:26 +0000[0m - dagster - [34mDEBUG[0m - __ASSET_JOB - e0ff3173-80a4-4b77-9c24-0d3310d6544c - 521951 - dbt_marts - ASSET_MATERIALIZATION - Materialized value dim_writers.
[32m2026-04-07 14:03:27 +0000[0m - dagster - [34mDEBUG[0m - __ASSET_JOB - e0ff3173-80a4-4b77-9c24-0d3310d6544c - 521951 - dbt_marts - STEP_OUTPUT - Yielded output "dim_date_not_null_dim_date_month_number" of type "Any". (Type check passed).
[32m2026-04-07 14:03:27 +0000[0m - dagster - [34mDEBUG[0m - __ASSET_JOB - e0ff3173-80a4-4b77-9c24-0d3310d6544c - 521951 - dbt_marts - ASSET_CHECK_EVALUATION - Asset check 'not_null_dim_date_month_number' on 'dim_date' passed.
[32m2026-04-07 14:03:28 +0000[0m - dagster - [34mDEBUG[0m - __ASSET_JOB - e0ff3173-80a4-4b77-9c24-0d3310d6544c - 521951 - dbt_marts - STEP_OUTPUT - Yielded output "dim_date_not_null_dim_date_month_start" of type "Any". (Type check passed).
[32m2026-04-07 14:03:28 +0000[0m - dagster - [34mDEBUG[0m - __ASSET_JOB - e0ff3173-80a4-4b77-9c24-0d3310d6544c - 521951 - dbt_marts - ASSET_CHECK_EVALUATION - Asset check 'not_null_dim_date_month_start' on 'dim_date' passed.
[32m2026-04-07 14:03:29 +0000[0m - dagster - [34mDEBUG[0m - __ASSET_JOB - e0ff3173-80a4-4b77-9c24-0d3310d6544c - 521951 - dbt_marts - STEP_OUTPUT - Yielded output "dim_date_not_null_dim_date_year_number" of type "Any". (Type check passed).
[32m2026-04-07 14:03:29 +0000[0m - dagster - [34mDEBUG[0m - __ASSET_JOB - e0ff3173-80a4-4b77-9c24-0d3310d6544c - 521951 - dbt_marts - ASSET_CHECK_EVALUATION - Asset check 'not_null_dim_date_year_number' on 'dim_date' passed.
[32m2026-04-07 14:03:29 +0000[0m - dagster - [34mDEBUG[0m - __ASSET_JOB - e0ff3173-80a4-4b77-9c24-0d3310d6544c - 521951 - dbt_marts - STEP_OUTPUT - Yielded output "dim_date_unique_dim_date_date_key" of type "Any". (Type check passed).
[32m2026-04-07 14:03:29 +0000[0m - dagster - [34mDEBUG[0m - __ASSET_JOB - e0ff3173-80a4-4b77-9c24-0d3310d6544c - 521951 - dbt_marts - ASSET_CHECK_EVALUATION - Asset check 'unique_dim_date_date_key' on 'dim_date' passed.
[32m2026-04-07 14:03:30 +0000[0m - dagster - [34mDEBUG[0m - __ASSET_JOB - e0ff3173-80a4-4b77-9c24-0d3310d6544c - 521951 - dbt_marts - STEP_OUTPUT - Yielded output "dim_cast_not_null_dim_cast_cast_id" of type "Any". (Type check passed).
[32m2026-04-07 14:03:30 +0000[0m - dagster - [34mDEBUG[0m - __ASSET_JOB - e0ff3173-80a4-4b77-9c24-0d3310d6544c - 521951 - dbt_marts - ASSET_CHECK_EVALUATION - Asset check 'not_null_dim_cast_cast_id' on 'dim_cast' passed.
[32m2026-04-07 14:03:32 +0000[0m - dagster - [34mDEBUG[0m - __ASSET_JOB - e0ff3173-80a4-4b77-9c24-0d3310d6544c - 521951 - dbt_marts - STEP_OUTPUT - Yielded output "dim_cast_not_null_dim_cast_cast_name" of type "Any". (Type check passed).
[32m2026-04-07 14:03:32 +0000[0m - dagster - [34mDEBUG[0m - __ASSET_JOB - e0ff3173-80a4-4b77-9c24-0d3310d6544c - 521951 - dbt_marts - ASSET_CHECK_EVALUATION - Asset check 'not_null_dim_cast_cast_name' on 'dim_cast' passed.
[32m2026-04-07 14:03:33 +0000[0m - dagster - [34mDEBUG[0m - __ASSET_JOB - e0ff3173-80a4-4b77-9c24-0d3310d6544c - 521951 - dbt_marts - STEP_OUTPUT - Yielded output "dim_country_not_null_dim_country_country_key" of type "Any". (Type check passed).
[32m2026-04-07 14:03:33 +0000[0m - dagster - [34mDEBUG[0m - __ASSET_JOB - e0ff3173-80a4-4b77-9c24-0d3310d6544c - 521951 - dbt_marts - ASSET_CHECK_EVALUATION - Asset check 'not_null_dim_country_country_key' on 'dim_country' passed.
[32m2026-04-07 14:03:33 +0000[0m - dagster - [34mDEBUG[0m - __ASSET_JOB - e0ff3173-80a4-4b77-9c24-0d3310d6544c - 521951 - dbt_marts - STEP_OUTPUT - Yielded output "dim_country_not_null_dim_country_country_code" of type "Any". (Type check passed).
[32m2026-04-07 14:03:33 +0000[0m - dagster - [34mDEBUG[0m - __ASSET_JOB - e0ff3173-80a4-4b77-9c24-0d3310d6544c - 521951 - dbt_marts - ASSET_CHECK_EVALUATION - Asset check 'not_null_dim_country_country_code' on 'dim_country' passed.
[32m2026-04-07 14:03:33 +0000[0m - dagster - [34mDEBUG[0m - __ASSET_JOB - e0ff3173-80a4-4b77-9c24-0d3310d6544c - 521951 - dbt_marts - STEP_OUTPUT - Yielded output "dim_country_not_null_dim_country_country_name" of type "Any". (Type check passed).
[32m2026-04-07 14:03:33 +0000[0m - dagster - [34mDEBUG[0m - __ASSET_JOB - e0ff3173-80a4-4b77-9c24-0d3310d6544c - 521951 - dbt_marts - ASSET_CHECK_EVALUATION - Asset check 'not_null_dim_country_country_name' on 'dim_country' passed.
[32m2026-04-07 14:03:35 +0000[0m - dagster - [34mDEBUG[0m - __ASSET_JOB - e0ff3173-80a4-4b77-9c24-0d3310d6544c - 521951 - dbt_marts - STEP_OUTPUT - Yielded output "dim_cast_unique_dim_cast_cast_id" of type "Any". (Type check passed).
[32m2026-04-07 14:03:35 +0000[0m - dagster - [34mDEBUG[0m - __ASSET_JOB - e0ff3173-80a4-4b77-9c24-0d3310d6544c - 521951 - dbt_marts - ASSET_CHECK_EVALUATION - Asset check 'unique_dim_cast_cast_id' on 'dim_cast' passed.
[32m2026-04-07 14:03:36 +0000[0m - dagster - [34mDEBUG[0m - __ASSET_JOB - e0ff3173-80a4-4b77-9c24-0d3310d6544c - 521951 - dbt_marts - STEP_OUTPUT - Yielded output "dim_country_unique_dim_country_country_key" of type "Any". (Type check passed).
[32m2026-04-07 14:03:36 +0000[0m - dagster - [34mDEBUG[0m - __ASSET_JOB - e0ff3173-80a4-4b77-9c24-0d3310d6544c - 521951 - dbt_marts - ASSET_CHECK_EVALUATION - Asset check 'unique_dim_country_country_key' on 'dim_country' passed.
[32m2026-04-07 14:03:37 +0000[0m - dagster - [34mDEBUG[0m - __ASSET_JOB - e0ff3173-80a4-4b77-9c24-0d3310d6544c - 521951 - dbt_marts - STEP_OUTPUT - Yielded output "dim_movies_not_null_dim_movies_movie_id" of type "Any". (Type check passed).
[32m2026-04-07 14:03:37 +0000[0m - dagster - [34mDEBUG[0m - __ASSET_JOB - e0ff3173-80a4-4b77-9c24-0d3310d6544c - 521951 - dbt_marts - ASSET_CHECK_EVALUATION - Asset check 'not_null_dim_movies_movie_id' on 'dim_movies' passed.
[32m2026-04-07 14:03:37 +0000[0m - dagster - [34mDEBUG[0m - __ASSET_JOB - e0ff3173-80a4-4b77-9c24-0d3310d6544c - 521951 - dbt_marts - STEP_OUTPUT - Yielded output "agg_top_movies_by_month_not_null_agg_top_movies_by_month_month_start" of type "Any". (Type check passed).
[32m2026-04-07 14:03:37 +0000[0m - dagster - [34mDEBUG[0m - __ASSET_JOB - e0ff3173-80a4-4b77-9c24-0d3310d6544c - 521951 - dbt_marts - ASSET_CHECK_EVALUATION - Asset check 'not_null_agg_top_movies_by_month_month_start' on 'agg_top_movies_by_month' passed.
[32m2026-04-07 14:03:38 +0000[0m - dagster - [34mDEBUG[0m - __ASSET_JOB - e0ff3173-80a4-4b77-9c24-0d3310d6544c - 521951 - dbt_marts - STEP_OUTPUT - Yielded output "dim_movies_unique_dim_movies_movie_id" of type "Any". (Type check passed).
[32m2026-04-07 14:03:38 +0000[0m - dagster - [34mDEBUG[0m - __ASSET_JOB - e0ff3173-80a4-4b77-9c24-0d3310d6544c - 521951 - dbt_marts - ASSET_CHECK_EVALUATION - Asset check 'unique_dim_movies_movie_id' on 'dim_movies' passed.
[32m2026-04-07 14:03:39 +0000[0m - dagster - [34mDEBUG[0m - __ASSET_JOB - e0ff3173-80a4-4b77-9c24-0d3310d6544c - 521951 - dbt_marts - STEP_OUTPUT - Yielded output "dim_directors_not_null_dim_directors_director_id" of type "Any". (Type check passed).
[32m2026-04-07 14:03:39 +0000[0m - dagster - [34mDEBUG[0m - __ASSET_JOB - e0ff3173-80a4-4b77-9c24-0d3310d6544c - 521951 - dbt_marts - ASSET_CHECK_EVALUATION - Asset check 'not_null_dim_directors_director_id' on 'dim_directors' passed.
[32m2026-04-07 14:03:41 +0000[0m - dagster - [34mDEBUG[0m - __ASSET_JOB - e0ff3173-80a4-4b77-9c24-0d3310d6544c - 521951 - dbt_marts - STEP_OUTPUT - Yielded output "dim_directors_unique_dim_directors_director_id" of type "Any". (Type check passed).
[32m2026-04-07 14:03:41 +0000[0m - dagster - [34mDEBUG[0m - __ASSET_JOB - e0ff3173-80a4-4b77-9c24-0d3310d6544c - 521951 - dbt_marts - ASSET_CHECK_EVALUATION - Asset check 'unique_dim_directors_director_id' on 'dim_directors' passed.
[32m2026-04-07 14:03:41 +0000[0m - dagster - [34mDEBUG[0m - __ASSET_JOB - e0ff3173-80a4-4b77-9c24-0d3310d6544c - 521951 - dbt_marts - STEP_OUTPUT - Yielded output "dim_directors_not_null_dim_directors_director_name" of type "Any". (Type check passed).
[32m2026-04-07 14:03:41 +0000[0m - dagster - [34mDEBUG[0m - __ASSET_JOB - e0ff3173-80a4-4b77-9c24-0d3310d6544c - 521951 - dbt_marts - ASSET_CHECK_EVALUATION - Asset check 'not_null_dim_directors_director_name' on 'dim_directors' passed.
[32m2026-04-07 14:03:41 +0000[0m - dagster - [34mDEBUG[0m - __ASSET_JOB - e0ff3173-80a4-4b77-9c24-0d3310d6544c - 521951 - dbt_marts - STEP_OUTPUT - Yielded output "dim_genres_not_null_dim_genres_genre_id" of type "Any". (Type check passed).
[32m2026-04-07 14:03:41 +0000[0m - dagster - [34mDEBUG[0m - __ASSET_JOB - e0ff3173-80a4-4b77-9c24-0d3310d6544c - 521951 - dbt_marts - ASSET_CHECK_EVALUATION - Asset check 'not_null_dim_genres_genre_id' on 'dim_genres' passed.
[32m2026-04-07 14:03:42 +0000[0m - dagster - [34mDEBUG[0m - __ASSET_JOB - e0ff3173-80a4-4b77-9c24-0d3310d6544c - 521951 - dbt_marts - STEP_OUTPUT - Yielded output "dim_genres_not_null_dim_genres_genre_name" of type "Any". (Type check passed).
[32m2026-04-07 14:03:42 +0000[0m - dagster - [34mDEBUG[0m - __ASSET_JOB - e0ff3173-80a4-4b77-9c24-0d3310d6544c - 521951 - dbt_marts - ASSET_CHECK_EVALUATION - Asset check 'not_null_dim_genres_genre_name' on 'dim_genres' passed.
[32m2026-04-07 14:03:44 +0000[0m - dagster - [34mDEBUG[0m - __ASSET_JOB - e0ff3173-80a4-4b77-9c24-0d3310d6544c - 521951 - dbt_marts - STEP_OUTPUT - Yielded output "dim_languages_not_null_dim_languages_language_id" of type "Any". (Type check passed).
[32m2026-04-07 14:03:44 +0000[0m - dagster - [34mDEBUG[0m - __ASSET_JOB - e0ff3173-80a4-4b77-9c24-0d3310d6544c - 521951 - dbt_marts - ASSET_CHECK_EVALUATION - Asset check 'not_null_dim_languages_language_id' on 'dim_languages' passed.
[32m2026-04-07 14:03:44 +0000[0m - dagster - [34mDEBUG[0m - __ASSET_JOB - e0ff3173-80a4-4b77-9c24-0d3310d6544c - 521951 - dbt_marts - STEP_OUTPUT - Yielded output "dim_genres_unique_dim_genres_genre_id" of type "Any". (Type check passed).
[32m2026-04-07 14:03:44 +0000[0m - dagster - [34mDEBUG[0m - __ASSET_JOB - e0ff3173-80a4-4b77-9c24-0d3310d6544c - 521951 - dbt_marts - ASSET_CHECK_EVALUATION - Asset check 'unique_dim_genres_genre_id' on 'dim_genres' passed.
[32m2026-04-07 14:03:45 +0000[0m - dagster - [34mDEBUG[0m - __ASSET_JOB - e0ff3173-80a4-4b77-9c24-0d3310d6544c - 521951 - dbt_marts - STEP_OUTPUT - Yielded output "dim_languages_not_null_dim_languages_language_name" of type "Any". (Type check passed).
[32m2026-04-07 14:03:45 +0000[0m - dagster - [34mDEBUG[0m - __ASSET_JOB - e0ff3173-80a4-4b77-9c24-0d3310d6544c - 521951 - dbt_marts - ASSET_CHECK_EVALUATION - Asset check 'not_null_dim_languages_language_name' on 'dim_languages' passed.
[32m2026-04-07 14:03:46 +0000[0m - dagster - [34mDEBUG[0m - __ASSET_JOB - e0ff3173-80a4-4b77-9c24-0d3310d6544c - 521951 - dbt_marts - STEP_OUTPUT - Yielded output "dim_languages_unique_dim_languages_language_id" of type "Any". (Type check passed).
[32m2026-04-07 14:03:46 +0000[0m - dagster - [34mDEBUG[0m - __ASSET_JOB - e0ff3173-80a4-4b77-9c24-0d3310d6544c - 521951 - dbt_marts - ASSET_CHECK_EVALUATION - Asset check 'unique_dim_languages_language_id' on 'dim_languages' passed.
[32m2026-04-07 14:03:46 +0000[0m - dagster - [34mDEBUG[0m - __ASSET_JOB - e0ff3173-80a4-4b77-9c24-0d3310d6544c - 521951 - dbt_marts - STEP_OUTPUT - Yielded output "fct_movie_consumption_daily_dbt_utils_expression_is_true_fct_movie_consumption_daily_completion_rate___0" of type "Any". (Type check passed).
[32m2026-04-07 14:03:46 +0000[0m - dagster - [34mDEBUG[0m - __ASSET_JOB - e0ff3173-80a4-4b77-9c24-0d3310d6544c - 521951 - dbt_marts - ASSET_CHECK_EVALUATION - Asset check 'dbt_utils_expression_is_true_fct_movie_consumption_daily_completion_rate___0' on 'fct_movie_consumption_daily' passed.
[32m2026-04-07 14:03:46 +0000[0m - dagster - [34mDEBUG[0m - __ASSET_JOB - e0ff3173-80a4-4b77-9c24-0d3310d6544c - 521951 - dbt_marts - STEP_OUTPUT - Yielded output "fct_movie_consumption_daily_dbt_utils_expression_is_true_fct_movie_consumption_daily_total_views___0" of type "Any". (Type check passed).
[32m2026-04-07 14:03:46 +0000[0m - dagster - [34mDEBUG[0m - __ASSET_JOB - e0ff3173-80a4-4b77-9c24-0d3310d6544c - 521951 - dbt_marts - ASSET_CHECK_EVALUATION - Asset check 'dbt_utils_expression_is_true_fct_movie_consumption_daily_total_views___0' on 'fct_movie_consumption_daily' passed.
[32m2026-04-07 14:03:47 +0000[0m - dagster - [34mDEBUG[0m - __ASSET_JOB - e0ff3173-80a4-4b77-9c24-0d3310d6544c - 521951 - dbt_marts - STEP_OUTPUT - Yielded output "fct_movie_consumption_daily_dbt_utils_expression_is_true_fct_movie_consumption_daily_avg_watch_time___0" of type "Any". (Type check passed).
[32m2026-04-07 14:03:47 +0000[0m - dagster - [34mDEBUG[0m - __ASSET_JOB - e0ff3173-80a4-4b77-9c24-0d3310d6544c - 521951 - dbt_marts - ASSET_CHECK_EVALUATION - Asset check 'dbt_utils_expression_is_true_fct_movie_consumption_daily_avg_watch_time___0' on 'fct_movie_consumption_daily' passed.
[32m2026-04-07 14:03:47 +0000[0m - dagster - [34mDEBUG[0m - __ASSET_JOB - e0ff3173-80a4-4b77-9c24-0d3310d6544c - 521951 - dbt_marts - STEP_OUTPUT - Yielded output "fct_movie_consumption_daily_dbt_utils_expression_is_true_fct_movie_consumption_daily_total_watch_time___0" of type "Any". (Type check passed).
[32m2026-04-07 14:03:47 +0000[0m - dagster - [34mDEBUG[0m - __ASSET_JOB - e0ff3173-80a4-4b77-9c24-0d3310d6544c - 521951 - dbt_marts - ASSET_CHECK_EVALUATION - Asset check 'dbt_utils_expression_is_true_fct_movie_consumption_daily_total_watch_time___0' on 'fct_movie_consumption_daily' passed.
[32m2026-04-07 14:03:50 +0000[0m - dagster - [34mDEBUG[0m - __ASSET_JOB - e0ff3173-80a4-4b77-9c24-0d3310d6544c - 521951 - dbt_marts - STEP_OUTPUT - Yielded output "fct_movie_consumption_daily_dbt_utils_unique_combination_of_columns_fct_movie_consumption_daily_movie_id__date_key" of type "Any". (Type check passed).
[32m2026-04-07 14:03:50 +0000[0m - dagster - [34mDEBUG[0m - __ASSET_JOB - e0ff3173-80a4-4b77-9c24-0d3310d6544c - 521951 - dbt_marts - ASSET_CHECK_EVALUATION - Asset check 'dbt_utils_unique_combination_of_columns_fct_movie_consumption_daily_movie_id__date_key' on 'fct_movie_consumption_daily' passed.
[32m2026-04-07 14:03:50 +0000[0m - dagster - [34mDEBUG[0m - __ASSET_JOB - e0ff3173-80a4-4b77-9c24-0d3310d6544c - 521951 - dbt_marts - STEP_OUTPUT - Yielded output "fct_movie_consumption_daily_dbt_utils_expression_is_true_fct_movie_consumption_daily_unique_viewers___0" of type "Any". (Type check passed).
[32m2026-04-07 14:03:50 +0000[0m - dagster - [34mDEBUG[0m - __ASSET_JOB - e0ff3173-80a4-4b77-9c24-0d3310d6544c - 521951 - dbt_marts - ASSET_CHECK_EVALUATION - Asset check 'dbt_utils_expression_is_true_fct_movie_consumption_daily_unique_viewers___0' on 'fct_movie_consumption_daily' passed.
[32m2026-04-07 14:03:50 +0000[0m - dagster - [34mDEBUG[0m - __ASSET_JOB - e0ff3173-80a4-4b77-9c24-0d3310d6544c - 521951 - dbt_marts - STEP_OUTPUT - Yielded output "fct_movie_consumption_daily_not_null_fct_movie_consumption_daily_date_key" of type "Any". (Type check passed).
[32m2026-04-07 14:03:50 +0000[0m - dagster - [34mDEBUG[0m - __ASSET_JOB - e0ff3173-80a4-4b77-9c24-0d3310d6544c - 521951 - dbt_marts - ASSET_CHECK_EVALUATION - Asset check 'not_null_fct_movie_consumption_daily_date_key' on 'fct_movie_consumption_daily' passed.
[32m2026-04-07 14:03:51 +0000[0m - dagster - [34mDEBUG[0m - __ASSET_JOB - e0ff3173-80a4-4b77-9c24-0d3310d6544c - 521951 - dbt_marts - STEP_OUTPUT - Yielded output "fct_movie_consumption_daily_not_null_fct_movie_consumption_daily_movie_id" of type "Any". (Type check passed).
[32m2026-04-07 14:03:51 +0000[0m - dagster - [34mDEBUG[0m - __ASSET_JOB - e0ff3173-80a4-4b77-9c24-0d3310d6544c - 521951 - dbt_marts - ASSET_CHECK_EVALUATION - Asset check 'not_null_fct_movie_consumption_daily_movie_id' on 'fct_movie_consumption_daily' passed.
[32m2026-04-07 14:03:53 +0000[0m - dagster - [34mDEBUG[0m - __ASSET_JOB - e0ff3173-80a4-4b77-9c24-0d3310d6544c - 521951 - dbt_marts - STEP_OUTPUT - Yielded output "dim_writers_not_null_dim_writers_writer_id" of type "Any". (Type check passed).
[32m2026-04-07 14:03:53 +0000[0m - dagster - [34mDEBUG[0m - __ASSET_JOB - e0ff3173-80a4-4b77-9c24-0d3310d6544c - 521951 - dbt_marts - ASSET_CHECK_EVALUATION - Asset check 'not_null_dim_writers_writer_id' on 'dim_writers' passed.
[32m2026-04-07 14:03:53 +0000[0m - dagster - [34mDEBUG[0m - __ASSET_JOB - e0ff3173-80a4-4b77-9c24-0d3310d6544c - 521951 - dbt_marts - STEP_OUTPUT - Yielded output "dim_writers_not_null_dim_writers_writer_name" of type "Any". (Type check passed).
[32m2026-04-07 14:03:53 +0000[0m - dagster - [34mDEBUG[0m - __ASSET_JOB - e0ff3173-80a4-4b77-9c24-0d3310d6544c - 521951 - dbt_marts - ASSET_CHECK_EVALUATION - Asset check 'not_null_dim_writers_writer_name' on 'dim_writers' passed.
[32m2026-04-07 14:03:54 +0000[0m - dagster - [34mDEBUG[0m - __ASSET_JOB - e0ff3173-80a4-4b77-9c24-0d3310d6544c - 521951 - dbt_marts - STEP_OUTPUT - Yielded output "dim_writers_unique_dim_writers_writer_id" of type "Any". (Type check passed).
[32m2026-04-07 14:03:54 +0000[0m - dagster - [34mDEBUG[0m - __ASSET_JOB - e0ff3173-80a4-4b77-9c24-0d3310d6544c - 521951 - dbt_marts - ASSET_CHECK_EVALUATION - Asset check 'unique_dim_writers_writer_id' on 'dim_writers' passed.
[32m2026-04-07 14:03:56 +0000[0m - dagster - [34mDEBUG[0m - __ASSET_JOB - e0ff3173-80a4-4b77-9c24-0d3310d6544c - 521951 - dbt_marts - STEP_OUTPUT - Yielded output "agg_movie_country_daily" of type "Nothing". (Type check passed).
[32m2026-04-07 14:03:56 +0000[0m - dagster - [34mDEBUG[0m - __ASSET_JOB - e0ff3173-80a4-4b77-9c24-0d3310d6544c - 521951 - dbt_marts - ASSET_MATERIALIZATION - Materialized value agg_movie_country_daily.
[32m2026-04-07 14:03:57 +0000[0m - dagster - [34mDEBUG[0m - __ASSET_JOB - e0ff3173-80a4-4b77-9c24-0d3310d6544c - 521951 - dbt_marts - STEP_OUTPUT - Yielded output "fct_movie_quality" of type "Nothing". (Type check passed).
[32m2026-04-07 14:03:57 +0000[0m - dagster - [34mDEBUG[0m - __ASSET_JOB - e0ff3173-80a4-4b77-9c24-0d3310d6544c - 521951 - dbt_marts - ASSET_MATERIALIZATION - Materialized value fct_movie_quality.
[32m2026-04-07 14:03:57 +0000[0m - dagster - [34mDEBUG[0m - __ASSET_JOB - e0ff3173-80a4-4b77-9c24-0d3310d6544c - 521951 - dbt_marts - STEP_OUTPUT - Yielded output "agg_top_movies_by_engagement" of type "Nothing". (Type check passed).
[32m2026-04-07 14:03:57 +0000[0m - dagster - [34mDEBUG[0m - __ASSET_JOB - e0ff3173-80a4-4b77-9c24-0d3310d6544c - 521951 - dbt_marts - ASSET_MATERIALIZATION - Materialized value agg_top_movies_by_engagement.
[32m2026-04-07 14:04:00 +0000[0m - dagster - [34mDEBUG[0m - __ASSET_JOB - e0ff3173-80a4-4b77-9c24-0d3310d6544c - 521951 - dbt_marts - STEP_OUTPUT - Yielded output "agg_movie_country_daily_dbt_utils_expression_is_true_agg_movie_country_daily_total_views___0" of type "Any". (Type check passed).
[32m2026-04-07 14:04:00 +0000[0m - dagster - [34mDEBUG[0m - __ASSET_JOB - e0ff3173-80a4-4b77-9c24-0d3310d6544c - 521951 - dbt_marts - ASSET_CHECK_EVALUATION - Asset check 'dbt_utils_expression_is_true_agg_movie_country_daily_total_views___0' on 'agg_movie_country_daily' passed.
[32m2026-04-07 14:04:00 +0000[0m - dagster - [34mDEBUG[0m - __ASSET_JOB - e0ff3173-80a4-4b77-9c24-0d3310d6544c - 521951 - dbt_marts - STEP_OUTPUT - Yielded output "fct_movie_engagement" of type "Nothing". (Type check passed).
[32m2026-04-07 14:04:00 +0000[0m - dagster - [34mDEBUG[0m - __ASSET_JOB - e0ff3173-80a4-4b77-9c24-0d3310d6544c - 521951 - dbt_marts - ASSET_MATERIALIZATION - Materialized value fct_movie_engagement.
[32m2026-04-07 14:04:00 +0000[0m - dagster - [34mDEBUG[0m - __ASSET_JOB - e0ff3173-80a4-4b77-9c24-0d3310d6544c - 521951 - dbt_marts - STEP_OUTPUT - Yielded output "agg_movie_country_daily_dbt_utils_expression_is_true_agg_movie_country_daily_total_watch_time___0" of type "Any". (Type check passed).
[32m2026-04-07 14:04:00 +0000[0m - dagster - [34mDEBUG[0m - __ASSET_JOB - e0ff3173-80a4-4b77-9c24-0d3310d6544c - 521951 - dbt_marts - ASSET_CHECK_EVALUATION - Asset check 'dbt_utils_expression_is_true_agg_movie_country_daily_total_watch_time___0' on 'agg_movie_country_daily' passed.
[32m2026-04-07 14:04:01 +0000[0m - dagster - [34mDEBUG[0m - __ASSET_JOB - e0ff3173-80a4-4b77-9c24-0d3310d6544c - 521951 - dbt_marts - STEP_OUTPUT - Yielded output "agg_movie_country_daily_dbt_utils_expression_is_true_agg_movie_country_daily_unique_viewers___0" of type "Any". (Type check passed).
[32m2026-04-07 14:04:01 +0000[0m - dagster - [34mDEBUG[0m - __ASSET_JOB - e0ff3173-80a4-4b77-9c24-0d3310d6544c - 521951 - dbt_marts - ASSET_CHECK_EVALUATION - Asset check 'dbt_utils_expression_is_true_agg_movie_country_daily_unique_viewers___0' on 'agg_movie_country_daily' passed.
[32m2026-04-07 14:04:03 +0000[0m - dagster - [34mDEBUG[0m - __ASSET_JOB - e0ff3173-80a4-4b77-9c24-0d3310d6544c - 521951 - dbt_marts - STEP_OUTPUT - Yielded output "agg_movie_country_daily_not_null_agg_movie_country_daily_country_code" of type "Any". (Type check passed).
[32m2026-04-07 14:04:03 +0000[0m - dagster - [34mDEBUG[0m - __ASSET_JOB - e0ff3173-80a4-4b77-9c24-0d3310d6544c - 521951 - dbt_marts - ASSET_CHECK_EVALUATION - Asset check 'not_null_agg_movie_country_daily_country_code' on 'agg_movie_country_daily' passed.
[32m2026-04-07 14:04:03 +0000[0m - dagster - [34mDEBUG[0m - __ASSET_JOB - e0ff3173-80a4-4b77-9c24-0d3310d6544c - 521951 - dbt_marts - STEP_OUTPUT - Yielded output "agg_movie_country_daily_dbt_utils_unique_combination_of_columns_agg_movie_country_daily_movie_id__date_key__country_key" of type "Any". (Type check passed).
[32m2026-04-07 14:04:03 +0000[0m - dagster - [34mDEBUG[0m - __ASSET_JOB - e0ff3173-80a4-4b77-9c24-0d3310d6544c - 521951 - dbt_marts - ASSET_CHECK_EVALUATION - Asset check 'dbt_utils_unique_combination_of_columns_agg_movie_country_daily_movie_id__date_key__country_key' on 'agg_movie_country_daily' passed.
[32m2026-04-07 14:04:03 +0000[0m - dagster - [34mDEBUG[0m - __ASSET_JOB - e0ff3173-80a4-4b77-9c24-0d3310d6544c - 521951 - dbt_marts - STEP_OUTPUT - Yielded output "agg_movie_country_daily_not_null_agg_movie_country_daily_country_key" of type "Any". (Type check passed).
[32m2026-04-07 14:04:03 +0000[0m - dagster - [34mDEBUG[0m - __ASSET_JOB - e0ff3173-80a4-4b77-9c24-0d3310d6544c - 521951 - dbt_marts - ASSET_CHECK_EVALUATION - Asset check 'not_null_agg_movie_country_daily_country_key' on 'agg_movie_country_daily' passed.
[32m2026-04-07 14:04:04 +0000[0m - dagster - [34mDEBUG[0m - __ASSET_JOB - e0ff3173-80a4-4b77-9c24-0d3310d6544c - 521951 - dbt_marts - STEP_OUTPUT - Yielded output "agg_movie_country_daily_not_null_agg_movie_country_daily_country_name" of type "Any". (Type check passed).
[32m2026-04-07 14:04:04 +0000[0m - dagster - [34mDEBUG[0m - __ASSET_JOB - e0ff3173-80a4-4b77-9c24-0d3310d6544c - 521951 - dbt_marts - ASSET_CHECK_EVALUATION - Asset check 'not_null_agg_movie_country_daily_country_name' on 'agg_movie_country_daily' passed.
[32m2026-04-07 14:04:07 +0000[0m - dagster - [34mDEBUG[0m - __ASSET_JOB - e0ff3173-80a4-4b77-9c24-0d3310d6544c - 521951 - dbt_marts - STEP_OUTPUT - Yielded output "agg_movie_country_daily_not_null_agg_movie_country_daily_date_key" of type "Any". (Type check passed).
[32m2026-04-07 14:04:07 +0000[0m - dagster - [34mDEBUG[0m - __ASSET_JOB - e0ff3173-80a4-4b77-9c24-0d3310d6544c - 521951 - dbt_marts - ASSET_CHECK_EVALUATION - Asset check 'not_null_agg_movie_country_daily_date_key' on 'agg_movie_country_daily' passed.
[32m2026-04-07 14:04:07 +0000[0m - dagster - [34mDEBUG[0m - __ASSET_JOB - e0ff3173-80a4-4b77-9c24-0d3310d6544c - 521951 - dbt_marts - STEP_OUTPUT - Yielded output "agg_movie_country_daily_relationships_agg_movie_country_daily_country_key__country_key__ref_dim_country_" of type "Any". (Type check passed).
[32m2026-04-07 14:04:07 +0000[0m - dagster - [34mDEBUG[0m - __ASSET_JOB - e0ff3173-80a4-4b77-9c24-0d3310d6544c - 521951 - dbt_marts - ASSET_CHECK_EVALUATION - Asset check 'relationships_agg_movie_country_daily_country_key__country_key__ref_dim_country_' on 'agg_movie_country_daily' passed.
[32m2026-04-07 14:04:07 +0000[0m - dagster - [34mDEBUG[0m - __ASSET_JOB - e0ff3173-80a4-4b77-9c24-0d3310d6544c - 521951 - dbt_marts - STEP_OUTPUT - Yielded output "agg_movie_country_daily_not_null_agg_movie_country_daily_movie_id" of type "Any". (Type check passed).
[32m2026-04-07 14:04:07 +0000[0m - dagster - [34mDEBUG[0m - __ASSET_JOB - e0ff3173-80a4-4b77-9c24-0d3310d6544c - 521951 - dbt_marts - ASSET_CHECK_EVALUATION - Asset check 'not_null_agg_movie_country_daily_movie_id' on 'agg_movie_country_daily' passed.
[32m2026-04-07 14:04:08 +0000[0m - dagster - [34mDEBUG[0m - __ASSET_JOB - e0ff3173-80a4-4b77-9c24-0d3310d6544c - 521951 - dbt_marts - STEP_OUTPUT - Yielded output "agg_movie_country_daily_relationships_agg_movie_country_daily_date_key__date_key__ref_dim_date_" of type "Any". (Type check passed).
[32m2026-04-07 14:04:08 +0000[0m - dagster - [34mDEBUG[0m - __ASSET_JOB - e0ff3173-80a4-4b77-9c24-0d3310d6544c - 521951 - dbt_marts - ASSET_CHECK_EVALUATION - Asset check 'relationships_agg_movie_country_daily_date_key__date_key__ref_dim_date_' on 'agg_movie_country_daily' passed.
[32m2026-04-07 14:04:10 +0000[0m - dagster - [34mDEBUG[0m - __ASSET_JOB - e0ff3173-80a4-4b77-9c24-0d3310d6544c - 521951 - dbt_marts - STEP_OUTPUT - Yielded output "agg_movie_country_daily_relationships_agg_movie_country_daily_movie_id__movie_id__ref_dim_movies_" of type "Any". (Type check passed).
[32m2026-04-07 14:04:10 +0000[0m - dagster - [34mDEBUG[0m - __ASSET_JOB - e0ff3173-80a4-4b77-9c24-0d3310d6544c - 521951 - dbt_marts - ASSET_CHECK_EVALUATION - Asset check 'relationships_agg_movie_country_daily_movie_id__movie_id__ref_dim_movies_' on 'agg_movie_country_daily' passed.
[32m2026-04-07 14:04:10 +0000[0m - dagster - [34mDEBUG[0m - __ASSET_JOB - e0ff3173-80a4-4b77-9c24-0d3310d6544c - 521951 - dbt_marts - STEP_OUTPUT - Yielded output "fct_movie_quality_dbt_utils_expression_is_true_fct_movie_quality_imdb_votes___0" of type "Any". (Type check passed).
[32m2026-04-07 14:04:10 +0000[0m - dagster - [34mDEBUG[0m - __ASSET_JOB - e0ff3173-80a4-4b77-9c24-0d3310d6544c - 521951 - dbt_marts - ASSET_CHECK_EVALUATION - Asset check 'dbt_utils_expression_is_true_fct_movie_quality_imdb_votes___0' on 'fct_movie_quality' passed.
[32m2026-04-07 14:04:11 +0000[0m - dagster - [34mDEBUG[0m - __ASSET_JOB - e0ff3173-80a4-4b77-9c24-0d3310d6544c - 521951 - dbt_marts - STEP_OUTPUT - Yielded output "fct_movie_quality_dbt_utils_expression_is_true_fct_movie_quality_imdb_rating__between_0_and_10" of type "Any". (Type check passed).
[32m2026-04-07 14:04:11 +0000[0m - dagster - [34mDEBUG[0m - __ASSET_JOB - e0ff3173-80a4-4b77-9c24-0d3310d6544c - 521951 - dbt_marts - ASSET_CHECK_EVALUATION - Asset check 'dbt_utils_expression_is_true_fct_movie_quality_imdb_rating__between_0_and_10' on 'fct_movie_quality' passed.
[32m2026-04-07 14:04:11 +0000[0m - dagster - [34mDEBUG[0m - __ASSET_JOB - e0ff3173-80a4-4b77-9c24-0d3310d6544c - 521951 - dbt_marts - STEP_OUTPUT - Yielded output "fct_movie_quality_not_null_fct_movie_quality_movie_id" of type "Any". (Type check passed).
[32m2026-04-07 14:04:11 +0000[0m - dagster - [34mDEBUG[0m - __ASSET_JOB - e0ff3173-80a4-4b77-9c24-0d3310d6544c - 521951 - dbt_marts - ASSET_CHECK_EVALUATION - Asset check 'not_null_fct_movie_quality_movie_id' on 'fct_movie_quality' passed.
[32m2026-04-07 14:04:13 +0000[0m - dagster - [34mDEBUG[0m - __ASSET_JOB - e0ff3173-80a4-4b77-9c24-0d3310d6544c - 521951 - dbt_marts - STEP_OUTPUT - Yielded output "fct_movie_quality_relationships_fct_movie_quality_primary_genre_id__genre_id__ref_dim_genres_" of type "Any". (Type check passed).
[32m2026-04-07 14:04:13 +0000[0m - dagster - [34mDEBUG[0m - __ASSET_JOB - e0ff3173-80a4-4b77-9c24-0d3310d6544c - 521951 - dbt_marts - ASSET_CHECK_EVALUATION - Asset check 'relationships_fct_movie_quality_primary_genre_id__genre_id__ref_dim_genres_' on 'fct_movie_quality' passed.
[32m2026-04-07 14:04:14 +0000[0m - dagster - [34mDEBUG[0m - __ASSET_JOB - e0ff3173-80a4-4b77-9c24-0d3310d6544c - 521951 - dbt_marts - STEP_OUTPUT - Yielded output "fct_movie_quality_relationships_fct_movie_quality_movie_id__movie_id__ref_dim_movies_" of type "Any". (Type check passed).
[32m2026-04-07 14:04:14 +0000[0m - dagster - [34mDEBUG[0m - __ASSET_JOB - e0ff3173-80a4-4b77-9c24-0d3310d6544c - 521951 - dbt_marts - ASSET_CHECK_EVALUATION - Asset check 'relationships_fct_movie_quality_movie_id__movie_id__ref_dim_movies_' on 'fct_movie_quality' passed.
[32m2026-04-07 14:04:14 +0000[0m - dagster - [34mDEBUG[0m - __ASSET_JOB - e0ff3173-80a4-4b77-9c24-0d3310d6544c - 521951 - dbt_marts - STEP_OUTPUT - Yielded output "agg_top_movies_by_engagement_dbt_utils_expression_is_true_agg_top_movies_by_engagement_rank__between_1_and_10" of type "Any". (Type check passed).
[32m2026-04-07 14:04:14 +0000[0m - dagster - [34mDEBUG[0m - __ASSET_JOB - e0ff3173-80a4-4b77-9c24-0d3310d6544c - 521951 - dbt_marts - ASSET_CHECK_EVALUATION - Asset check 'dbt_utils_expression_is_true_agg_top_movies_by_engagement_rank__between_1_and_10' on 'agg_top_movies_by_engagement' passed.
[32m2026-04-07 14:04:15 +0000[0m - dagster - [34mDEBUG[0m - __ASSET_JOB - e0ff3173-80a4-4b77-9c24-0d3310d6544c - 521951 - dbt_marts - STEP_OUTPUT - Yielded output "agg_top_movies_by_engagement_dbt_utils_unique_combination_of_columns_agg_top_movies_by_engagement_month_start__rank" of type "Any". (Type check passed).
[32m2026-04-07 14:04:15 +0000[0m - dagster - [34mDEBUG[0m - __ASSET_JOB - e0ff3173-80a4-4b77-9c24-0d3310d6544c - 521951 - dbt_marts - ASSET_CHECK_EVALUATION - Asset check 'dbt_utils_unique_combination_of_columns_agg_top_movies_by_engagement_month_start__rank' on 'agg_top_movies_by_engagement' passed.
[32m2026-04-07 14:04:17 +0000[0m - dagster - [34mDEBUG[0m - __ASSET_JOB - e0ff3173-80a4-4b77-9c24-0d3310d6544c - 521951 - dbt_marts - STEP_OUTPUT - Yielded output "agg_top_movies_by_engagement_not_null_agg_top_movies_by_engagement_month_start" of type "Any". (Type check passed).
[32m2026-04-07 14:04:17 +0000[0m - dagster - [34mDEBUG[0m - __ASSET_JOB - e0ff3173-80a4-4b77-9c24-0d3310d6544c - 521951 - dbt_marts - ASSET_CHECK_EVALUATION - Asset check 'not_null_agg_top_movies_by_engagement_month_start' on 'agg_top_movies_by_engagement' passed.
[32m2026-04-07 14:04:16 +0000[0m - dagster - [34mDEBUG[0m - __ASSET_JOB - e0ff3173-80a4-4b77-9c24-0d3310d6544c - 521951 - dbt_marts - STEP_OUTPUT - Yielded output "agg_top_movies_by_engagement_not_null_agg_top_movies_by_engagement_movie_id" of type "Any". (Type check passed).
[32m2026-04-07 14:04:16 +0000[0m - dagster - [34mDEBUG[0m - __ASSET_JOB - e0ff3173-80a4-4b77-9c24-0d3310d6544c - 521951 - dbt_marts - ASSET_CHECK_EVALUATION - Asset check 'not_null_agg_top_movies_by_engagement_movie_id' on 'agg_top_movies_by_engagement' passed.
[32m2026-04-07 14:04:16 +0000[0m - dagster - [34mDEBUG[0m - __ASSET_JOB - e0ff3173-80a4-4b77-9c24-0d3310d6544c - 521951 - dbt_marts - STEP_OUTPUT - Yielded output "agg_top_movies_by_engagement_not_null_agg_top_movies_by_engagement_rank" of type "Any". (Type check passed).
[32m2026-04-07 14:04:17 +0000[0m - dagster - [34mDEBUG[0m - __ASSET_JOB - e0ff3173-80a4-4b77-9c24-0d3310d6544c - 521951 - dbt_marts - ASSET_CHECK_EVALUATION - Asset check 'not_null_agg_top_movies_by_engagement_rank' on 'agg_top_movies_by_engagement' passed.
[32m2026-04-07 14:04:17 +0000[0m - dagster - [34mDEBUG[0m - __ASSET_JOB - e0ff3173-80a4-4b77-9c24-0d3310d6544c - 521951 - dbt_marts - STEP_OUTPUT - Yielded output "agg_top_movies_by_engagement_relationships_agg_top_movies_by_engagement_movie_id__movie_id__ref_dim_movies_" of type "Any". (Type check passed).
[32m2026-04-07 14:04:17 +0000[0m - dagster - [34mDEBUG[0m - __ASSET_JOB - e0ff3173-80a4-4b77-9c24-0d3310d6544c - 521951 - dbt_marts - ASSET_CHECK_EVALUATION - Asset check 'relationships_agg_top_movies_by_engagement_movie_id__movie_id__ref_dim_movies_' on 'agg_top_movies_by_engagement' passed.
[32m2026-04-07 14:04:18 +0000[0m - dagster - [34mDEBUG[0m - __ASSET_JOB - e0ff3173-80a4-4b77-9c24-0d3310d6544c - 521951 - dbt_marts - STEP_OUTPUT - Yielded output "fct_movie_engagement_not_null_fct_movie_engagement_movie_id" of type "Any". (Type check passed).
[32m2026-04-07 14:04:18 +0000[0m - dagster - [34mDEBUG[0m - __ASSET_JOB - e0ff3173-80a4-4b77-9c24-0d3310d6544c - 521951 - dbt_marts - ASSET_CHECK_EVALUATION - Asset check 'not_null_fct_movie_engagement_movie_id' on 'fct_movie_engagement' passed.
[32m2026-04-07 14:04:20 +0000[0m - dagster - [34mDEBUG[0m - __ASSET_JOB - e0ff3173-80a4-4b77-9c24-0d3310d6544c - 521951 - dbt_marts - STEP_OUTPUT - Yielded output "fct_movie_engagement_relationships_fct_movie_engagement_primary_country_id__country_key__ref_dim_country_" of type "Any". (Type check passed).
[32m2026-04-07 14:04:20 +0000[0m - dagster - [34mDEBUG[0m - __ASSET_JOB - e0ff3173-80a4-4b77-9c24-0d3310d6544c - 521951 - dbt_marts - ASSET_CHECK_EVALUATION - Asset check 'relationships_fct_movie_engagement_primary_country_id__country_key__ref_dim_country_' on 'fct_movie_engagement' passed.
[32m2026-04-07 14:04:20 +0000[0m - dagster - [34mDEBUG[0m - __ASSET_JOB - e0ff3173-80a4-4b77-9c24-0d3310d6544c - 521951 - dbt_marts - STEP_OUTPUT - Yielded output "fct_movie_engagement_relationships_fct_movie_engagement_primary_genre_id__genre_id__ref_dim_genres_" of type "Any". (Type check passed).
[32m2026-04-07 14:04:20 +0000[0m - dagster - [34mDEBUG[0m - __ASSET_JOB - e0ff3173-80a4-4b77-9c24-0d3310d6544c - 521951 - dbt_marts - ASSET_CHECK_EVALUATION - Asset check 'relationships_fct_movie_engagement_primary_genre_id__genre_id__ref_dim_genres_' on 'fct_movie_engagement' passed.
[32m2026-04-07 14:04:20 +0000[0m - dagster - [34mDEBUG[0m - __ASSET_JOB - e0ff3173-80a4-4b77-9c24-0d3310d6544c - 521951 - dbt_marts - STEP_OUTPUT - Yielded output "fct_movie_engagement_relationships_fct_movie_engagement_primary_director_id__director_id__ref_dim_directors_" of type "Any". (Type check passed).
[32m2026-04-07 14:04:21 +0000[0m - dagster - [34mDEBUG[0m - __ASSET_JOB - e0ff3173-80a4-4b77-9c24-0d3310d6544c - 521951 - dbt_marts - ASSET_CHECK_EVALUATION - Asset check 'relationships_fct_movie_engagement_primary_director_id__director_id__ref_dim_directors_' on 'fct_movie_engagement' passed.
[32m2026-04-07 14:04:22 +0000[0m - dagster - [34mDEBUG[0m - __ASSET_JOB - e0ff3173-80a4-4b77-9c24-0d3310d6544c - 521951 - dbt_marts - STEP_OUTPUT - Yielded output "fct_movie_engagement_relationships_fct_movie_engagement_primary_language_id__language_id__ref_dim_languages_" of type "Any". (Type check passed).
[32m2026-04-07 14:04:22 +0000[0m - dagster - [34mDEBUG[0m - __ASSET_JOB - e0ff3173-80a4-4b77-9c24-0d3310d6544c - 521951 - dbt_marts - ASSET_CHECK_EVALUATION - Asset check 'relationships_fct_movie_engagement_primary_language_id__language_id__ref_dim_languages_' on 'fct_movie_engagement' passed.
[32m2026-04-07 14:04:23 +0000[0m - dagster - [34mDEBUG[0m - __ASSET_JOB - e0ff3173-80a4-4b77-9c24-0d3310d6544c - 521951 - dbt_marts - STEP_OUTPUT - Yielded output "fct_movie_engagement_relationships_fct_movie_engagement_primary_writer_id__writer_id__ref_dim_writers_" of type "Any". (Type check passed).
[32m2026-04-07 14:04:23 +0000[0m - dagster - [34mDEBUG[0m - __ASSET_JOB - e0ff3173-80a4-4b77-9c24-0d3310d6544c - 521951 - dbt_marts - ASSET_CHECK_EVALUATION - Asset check 'relationships_fct_movie_engagement_primary_writer_id__writer_id__ref_dim_writers_' on 'fct_movie_engagement' passed.
[32m2026-04-07 14:04:24 +0000[0m - dagster - [34mINFO[0m - __ASSET_JOB - e0ff3173-80a4-4b77-9c24-0d3310d6544c - dbt_marts - Finished dbt command: `/home/dksan/code/data-engineer/dagster-mflix/.venv/bin/dbt build --select marts.*`.
[32m2026-04-07 14:04:24 +0000[0m - dagster - [34mDEBUG[0m - __ASSET_JOB - e0ff3173-80a4-4b77-9c24-0d3310d6544c - 521951 - dbt_marts - STEP_SUCCESS - Finished execution of step "dbt_marts" in 1m29s.
