[32m2026-04-07 13:22:03 +0000[0m - dagster - [34mDEBUG[0m - __ASSET_JOB - 2e3934ae-a41d-46a1-9993-c2ea58a93c23 - 420982 - LOGS_CAPTURED - Started capturing logs in process (pid: 420982).
[32m2026-04-07 13:22:03 +0000[0m - dagster - [34mDEBUG[0m - __ASSET_JOB - 2e3934ae-a41d-46a1-9993-c2ea58a93c23 - 420982 - dbt_staging - STEP_START - Started execution of step "dbt_staging".
[32m2026-04-07 13:22:03 +0000[0m - dagster - [34mINFO[0m - __ASSET_JOB - 2e3934ae-a41d-46a1-9993-c2ea58a93c23 - dbt_staging - A dbt subsetted execution is not being performed. Using the default dbt selection arguments `['--select', 'staging.*']`.
[32m2026-04-07 13:22:08 +0000[0m - dagster - [34mINFO[0m - __ASSET_JOB - 2e3934ae-a41d-46a1-9993-c2ea58a93c23 - dbt_staging - Copying `/home/dksan/code/data-engineer/dagster-mflix/mflix_snowflake/target/partial_parse.msgpack` to `/home/dksan/code/data-engineer/dagster-mflix/mflix_snowflake/target/dbt_staging-2e3934a-6979283/partial_parse.msgpack` to take advantage of partial parsing.
[32m2026-04-07 13:22:08 +0000[0m - dagster - [34mINFO[0m - __ASSET_JOB - 2e3934ae-a41d-46a1-9993-c2ea58a93c23 - dbt_staging - Running dbt command: `/home/dksan/code/data-engineer/dagster-mflix/.venv/bin/dbt build --select staging.*`.
[32m2026-04-07 13:22:21 +0000[0m - dagster - [34mDEBUG[0m - __ASSET_JOB - 2e3934ae-a41d-46a1-9993-c2ea58a93c23 - 420982 - dbt_staging - STEP_OUTPUT - Yielded output "stg_embedded_movies" of type "Nothing". (Type check passed).
[32m2026-04-07 13:22:21 +0000[0m - dagster - [34mDEBUG[0m - __ASSET_JOB - 2e3934ae-a41d-46a1-9993-c2ea58a93c23 - 420982 - dbt_staging - ASSET_MATERIALIZATION - Materialized value stg_embedded_movies.
[32m2026-04-07 13:22:21 +0000[0m - dagster - [34mDEBUG[0m - __ASSET_JOB - 2e3934ae-a41d-46a1-9993-c2ea58a93c23 - 420982 - dbt_staging - STEP_OUTPUT - Yielded output "stg_comments" of type "Nothing". (Type check passed).
[32m2026-04-07 13:22:21 +0000[0m - dagster - [34mDEBUG[0m - __ASSET_JOB - 2e3934ae-a41d-46a1-9993-c2ea58a93c23 - 420982 - dbt_staging - ASSET_MATERIALIZATION - Materialized value stg_comments.
[32m2026-04-07 13:22:21 +0000[0m - dagster - [34mDEBUG[0m - __ASSET_JOB - 2e3934ae-a41d-46a1-9993-c2ea58a93c23 - 420982 - dbt_staging - STEP_OUTPUT - Yielded output "stg_movie_cast" of type "Nothing". (Type check passed).
[32m2026-04-07 13:22:21 +0000[0m - dagster - [34mDEBUG[0m - __ASSET_JOB - 2e3934ae-a41d-46a1-9993-c2ea58a93c23 - 420982 - dbt_staging - ASSET_MATERIALIZATION - Materialized value stg_movie_cast.
[32m2026-04-07 13:22:21 +0000[0m - dagster - [34mDEBUG[0m - __ASSET_JOB - 2e3934ae-a41d-46a1-9993-c2ea58a93c23 - 420982 - dbt_staging - STEP_OUTPUT - Yielded output "stg_movie_countries" of type "Nothing". (Type check passed).
[32m2026-04-07 13:22:21 +0000[0m - dagster - [34mDEBUG[0m - __ASSET_JOB - 2e3934ae-a41d-46a1-9993-c2ea58a93c23 - 420982 - dbt_staging - ASSET_MATERIALIZATION - Materialized value stg_movie_countries.
[32m2026-04-07 13:22:25 +0000[0m - dagster - [34mDEBUG[0m - __ASSET_JOB - 2e3934ae-a41d-46a1-9993-c2ea58a93c23 - 420982 - dbt_staging - STEP_OUTPUT - Yielded output "stg_movie_genres" of type "Nothing". (Type check passed).
[32m2026-04-07 13:22:25 +0000[0m - dagster - [34mDEBUG[0m - __ASSET_JOB - 2e3934ae-a41d-46a1-9993-c2ea58a93c23 - 420982 - dbt_staging - ASSET_MATERIALIZATION - Materialized value stg_movie_genres.
[32m2026-04-07 13:22:25 +0000[0m - dagster - [34mDEBUG[0m - __ASSET_JOB - 2e3934ae-a41d-46a1-9993-c2ea58a93c23 - 420982 - dbt_staging - STEP_OUTPUT - Yielded output "stg_movie_languages" of type "Nothing". (Type check passed).
[32m2026-04-07 13:22:26 +0000[0m - dagster - [34mDEBUG[0m - __ASSET_JOB - 2e3934ae-a41d-46a1-9993-c2ea58a93c23 - 420982 - dbt_staging - ASSET_MATERIALIZATION - Materialized value stg_movie_languages.
[32m2026-04-07 13:22:26 +0000[0m - dagster - [34mDEBUG[0m - __ASSET_JOB - 2e3934ae-a41d-46a1-9993-c2ea58a93c23 - 420982 - dbt_staging - STEP_OUTPUT - Yielded output "stg_movie_directors" of type "Nothing". (Type check passed).
[32m2026-04-07 13:22:26 +0000[0m - dagster - [34mDEBUG[0m - __ASSET_JOB - 2e3934ae-a41d-46a1-9993-c2ea58a93c23 - 420982 - dbt_staging - ASSET_MATERIALIZATION - Materialized value stg_movie_directors.
[32m2026-04-07 13:22:26 +0000[0m - dagster - [34mDEBUG[0m - __ASSET_JOB - 2e3934ae-a41d-46a1-9993-c2ea58a93c23 - 420982 - dbt_staging - STEP_OUTPUT - Yielded output "stg_movie_writers" of type "Nothing". (Type check passed).
[32m2026-04-07 13:22:26 +0000[0m - dagster - [34mDEBUG[0m - __ASSET_JOB - 2e3934ae-a41d-46a1-9993-c2ea58a93c23 - 420982 - dbt_staging - ASSET_MATERIALIZATION - Materialized value stg_movie_writers.
[32m2026-04-07 13:22:26 +0000[0m - dagster - [34mINFO[0m - __ASSET_JOB - 2e3934ae-a41d-46a1-9993-c2ea58a93c23 - dbt_staging - Finished dbt command: `/home/dksan/code/data-engineer/dagster-mflix/.venv/bin/dbt build --select staging.*`.
[32m2026-04-07 13:22:26 +0000[0m - dagster - [34mDEBUG[0m - __ASSET_JOB - 2e3934ae-a41d-46a1-9993-c2ea58a93c23 - 420982 - dbt_staging - STEP_SUCCESS - Finished execution of step "dbt_staging" in 22.66s.
