[32m2026-04-07 10:59:11 +0000[0m - dagster - [34mDEBUG[0m - __ASSET_JOB - 1e1f01fc-1204-4f0a-bad6-fa99f0a60a41 - 80847 - LOGS_CAPTURED - Started capturing logs in process (pid: 80847).
[32m2026-04-07 10:59:11 +0000[0m - dagster - [34mDEBUG[0m - __ASSET_JOB - 1e1f01fc-1204-4f0a-bad6-fa99f0a60a41 - 80847 - dbt_marts - STEP_START - Started execution of step "dbt_marts".
[32m2026-04-07 10:59:11 +0000[0m - dagster - [34mINFO[0m - __ASSET_JOB - 1e1f01fc-1204-4f0a-bad6-fa99f0a60a41 - dbt_marts - A dbt subsetted execution is being performed. Overriding default dbt selection arguments `['--select', 'marts.*']` with arguments: `['mflix_snowflake.marts.fct_movie_engagement']`.
[32m2026-04-07 10:59:15 +0000[0m - dagster - [34mINFO[0m - __ASSET_JOB - 1e1f01fc-1204-4f0a-bad6-fa99f0a60a41 - dbt_marts - Copying `/home/dksan/code/data-engineer/dagster-mflix/mflix_snowflake/target/partial_parse.msgpack` to `/home/dksan/code/data-engineer/dagster-mflix/mflix_snowflake/target/dbt_marts-1e1f01f-8bbf830/partial_parse.msgpack` to take advantage of partial parsing.
[32m2026-04-07 10:59:15 +0000[0m - dagster - [34mINFO[0m - __ASSET_JOB - 1e1f01fc-1204-4f0a-bad6-fa99f0a60a41 - dbt_marts - Running dbt command: `/home/dksan/code/data-engineer/dagster-mflix/.venv/bin/dbt build --select mflix_snowflake.marts.fct_movie_engagement`.
[32m2026-04-07 10:59:28 +0000[0m - dagster - [34mDEBUG[0m - __ASSET_JOB - 1e1f01fc-1204-4f0a-bad6-fa99f0a60a41 - 80847 - dbt_marts - STEP_OUTPUT - Yielded output "fct_movie_engagement" of type "Nothing". (Type check passed).
[32m2026-04-07 10:59:28 +0000[0m - dagster - [34mDEBUG[0m - __ASSET_JOB - 1e1f01fc-1204-4f0a-bad6-fa99f0a60a41 - 80847 - dbt_marts - ASSET_MATERIALIZATION - Materialized value fct_movie_engagement.
[32m2026-04-07 10:59:31 +0000[0m - dagster - [34mDEBUG[0m - __ASSET_JOB - 1e1f01fc-1204-4f0a-bad6-fa99f0a60a41 - 80847 - dbt_marts - STEP_OUTPUT - Yielded output "fct_movie_engagement_not_null_fct_movie_engagement_movie_id" of type "Any". (Type check passed).
[32m2026-04-07 10:59:31 +0000[0m - dagster - [34mDEBUG[0m - __ASSET_JOB - 1e1f01fc-1204-4f0a-bad6-fa99f0a60a41 - 80847 - dbt_marts - ASSET_CHECK_EVALUATION - Asset check 'not_null_fct_movie_engagement_movie_id' on 'fct_movie_engagement' passed.
[32m2026-04-07 10:59:33 +0000[0m - dagster - [34mDEBUG[0m - __ASSET_JOB - 1e1f01fc-1204-4f0a-bad6-fa99f0a60a41 - 80847 - dbt_marts - STEP_OUTPUT - Yielded output "fct_movie_engagement_relationships_fct_movie_engagement_primary_country_id__country_key__ref_dim_country_" of type "Any". (Type check passed).
[32m2026-04-07 10:59:33 +0000[0m - dagster - [34mDEBUG[0m - __ASSET_JOB - 1e1f01fc-1204-4f0a-bad6-fa99f0a60a41 - 80847 - dbt_marts - ASSET_CHECK_EVALUATION - Asset check 'relationships_fct_movie_engagement_primary_country_id__country_key__ref_dim_country_' on 'fct_movie_engagement' passed.
[32m2026-04-07 10:59:36 +0000[0m - dagster - [34mDEBUG[0m - __ASSET_JOB - 1e1f01fc-1204-4f0a-bad6-fa99f0a60a41 - 80847 - dbt_marts - STEP_OUTPUT - Yielded output "fct_movie_engagement_relationships_fct_movie_engagement_primary_director_id__director_id__ref_dim_directors_" of type "Any". (Type check passed).
[32m2026-04-07 10:59:36 +0000[0m - dagster - [34mDEBUG[0m - __ASSET_JOB - 1e1f01fc-1204-4f0a-bad6-fa99f0a60a41 - 80847 - dbt_marts - ASSET_CHECK_EVALUATION - Asset check 'relationships_fct_movie_engagement_primary_director_id__director_id__ref_dim_directors_' on 'fct_movie_engagement' passed.
[32m2026-04-07 10:59:39 +0000[0m - dagster - [34mDEBUG[0m - __ASSET_JOB - 1e1f01fc-1204-4f0a-bad6-fa99f0a60a41 - 80847 - dbt_marts - STEP_OUTPUT - Yielded output "fct_movie_engagement_relationships_fct_movie_engagement_primary_genre_id__genre_id__ref_dim_genres_" of type "Any". (Type check passed).
[32m2026-04-07 10:59:39 +0000[0m - dagster - [34mDEBUG[0m - __ASSET_JOB - 1e1f01fc-1204-4f0a-bad6-fa99f0a60a41 - 80847 - dbt_marts - ASSET_CHECK_EVALUATION - Asset check 'relationships_fct_movie_engagement_primary_genre_id__genre_id__ref_dim_genres_' on 'fct_movie_engagement' passed.
[32m2026-04-07 10:59:42 +0000[0m - dagster - [34mDEBUG[0m - __ASSET_JOB - 1e1f01fc-1204-4f0a-bad6-fa99f0a60a41 - 80847 - dbt_marts - STEP_OUTPUT - Yielded output "fct_movie_engagement_relationships_fct_movie_engagement_primary_language_id__language_id__ref_dim_languages_" of type "Any". (Type check passed).
[32m2026-04-07 10:59:42 +0000[0m - dagster - [34mDEBUG[0m - __ASSET_JOB - 1e1f01fc-1204-4f0a-bad6-fa99f0a60a41 - 80847 - dbt_marts - ASSET_CHECK_EVALUATION - Asset check 'relationships_fct_movie_engagement_primary_language_id__language_id__ref_dim_languages_' on 'fct_movie_engagement' passed.
[32m2026-04-07 10:59:45 +0000[0m - dagster - [34mDEBUG[0m - __ASSET_JOB - 1e1f01fc-1204-4f0a-bad6-fa99f0a60a41 - 80847 - dbt_marts - STEP_OUTPUT - Yielded output "fct_movie_engagement_relationships_fct_movie_engagement_primary_writer_id__writer_id__ref_dim_writers_" of type "Any". (Type check passed).
[32m2026-04-07 10:59:45 +0000[0m - dagster - [34mDEBUG[0m - __ASSET_JOB - 1e1f01fc-1204-4f0a-bad6-fa99f0a60a41 - 80847 - dbt_marts - ASSET_CHECK_EVALUATION - Asset check 'relationships_fct_movie_engagement_primary_writer_id__writer_id__ref_dim_writers_' on 'fct_movie_engagement' passed.
[32m2026-04-07 10:59:45 +0000[0m - dagster - [34mINFO[0m - __ASSET_JOB - 1e1f01fc-1204-4f0a-bad6-fa99f0a60a41 - dbt_marts - Finished dbt command: `/home/dksan/code/data-engineer/dagster-mflix/.venv/bin/dbt build --select mflix_snowflake.marts.fct_movie_engagement`.
[32m2026-04-07 10:59:45 +0000[0m - dagster - [34mDEBUG[0m - __ASSET_JOB - 1e1f01fc-1204-4f0a-bad6-fa99f0a60a41 - 80847 - dbt_marts - STEP_SUCCESS - Finished execution of step "dbt_marts" in 35.32s.
