[32m2026-04-06 07:41:45 +0000[0m - dagster - [34mDEBUG[0m - __ASSET_JOB - d38c0f3e-de85-414c-b926-fe1bb21801b2 - 186774 - LOGS_CAPTURED - Started capturing logs in process (pid: 186774).
[32m2026-04-06 07:41:45 +0000[0m - dagster - [34mDEBUG[0m - __ASSET_JOB - d38c0f3e-de85-414c-b926-fe1bb21801b2 - 186774 - dbt_transform - STEP_START - Started execution of step "dbt_transform".
[32m2026-04-06 07:41:45 +0000[0m - dagster - [34mINFO[0m - __ASSET_JOB - d38c0f3e-de85-414c-b926-fe1bb21801b2 - dbt_transform - A dbt subsetted execution is being performed. Overriding default dbt selection arguments `['--select', 'fqn:*']` with arguments: `['mflix_snowflake.marts.dim_writers']`.
[32m2026-04-06 07:41:46 +0000[0m - dagster - [34mINFO[0m - __ASSET_JOB - d38c0f3e-de85-414c-b926-fe1bb21801b2 - dbt_transform - Copying `/home/dksan/code/data-engineer/dagster-mflix/mflix_snowflake/target/partial_parse.msgpack` to `/home/dksan/code/data-engineer/dagster-mflix/mflix_snowflake/target/dbt_transform-d38c0f3-ad44809/partial_parse.msgpack` to take advantage of partial parsing.
[32m2026-04-06 07:41:46 +0000[0m - dagster - [34mINFO[0m - __ASSET_JOB - d38c0f3e-de85-414c-b926-fe1bb21801b2 - dbt_transform - Running dbt command: `/home/dksan/code/data-engineer/dagster-mflix/.venv/bin/dbt build --select mflix_snowflake.marts.dim_writers`.
[32m2026-04-06 07:42:01 +0000[0m - dagster - [34mDEBUG[0m - __ASSET_JOB - d38c0f3e-de85-414c-b926-fe1bb21801b2 - 186774 - dbt_transform - STEP_OUTPUT - Yielded output "model_mflix_snowflake_dim_writers" of type "Nothing". (Type check passed).
[32m2026-04-06 07:42:01 +0000[0m - dagster - [34mDEBUG[0m - __ASSET_JOB - d38c0f3e-de85-414c-b926-fe1bb21801b2 - 186774 - dbt_transform - ASSET_MATERIALIZATION - Materialized value dim_writers.
[32m2026-04-06 07:42:04 +0000[0m - dagster - [34mDEBUG[0m - __ASSET_JOB - d38c0f3e-de85-414c-b926-fe1bb21801b2 - 186774 - dbt_transform - ASSET_CHECK_EVALUATION - DagsterEventType.ASSET_CHECK_EVALUATION for step dbt_transform
[32m2026-04-06 07:42:04 +0000[0m - dagster - [34mDEBUG[0m - __ASSET_JOB - d38c0f3e-de85-414c-b926-fe1bb21801b2 - 186774 - dbt_transform - STEP_OUTPUT - Yielded output "dim_writers_not_null_dim_writers_writer_id" of type "Any". (Type check passed).
[32m2026-04-06 07:42:09 +0000[0m - dagster - [34mDEBUG[0m - __ASSET_JOB - d38c0f3e-de85-414c-b926-fe1bb21801b2 - 186774 - dbt_transform - ASSET_CHECK_EVALUATION - DagsterEventType.ASSET_CHECK_EVALUATION for step dbt_transform
[32m2026-04-06 07:42:09 +0000[0m - dagster - [34mDEBUG[0m - __ASSET_JOB - d38c0f3e-de85-414c-b926-fe1bb21801b2 - 186774 - dbt_transform - STEP_OUTPUT - Yielded output "dim_writers_not_null_dim_writers_writer_name" of type "Any". (Type check passed).
[32m2026-04-06 07:42:12 +0000[0m - dagster - [34mDEBUG[0m - __ASSET_JOB - d38c0f3e-de85-414c-b926-fe1bb21801b2 - 186774 - dbt_transform - ASSET_CHECK_EVALUATION - DagsterEventType.ASSET_CHECK_EVALUATION for step dbt_transform
[32m2026-04-06 07:42:12 +0000[0m - dagster - [34mDEBUG[0m - __ASSET_JOB - d38c0f3e-de85-414c-b926-fe1bb21801b2 - 186774 - dbt_transform - STEP_OUTPUT - Yielded output "dim_writers_unique_dim_writers_writer_id" of type "Any". (Type check passed).
[32m2026-04-06 07:42:15 +0000[0m - dagster - [34mWARNING[0m - __ASSET_JOB - d38c0f3e-de85-414c-b926-fe1bb21801b2 - dbt_transform - Logging an `AssetObservation` instead of an `AssetCheckResult` for dbt test `relationships_fct_movie_engagement_primary_writer_id__writer_id__ref_dim_writers_`.

This test was included in Dagster's asset check selection, and was likely executed due to dbt indirect selection.
[32m2026-04-06 07:42:15 +0000[0m - dagster - [34mDEBUG[0m - __ASSET_JOB - d38c0f3e-de85-414c-b926-fe1bb21801b2 - 186774 - dbt_transform - ASSET_OBSERVATION - DagsterEventType.ASSET_OBSERVATION for step dbt_transform
[32m2026-04-06 07:42:15 +0000[0m - dagster - [34mDEBUG[0m - __ASSET_JOB - d38c0f3e-de85-414c-b926-fe1bb21801b2 - 186774 - dbt_transform - ASSET_OBSERVATION - DagsterEventType.ASSET_OBSERVATION for step dbt_transform
[32m2026-04-06 07:42:16 +0000[0m - dagster - [34mINFO[0m - __ASSET_JOB - d38c0f3e-de85-414c-b926-fe1bb21801b2 - dbt_transform - Finished dbt command: `/home/dksan/code/data-engineer/dagster-mflix/.venv/bin/dbt build --select mflix_snowflake.marts.dim_writers`.
[32m2026-04-06 07:42:16 +0000[0m - dagster - [34mERROR[0m - [31m__ASSET_JOB - d38c0f3e-de85-414c-b926-fe1bb21801b2 - 186774 - dbt_transform - STEP_FAILURE - Execution of step "dbt_transform" failed.

dagster_dbt.errors.DagsterDbtCliRuntimeError: The dbt CLI process with command

`/home/dksan/code/data-engineer/dagster-mflix/.venv/bin/dbt build --select mflix_snowflake.marts.dim_writers`

failed with exit code `1`. Check the stdout in the Dagster compute logs for the full information about the error, or view the dbt debug log: /home/dksan/code/data-engineer/dagster-mflix/mflix_snowflake/target/dbt_transform-d38c0f3-ad44809/dbt.log.

Errors parsed from dbt logs:

  Database Error in test relationships_fct_movie_engagement_primary_writer_id__writer_id__ref_dim_writers_ (models/marts/schema.yml)
  000904 (42000): SQL compilation error: error line 11 at position 11
  invalid identifier 'PRIMARY_WRITER_ID'
  compiled code at target/dbt_transform-d38c0f3-ad44809/run/mflix_snowflake/models/marts/schema.yml/relationships_fct_movie_engage_b544648827ff7c6815b3bcaa18c6b9c4.sql

Stack Trace:
  File "/home/dksan/code/data-engineer/dagster-mflix/.venv/lib/python3.11/site-packages/dagster/_core/execution/plan/execute_plan.py", line 282, in dagster_event_sequence_for_step
    for step_event in check.generator(step_events):
  File "/home/dksan/code/data-engineer/dagster-mflix/.venv/lib/python3.11/site-packages/dagster/_core/execution/plan/execute_step.py", line 525, in core_dagster_event_sequence_for_step
    for user_event in _step_output_error_checked_user_event_sequence(
  File "/home/dksan/code/data-engineer/dagster-mflix/.venv/lib/python3.11/site-packages/dagster/_core/execution/plan/execute_step.py", line 203, in _step_output_error_checked_user_event_sequence
    for user_event in user_event_sequence:
  File "/home/dksan/code/data-engineer/dagster-mflix/.venv/lib/python3.11/site-packages/dagster/_core/execution/plan/execute_step.py", line 100, in _process_asset_results_to_events
    for user_event in user_event_sequence:
  File "/home/dksan/code/data-engineer/dagster-mflix/.venv/lib/python3.11/site-packages/dagster/_core/execution/plan/compute.py", line 208, in execute_core_compute
    for step_output in _yield_compute_results(step_context, inputs, compute_fn, compute_context):
  File "/home/dksan/code/data-engineer/dagster-mflix/.venv/lib/python3.11/site-packages/dagster/_core/execution/plan/compute.py", line 177, in _yield_compute_results
    for event in iterate_with_context(
  File "/home/dksan/code/data-engineer/dagster-mflix/.venv/lib/python3.11/site-packages/dagster/_utils/__init__.py", line 468, in iterate_with_context
    next_output = next(iterator)
                  ^^^^^^^^^^^^^^
  File "/home/dksan/code/data-engineer/dagster-mflix/dagster_mflix/assets/dbt_transform.py", line 9, in dbt_transform
    yield from dbt.cli(["build"],context=context).stream()
  File "/home/dksan/code/data-engineer/dagster-mflix/.venv/lib/python3.11/site-packages/dagster_dbt/core/resources_v2.py", line 874, in __next__
    return next(self._inner_iterator)
           ^^^^^^^^^^^^^^^^^^^^^^^^^^
  File "/home/dksan/code/data-engineer/dagster-mflix/.venv/lib/python3.11/site-packages/dagster_dbt/core/resources_v2.py", line 663, in _stream_asset_events
    for event in self.stream_raw_events():
  File "/home/dksan/code/data-engineer/dagster-mflix/.venv/lib/python3.11/site-packages/dagster_dbt/core/resources_v2.py", line 757, in stream_raw_events
    self._raise_on_error()
  File "/home/dksan/code/data-engineer/dagster-mflix/.venv/lib/python3.11/site-packages/dagster_dbt/core/resources_v2.py", line 847, in _raise_on_error
    raise DagsterDbtCliRuntimeError(
[0m
