Running with dbt=1.8.8
Registered adapter: snowflake=1.8.4
Found 18 models, 27 data tests, 8 sources, 570 macros

Concurrency: 1 threads (target='dev')

1 of 5 START sql table model dbt_schema.dim_writers ............................ [RUN]
1 of 5 OK created sql table model dbt_schema.dim_writers ....................... [[32mSUCCESS 1[0m in 6.47s]
2 of 5 START test not_null_dim_writers_writer_id ............................... [RUN]
2 of 5 PASS not_null_dim_writers_writer_id ..................................... [[32mPASS[0m in 3.36s]
3 of 5 START test not_null_dim_writers_writer_name ............................. [RUN]
3 of 5 PASS not_null_dim_writers_writer_name ................................... [[32mPASS[0m in 4.52s]
4 of 5 START test unique_dim_writers_writer_id ................................. [RUN]
4 of 5 PASS unique_dim_writers_writer_id ....................................... [[32mPASS[0m in 3.25s]
5 of 5 START test relationships_fct_movie_engagement_primary_writer_id__writer_id__ref_dim_writers_  [RUN]
5 of 5 ERROR relationships_fct_movie_engagement_primary_writer_id__writer_id__ref_dim_writers_  [[31mERROR[0m in 3.26s]

Finished running 1 table model, 4 data tests in 0 hours 0 minutes and 28.18 seconds (28.18s).

[31mCompleted with 1 error and 0 warnings:[0m

  Database Error in test relationships_fct_movie_engagement_primary_writer_id__writer_id__ref_dim_writers_ (models/marts/schema.yml)
  000904 (42000): SQL compilation error: error line 11 at position 11
  invalid identifier 'PRIMARY_WRITER_ID'
  compiled code at target/dbt_transform-d38c0f3-ad44809/run/mflix_snowflake/models/marts/schema.yml/relationships_fct_movie_engage_b544648827ff7c6815b3bcaa18c6b9c4.sql

Done. PASS=4 WARN=0 ERROR=1 SKIP=0 TOTAL=5
